Component: ARM Compiler 5.06 update 6 (build 750) Tool: armlink [4d35ed]

==============================================================================

Section Cross References

    main.o(i.HAL_TIM_PeriodElapsedCallback) refers to stm32f7xx_hal.o(i.HAL_IncTick) for HAL_IncTick
    main.o(i.HAL_TIM_PeriodElapsedCallback) refers to delay.o(.data) for delaytime
    main.o(i.HAL_TIM_PeriodElapsedCallback) refers to tim.o(.bss) for htim6
    main.o(i.SystemClock_Config) refers to memseta.o(.text) for __aeabi_memclr4
    main.o(i.SystemClock_Config) refers to stm32f7xx_hal_rcc.o(i.HAL_RCC_OscConfig) for HAL_RCC_OscConfig
    main.o(i.SystemClock_Config) refers to main.o(i.Error_Handler) for Error_Handler
    main.o(i.SystemClock_Config) refers to stm32f7xx_hal_pwr_ex.o(i.HAL_PWREx_EnableOverDrive) for HAL_PWREx_EnableOverDrive
    main.o(i.SystemClock_Config) refers to stm32f7xx_hal_rcc.o(i.HAL_RCC_ClockConfig) for HAL_RCC_ClockConfig
    main.o(i.SystemClock_Config) refers to stm32f7xx_hal_rcc_ex.o(i.HAL_RCCEx_PeriphCLKConfig) for HAL_RCCEx_PeriphCLKConfig
    main.o(i.main) refers to stm32f7xx_hal.o(i.HAL_Init) for HAL_Init
    main.o(i.main) refers to stm32f7xx_hal.o(i.HAL_DeInit) for HAL_DeInit
    main.o(i.main) refers to main.o(i.SystemClock_Config) for SystemClock_Config
    main.o(i.main) refers to gpio.o(i.MX_GPIO_Init) for MX_GPIO_Init
    main.o(i.main) refers to dma.o(i.MX_DMA_Init) for MX_DMA_Init
    main.o(i.main) refers to tim.o(i.MX_TIM6_Init) for MX_TIM6_Init
    main.o(i.main) refers to usart.o(i.MX_UART5_Init) for MX_UART5_Init
    main.o(i.main) refers to usart.o(i.MX_UART7_Init) for MX_UART7_Init
    main.o(i.main) refers to usart.o(i.MX_UART8_Init) for MX_UART8_Init
    main.o(i.main) refers to usart.o(i.MX_USART2_UART_Init) for MX_USART2_UART_Init
    main.o(i.main) refers to usart.o(i.MX_USART3_UART_Init) for MX_USART3_UART_Init
    main.o(i.main) refers to usart.o(i.MX_USART6_UART_Init) for MX_USART6_UART_Init
    main.o(i.main) refers to usart.o(i.MX_USART1_UART_Init) for MX_USART1_UART_Init
    main.o(i.main) refers to tim.o(i.MX_TIM4_Init) for MX_TIM4_Init
    main.o(i.main) refers to tim.o(i.MX_TIM3_Init) for MX_TIM3_Init
    main.o(i.main) refers to freertos.o(i.MX_FREERTOS_Init) for MX_FREERTOS_Init
    main.o(i.main) refers to cmsis_os.o(i.osKernelStart) for osKernelStart
    gpio.o(i.MX_GPIO_Init) refers to memseta.o(.text) for __aeabi_memclr4
    gpio.o(i.MX_GPIO_Init) refers to stm32f7xx_hal_gpio.o(i.HAL_GPIO_WritePin) for HAL_GPIO_WritePin
    gpio.o(i.MX_GPIO_Init) refers to stm32f7xx_hal_gpio.o(i.HAL_GPIO_Init) for HAL_GPIO_Init
    freertos.o(i.MX_FREERTOS_Init) refers to memcpya.o(.text) for __aeabi_memcpy4
    freertos.o(i.MX_FREERTOS_Init) refers to cmsis_os.o(i.osThreadCreate) for osThreadCreate
    freertos.o(i.MX_FREERTOS_Init) refers to start_task.o(i.Start_Task_Create) for Start_Task_Create
    freertos.o(i.MX_FREERTOS_Init) refers to freertos.o(.constdata) for .constdata
    freertos.o(i.MX_FREERTOS_Init) refers to freertos.o(.data) for defaultTaskHandle
    freertos.o(i.StartDefaultTask) refers to cmsis_os.o(i.osDelay) for osDelay
    freertos.o(i.vApplicationGetIdleTaskMemory) refers to freertos.o(.bss) for xIdleTaskTCBBuffer
    freertos.o(.constdata) refers to freertos.o(.conststring) for .conststring
    freertos.o(.constdata) refers to freertos.o(i.StartDefaultTask) for StartDefaultTask
    dma.o(i.MX_DMA_Init) refers to stm32f7xx_hal_cortex.o(i.HAL_NVIC_SetPriority) for HAL_NVIC_SetPriority
    dma.o(i.MX_DMA_Init) refers to stm32f7xx_hal_cortex.o(i.HAL_NVIC_EnableIRQ) for HAL_NVIC_EnableIRQ
    tim.o(i.HAL_TIM_Base_MspDeInit) refers to stm32f7xx_hal_cortex.o(i.HAL_NVIC_DisableIRQ) for HAL_NVIC_DisableIRQ
    tim.o(i.HAL_TIM_Base_MspInit) refers to stm32f7xx_hal_cortex.o(i.HAL_NVIC_SetPriority) for HAL_NVIC_SetPriority
    tim.o(i.HAL_TIM_Base_MspInit) refers to stm32f7xx_hal_cortex.o(i.HAL_NVIC_EnableIRQ) for HAL_NVIC_EnableIRQ
    tim.o(i.HAL_TIM_MspPostInit) refers to memseta.o(.text) for __aeabi_memclr4
    tim.o(i.HAL_TIM_MspPostInit) refers to stm32f7xx_hal_gpio.o(i.HAL_GPIO_Init) for HAL_GPIO_Init
    tim.o(i.MX_TIM3_Init) refers to memseta.o(.text) for __aeabi_memclr4
    tim.o(i.MX_TIM3_Init) refers to stm32f7xx_hal_tim.o(i.HAL_TIM_PWM_Init) for HAL_TIM_PWM_Init
    tim.o(i.MX_TIM3_Init) refers to main.o(i.Error_Handler) for Error_Handler
    tim.o(i.MX_TIM3_Init) refers to stm32f7xx_hal_tim_ex.o(i.HAL_TIMEx_MasterConfigSynchronization) for HAL_TIMEx_MasterConfigSynchronization
    tim.o(i.MX_TIM3_Init) refers to stm32f7xx_hal_tim.o(i.HAL_TIM_PWM_ConfigChannel) for HAL_TIM_PWM_ConfigChannel
    tim.o(i.MX_TIM3_Init) refers to tim.o(i.HAL_TIM_MspPostInit) for HAL_TIM_MspPostInit
    tim.o(i.MX_TIM3_Init) refers to tim.o(.bss) for htim3
    tim.o(i.MX_TIM4_Init) refers to memseta.o(.text) for __aeabi_memclr4
[...]
    M8010_Set_Zero                           0x08006719   Thumb Code    46  go-m8010-6.o(i.M8010_Set_Zero)
    M8010_init                               0x08006755   Thumb Code    44  go-m8010-6.o(i.M8010_init)
    M8010_send                               0x0800678d   Thumb Code   536  go-m8010-6.o(i.M8010_send)
    MOTOR_Init                               0x080069f9   Thumb Code   194  motor.o(i.MOTOR_Init)
    MX_DMA_Init                              0x08006b05   Thumb Code    96  dma.o(i.MX_DMA_Init)
    MX_FREERTOS_Init                         0x08006b69   Thumb Code    34  freertos.o(i.MX_FREERTOS_Init)
    MX_GPIO_Init                             0x08006b95   Thumb Code   268  gpio.o(i.MX_GPIO_Init)
    MX_TIM3_Init                             0x08006cb1   Thumb Code   118  tim.o(i.MX_TIM3_Init)
    MX_TIM4_Init                             0x08006d31   Thumb Code   134  tim.o(i.MX_TIM4_Init)
    MX_TIM6_Init                             0x08006dc1   Thumb Code    68  tim.o(i.MX_TIM6_Init)
    MX_UART5_Init                            0x08006e0d   Thumb Code    56  usart.o(i.MX_UART5_Init)
    MX_UART7_Init                            0x08006e4d   Thumb Code    56  usart.o(i.MX_UART7_Init)
    MX_UART8_Init                            0x08006e8d   Thumb Code    54  usart.o(i.MX_UART8_Init)
    MX_USART1_UART_Init                      0x08006ed1   Thumb Code    56  usart.o(i.MX_USART1_UART_Init)
    MX_USART2_UART_Init                      0x08006f11   Thumb Code    56  usart.o(i.MX_USART2_UART_Init)
    MX_USART3_UART_Init                      0x08006f51   Thumb Code    56  usart.o(i.MX_USART3_UART_Init)
    MX_USART6_UART_Init                      0x08006f91   Thumb Code    56  usart.o(i.MX_USART6_UART_Init)
    MY_UART7_IRQHandler                      0x08006fd1   Thumb Code    98  postion_control.o(i.MY_UART7_IRQHandler)
    Main_Task_create                         0x08007059   Thumb Code    26  main_task.o(i.Main_Task_create)
    MemManage_Handler                        0x08007089   Thumb Code     4  stm32f7xx_it.o(i.MemManage_Handler)
    Motor_Action_Calculate_target            0x0800708d   Thumb Code    62  motor.o(i.Motor_Action_Calculate_target)
    Motor_ReadPulseSnapshot                  0x08007169   Thumb Code    78  motor.o(i.Motor_ReadPulseSnapshot)
    Motor_Send_Speed_together                0x080071c1   Thumb Code   206  motor.o(i.Motor_Send_Speed_together)
    Motor_setspeed                           0x080072a1   Thumb Code    42  motor.o(i.Motor_setspeed)
    Motor_setspeed_fine                      0x080072cb   Thumb Code    42  motor.o(i.Motor_setspeed_fine)
    NMI_Handler                              0x080073f5   Thumb Code     4  stm32f7xx_it.o(i.NMI_Handler)
    PID_Compute                              0x080073f9   Thumb Code   190  pid.o(i.PID_Compute)
    PID_Init                                 0x080074b9   Thumb Code    54  pid.o(i.PID_Init)
    POSTION_init                             0x080074f9   Thumb Code    22  postion_control.o(i.POSTION_init)
    QR_sense_init                            0x08007515   Thumb Code    36  qr_code.o(i.QR_sense_init)
    Route_Path1_StartToQR                    0x080077e9   Thumb Code   114  task_flow.o(i.Route_Path1_StartToQR)
    Route_Path2_QRToTurntable                0x08007879   Thumb Code    74  task_flow.o(i.Route_Path2_QRToTurntable)
    Route_Path3_TurntableToProcessing        0x080078dd   Thumb Code   186  task_flow.o(i.Route_Path3_TurntableToProcessing)
    Route_Path4_ProcessingToNext             0x080079c5   Thumb Code   202  task_flow.o(i.Route_Path4_ProcessingToNext)
    Route_Path5_StorageToTurntable           0x08007acd   Thumb Code   190  task_flow.o(i.Route_Path5_StorageToTurntable)
    Route_Path6_StorageToHome                0x08007bd1   Thumb Code   204  task_flow.o(i.Route_Path6_StorageToHome)
    Send_motor_together                      0x08007ced   Thumb Code    30  motor.o(i.Send_motor_together)
    Set_Circle_Center                        0x08007d11   Thumb Code    10  circe.o(i.Set_Circle_Center)
    StartDefaultTask                         0x08007d25   Thumb Code    10  freertos.o(i.StartDefaultTask)
    Start_Task                               0x08007d31   Thumb Code    30  start_task.o(i.Start_Task)
    Start_Task_Create                        0x08007d55   Thumb Code    26  start_task.o(i.Start_Task_Create)
    SysTick_Handler                          0x08007d85   Thumb Code    50  port.o(i.SysTick_Handler)
    SystemClock_Config                       0x08007dbd   Thumb Code   212  main.o(i.SystemClock_Config)
    SystemInit                               0x08007e99   Thumb Code    14  system_stm32f7xx.o(i.SystemInit)
    TIM6_DAC_IRQHandler                      0x08007ead   Thumb Code    10  stm32f7xx_it.o(i.TIM6_DAC_IRQHandler)
    TIM8_TRG_COM_TIM14_IRQHandler            0x08007ebd   Thumb Code    10  stm32f7xx_it.o(i.TIM8_TRG_COM_TIM14_IRQHandler)
    TIM_Base_SetConfig                       0x08007ecd   Thumb Code   170  stm32f7xx_hal_tim.o(i.TIM_Base_SetConfig)
    TIM_CCxChannelCmd                        0x08007fa5   Thumb Code    34  stm32f7xx_hal_tim.o(i.TIM_CCxChannelCmd)
    TIM_OC2_SetConfig                        0x0800803d   Thumb Code   114  stm32f7xx_hal_tim.o(i.TIM_OC2_SetConfig)
    TaskFlow_RingLocateOne                   0x080082d1   Thumb Code   788  task_flow.o(i.TaskFlow_RingLocateOne)
    Telescopic_Init                          0x08008649   Thumb Code    38  telescopic_boom.o(i.Telescopic_Init)
    U2_send                                  0x08008685   Thumb Code    48  imu.o(i.U2_send)
    U3_data_processing                       0x080086bd   Thumb Code    82  motor.o(i.U3_data_processing)
    U5_send                                  0x08008829   Thumb Code    46  qr_code.o(i.U5_send)
    U6_send                                  0x080088e5   Thumb Code    48  circe.o(i.U6_send)
    UART3_ErrorHandler                       0x080089ad   Thumb Code    28  motor.o(i.UART3_ErrorHandler)
    UART3_RxEventHandler                     0x080089d5   Thumb Code    68  motor.o(i.UART3_RxEventHandler)
    UART3_RxRestart                          0x08008a29   Thumb Code   120  motor.o(i.UART3_RxRestart)
    UART5_IRQHandler                         0x08008ab1   Thumb Code   350  qr_code.o(i.UART5_IRQHandler)
    UART7_IRQHandler                         0x08008c41   Thumb Code    10  stm32f7xx_it.o(i.UART7_IRQHandler)
    UART7_RxRestart                          0x08008c51   Thumb Code   120  postion_control.o(i.UART7_RxRestart)
    UART8_IRQHandler                         0x08008cd9   Thumb Code   294  go-m8010-6.o(i.UART8_IRQHandler)
    UART_AdvFeatureConfig                    0x08008e31   Thumb Code   248  stm32f7xx_hal_uart.o(i.UART_AdvFeatureConfig)
    UART_CheckIdleState                      0x08008f29   Thumb Code    76  stm32f7xx_hal_uart.o(i.UART_CheckIdleState)
    UART_SetConfig                           0x080091c5   Thumb Code   782  stm32f7xx_hal_uart.o(i.UART_SetConfig)
    UART_Start_Receive_DMA                   0x08009501   Thumb Code   198  stm32f7xx_hal_uart.o(i.UART_Start_Receive_DMA)
    UART_WaitOnFlagUntilTimeout              0x080095d5   Thumb Code   248  stm32f7xx_hal_uart.o(i.UART_WaitOnFlagUntilTimeout)
    USART2_IRQHandler                        0x080096cd   Thumb Code    62  imu.o(i.USART2_IRQHandler)
    USART3_IRQHandler                        0x08009711   Thumb Code    10  stm32f7xx_it.o(i.USART3_IRQHandler)
    USART6_IRQHandler                        0x08009721   Thumb Code   132  circe.o(i.USART6_IRQHandler)
    USART6_readdata_SeetZero                 0x080097b9   Thumb Code    38  circe.o(i.USART6_readdata_SeetZero)
    UsageFault_Handler                       0x080097f5   Thumb Code     4  stm32f7xx_it.o(i.UsageFault_Handler)
    Vision_GetMaterialTarget                 0x08009835   Thumb Code    18  circe.o(i.Vision_GetMaterialTarget)
    Vision_GetRingTarget                     0x08009847   Thumb Code    18  circe.o(i.Vision_GetRingTarget)
    Vision_GetTarget                         0x08009871   Thumb Code    66  circe.o(i.Vision_GetTarget)
    Vision_LED_Off                           0x080098b3   Thumb Code    10  circe.o(i.Vision_LED_Off)
    Vision_LED_On                            0x080098bd   Thumb Code    10  circe.o(i.Vision_LED_On)
    Vision_Receive_Init                      0x080098d5   Thumb Code    18  circe.o(i.Vision_Receive_Init)
    Vision_SetLED                            0x080098ed   Thumb Code    20  circe.o(i.Vision_SetLED)
    Vision_SetMode                           0x08009901   Thumb Code    40  circe.o(i.Vision_SetMode)
    Vision_StartMaterial                     0x08009931   Thumb Code    10  circe.o(i.Vision_StartMaterial)
    Vision_StartRing                         0x0800993b   Thumb Code    10  circe.o(i.Vision_StartRing)
    Vision_Stop                              0x08009945   Thumb Code    10  circe.o(i.Vision_Stop)
    YZ_SetZero                               0x080099fd   Thumb Code    74  postion_control.o(i.YZ_SetZero)
    Y_InitMoveSigned                         0x08009a51   Thumb Code   126  postion_control.o(i.Y_InitMoveSigned)
    Y_SetLength                              0x08009add   Thumb Code   108  postion_control.o(i.Y_SetLength)
    Yaw_DriftCorrect                         0x08009b55   Thumb Code    10  imu_control.o(i.Yaw_DriftCorrect)
    Yuanpanji_PrepareDetectPose              0x08009f01   Thumb Code    36  action_control.o(i.Yuanpanji_PrepareDetectPose)
    Z_InitMoveSigned                         0x0800a031   Thumb Code   158  postion_control.o(i.Z_InitMoveSigned)
    Z_SetHeight                              0x0800a0e1   Thumb Code   190  postion_control.o(i.Z_SetHeight)
    __0snprintf                              0x0800a1c5   Thumb Code    44  printfa.o(i.__0snprintf)
    __1snprintf                              0x0800a1c5   Thumb Code     0  printfa.o(i.__0snprintf)
    __2snprintf                              0x0800a1c5   Thumb Code     0  printfa.o(i.__0snprintf)
    __c89snprintf                            0x0800a1c5   Thumb Code     0  printfa.o(i.__0snprintf)
    snprintf                                 0x0800a1c5   Thumb Code     0  printfa.o(i.__0snprintf)
    __0vsnprintf                             0x0800a1f5   Thumb Code    40  printfa.o(i.__0vsnprintf)
    __1vsnprintf                             0x0800a1f5   Thumb Code     0  printfa.o(i.__0vsnprintf)
    __2vsnprintf                             0x0800a1f5   Thumb Code     0  printfa.o(i.__0vsnprintf)
    __c89vsnprintf                           0x0800a1f5   Thumb Code     0  printfa.o(i.__0vsnprintf)
    vsnprintf                                0x0800a1f5   Thumb Code     0  printfa.o(i.__0vsnprintf)
    __ARM_fpclassifyf                        0x0800a221   Thumb Code    38  fpclassifyf.o(i.__ARM_fpclassifyf)
    __hardfp_cosf                            0x0800a281   Thumb Code   280  cosf.o(i.__hardfp_cosf)
    __hardfp_sinf                            0x0800a3d1   Thumb Code   344  sinf.o(i.__hardfp_sinf)
    __mathlib_flt_infnan                     0x0800a561   Thumb Code     6  funder.o(i.__mathlib_flt_infnan)
    __mathlib_flt_invalid                    0x0800a569   Thumb Code    10  funder.o(i.__mathlib_flt_invalid)
    __mathlib_flt_underflow                  0x0800a579   Thumb Code    10  funder.o(i.__mathlib_flt_underflow)
    __mathlib_rredf2                         0x0800a589   Thumb Code   316  rredf.o(i.__mathlib_rredf2)
    __scatterload_copy                       0x0800a6dd   Thumb Code    14  handlers.o(i.__scatterload_copy)
    __scatterload_null                       0x0800a6eb   Thumb Code     2  handlers.o(i.__scatterload_null)
    __scatterload_zeroinit                   0x0800a6ed   Thumb Code    14  handlers.o(i.__scatterload_zeroinit)
    __set_errno                              0x0800a6fd   Thumb Code     6  errno.o(i.__set_errno)
    circle_color_data_deal                   0x0800afd1   Thumb Code   118  circe.o(i.circle_color_data_deal)
    claw_move_1                              0x0800b06d   Thumb Code    36  catch.o(i.claw_move_1)
    claw_move_2                              0x0800b095   Thumb Code    36  catch.o(i.claw_move_2)
    getAngleZ                                0x0800b0fd   Thumb Code    78  imu_control.o(i.getAngleZ)
    main                                     0x0800b159   Thumb Code    72  main.o(i.main)
    modify_data                              0x0800b1b1   Thumb Code   496  go-m8010-6.o(i.modify_data)
    motor_read_coordination                  0x0800b3d5   Thumb Code    28  motor.o(i.motor_read_coordination)
    normalize_angle                          0x0800b3f5   Thumb Code    58  imu_control.o(i.normalize_angle)
    osDelay                                  0x0800b43d   Thumb Code    24  cmsis_os.o(i.osDelay)
    osKernelStart                            0x0800b455   Thumb Code    10  cmsis_os.o(i.osKernelStart)
    osThreadCreate                           0x0800b45f   Thumb Code    94  cmsis_os.o(i.osThreadCreate)
    postion_send                             0x0800b511   Thumb Code    18  postion_control.o(i.postion_send)
    pvPortMalloc                             0x0800bbb5   Thumb Code   308  heap_4.o(i.pvPortMalloc)
    pxPortInitialiseStack                    0x0800bcfd   Thumb Code    38  port.o(i.pxPortInitialiseStack)
    read_init_postion                        0x0800bd29   Thumb Code   128  go-m8010-6.o(i.read_init_postion)
    send_speed_data_all                      0x0800bdc9   Thumb Code    78  motor.o(i.send_speed_data_all)
    tjc_send_txt                             0x0800be2d   Thumb Code    64  tjc_usart_hmi.o(i.tjc_send_txt)
    u6_data_process                          0x0800be71   Thumb Code   104  circe.o(i.u6_data_process)
    u7RXdat_dispose                          0x0800bf95   Thumb Code    84  postion_control.o(i.u7RXdat_dispose)
    u7RXdat_dispose_1                        0x0800bff5   Thumb Code    72  postion_control.o(i.u7RXdat_dispose_1)
    uart2WriteBuf                            0x0800c041   Thumb Code    26  imu.o(i.uart2WriteBuf)
    uart3WriteBuf                            0x0800c05d   Thumb Code    48  motor.o(i.uart3WriteBuf)
    uart7WriteBuf                            0x0800c091   Thumb Code    78  postion_control.o(i.uart7WriteBuf)
    uart_send_char                           0x0800c0f5   Thumb Code    14  tjc_usart_hmi.o(i.uart_send_char)
    uart_send_string                         0x0800c103   Thumb Code    24  tjc_usart_hmi.o(i.uart_send_string)
    uxListRemove                             0x0800c11b   Thumb Code    40  list.o(i.uxListRemove)
    vApplicationGetIdleTaskMemory            0x0800c145   Thumb Code    14  freertos.o(i.vApplicationGetIdleTaskMemory)
    vListInitialise                          0x0800c15d   Thumb Code    26  list.o(i.vListInitialise)
    vListInitialiseItem                      0x0800c177   Thumb Code     6  list.o(i.vListInitialiseItem)
    vListInsert                              0x0800c17d   Thumb Code    52  list.o(i.vListInsert)
    vListInsertEnd                           0x0800c1b1   Thumb Code    24  list.o(i.vListInsertEnd)
    vPortEnterCritical                       0x0800c1c9   Thumb Code    84  port.o(i.vPortEnterCritical)
    vPortExitCritical                        0x0800c225   Thumb Code    60  port.o(i.vPortExitCritical)
    vPortFree                                0x0800c265   Thumb Code   148  heap_4.o(i.vPortFree)
    vPortSetupTimerInterrupt                 0x0800c301   Thumb Code    36  port.o(i.vPortSetupTimerInterrupt)
    vTaskDelay                               0x0800c329   Thumb Code    86  tasks.o(i.vTaskDelay)
    vTaskDelayUntil                          0x0800c389   Thumb Code   212  tasks.o(i.vTaskDelayUntil)
    vTaskDelete                              0x0800c469   Thumb Code   206  tasks.o(i.vTaskDelete)
    vTaskInternalSetTimeOutState             0x0800c561   Thumb Code    14  tasks.o(i.vTaskInternalSetTimeOutState)
    vTaskMissedYield                         0x0800c579   Thumb Code     8  tasks.o(i.vTaskMissedYield)
    vTaskPlaceOnEventList                    0x0800c585   Thumb Code    56  tasks.o(i.vTaskPlaceOnEventList)
    vTaskStartScheduler                      0x0800c5c1   Thumb Code   154  tasks.o(i.vTaskStartScheduler)
    vTaskSuspendAll                          0x0800c679   Thumb Code    12  tasks.o(i.vTaskSuspendAll)
    vTaskSwitchContext                       0x0800c689   Thumb Code   122  tasks.o(i.vTaskSwitchContext)
    xPortStartScheduler                      0x0800c741   Thumb Code   252  port.o(i.xPortStartScheduler)
    xQueueGenericCreate                      0x0800c855   Thumb Code   100  queue.o(i.xQueueGenericCreate)
    xQueueGenericReset                       0x0800c8b9   Thumb Code   150  queue.o(i.xQueueGenericReset)
    xQueueGenericSend                        0x0800c955   Thumb Code   436  queue.o(i.xQueueGenericSend)
    xQueueReceive                            0x0800cb0d   Thumb Code   368  queue.o(i.xQueueReceive)
    xTaskCheckForTimeOut                     0x0800cc81   Thumb Code   140  tasks.o(i.xTaskCheckForTimeOut)
    xTaskCreate                              0x0800cd15   Thumb Code   100  tasks.o(i.xTaskCreate)
    xTaskCreateStatic                        0x0800cd79   Thumb Code   198  tasks.o(i.xTaskCreateStatic)
    xTaskGetSchedulerState                   0x0800ce41   Thumb Code    24  tasks.o(i.xTaskGetSchedulerState)
    xTaskGetTickCount                        0x0800ce61   Thumb Code     6  tasks.o(i.xTaskGetTickCount)
    xTaskIncrementTick                       0x0800ce6d   Thumb Code   286  tasks.o(i.xTaskIncrementTick)
    xTaskPriorityDisinherit                  0x0800cfb9   Thumb Code   196  tasks.o(i.xTaskPriorityDisinherit)
    xTaskRemoveFromEventList                 0x0800d089   Thumb Code   132  tasks.o(i.xTaskRemoveFromEventList)
    xTaskResumeAll                           0x0800d125   Thumb Code   228  tasks.o(i.xTaskResumeAll)
    AHBPrescTable                            0x0800d248   Data          16  system_stm32f7xx.o(.constdata)
    APBPrescTable                            0x0800d258   Data           8  system_stm32f7xx.o(.constdata)
    crc_ccitt_table                          0x0800d260   Data         512  go-m8010-6.o(.constdata)
    Region$$Table$$Base                      0x0800d494   Number         0  anon$$obj.o(Region$$Table)
    Region$$Table$$Limit                     0x0800d4b4   Number         0  anon$$obj.o(Region$$Table)
    defaultTaskHandle                        0x20000000   Data           4  freertos.o(.data)
    SystemCoreClock                          0x20000004   Data           4  system_stm32f7xx.o(.data)
    ypj_debug_stage                          0x20000008   Data           1  task_flow.o(.data)
    ypj_debug_color                          0x20000009   Data           1  task_flow.o(.data)
    ypj_debug_target_valid                   0x2000000a   Data           1  task_flow.o(.data)
    ypj_debug_target_x                       0x2000000b   Data           1  task_flow.o(.data)
    ypj_debug_target_y                       0x2000000c   Data           1  task_flow.o(.data)
    ypj_debug_frame_count                    0x20000010   Data           4  task_flow.o(.data)
    chassis_period_overrun_count             0x20000024   Data           4  motor_control.o(.data)
    chassis_period_max_ms                    0x20000028   Data           4  motor_control.o(.data)
    MOTOR_ACTIONFALG                         0x2000002c   Data           1  motor.o(.data)
    motor1                                   0x20000030   Data           8  motor.o(.data)
    motor2                                   0x20000038   Data           8  motor.o(.data)
    motor3                                   0x20000040   Data           8  motor.o(.data)
    motor4                                   0x20000048   Data           8  motor.o(.data)
    motor_check                              0x20000050   Data           2  motor.o(.data)
    chassis_odom_tx_fail_count               0x20000074   Data           4  motor.o(.data)
    motor_speed_scale10_ready                0x20000078   Data           1  motor.o(.data)
    motor_mode                               0x2000007c   Data           4  motor.o(.data)
    postion_bit                              0x20000080   Data           4  motor.o(.data)
    RXdat_piont                              0x20000084   Data           1  motor.o(.data)
    u3_Txdata                                0x20000085   Data           1  motor.o(.data)
    u3_debug_size                            0x20000086   Data           2  motor.o(.data)
    u3_debug_rx_count                        0x20000088   Data           4  motor.o(.data)
    u3_debug_rx_restart_count                0x2000008c   Data           4  motor.o(.data)
    u3_debug_rx_restart_fail                 0x20000090   Data           4  motor.o(.data)
    u3_debug_error_count                     0x20000094   Data           4  motor.o(.data)
    u3_debug_last_error                      0x20000098   Data           4  motor.o(.data)
    u3_debug_buf                             0x2000009c   Data           8  motor.o(.data)
    motor_debug_cmd_rpm_x10                  0x200000a4   Data           8  motor.o(.data)
    motor3_rx_probe                          0x200000ac   Data           4  motor.o(.data)
    u7_debug_buf                             0x20000108   Data           8  postion_control.o(.data)
    u7_debug_size                            0x20000110   Data           2  postion_control.o(.data)
    u7_debug_rx_restart_count                0x20000114   Data           4  postion_control.o(.data)
    u7_debug_rx_restart_fail                 0x20000118   Data           4  postion_control.o(.data)
    u7_debug_rx_event_count                  0x2000011c   Data           4  postion_control.o(.data)
    u7_debug_error_count                     0x20000120   Data           4  postion_control.o(.data)
    u7_debug_last_error                      0x20000124   Data           4  postion_control.o(.data)
    u7_debug_tx_count                        0x20000128   Data           4  postion_control.o(.data)
    u7_debug_tx_retry_count                  0x2000012c   Data           4  postion_control.o(.data)
    u7_debug_last_tx_status                  0x20000130   Data           1  postion_control.o(.data)
    u7_debug_last_tx_len                     0x20000131   Data           1  postion_control.o(.data)
    u7_debug_z_finish_count                  0x20000134   Data           4  postion_control.o(.data)
    z_debug_last_timeout                     0x20000138   Data           1  postion_control.o(.data)
    z_debug_last_wait_ms                     0x2000013c   Data           4  postion_control.o(.data)
    postion_redstage_Z                       0x20000140   Data           4  postion_control.o(.data)
    postion_redstage                         0x20000144   Data           4  postion_control.o(.data)
    delaytime                                0x2000014e   Data           2  delay.o(.data)
    unlock_register                          0x20000150   Data           5  imu.o(.data)
    reset_z_axis                             0x20000155   Data           5  imu.o(.data)
    set_output_200Hz                         0x2000015a   Data           5  imu.o(.data)
    set_baudrate_115200                      0x2000015f   Data           5  imu.o(.data)
    save_settings                            0x20000164   Data           5  imu.o(.data)
    restart_device                           0x20000169   Data           5  imu.o(.data)
    mpu_flash                                0x20000170   Data           1  imu.o(.data)
    length                                   0x20000174   Data           4  qr_code.o(.data)
    i                                        0x20000178   Data           4  qr_code.o(.data)
    raw_idx                                  0x2000017c   Data           1  qr_code.o(.data)
    raw_total                                0x20000180   Data           4  qr_code.o(.data)
    TheNumber                                0x20000184   Data           4  qr_code.o(.data)
    first_code                               0x20000188   Data           4  qr_code.o(.data)
    second_code                              0x2000018c   Data           4  qr_code.o(.data)
    x_zhong                                  0x20000190   Data           4  circe.o(.data)
    y_zhong                                  0x20000194   Data           4  circe.o(.data)
    change_x                                 0x20000198   Data           4  circe.o(.data)
    change_y                                 0x2000019c   Data           4  circe.o(.data)
    change_x_yuanpanji                       0x200001a0   Data           4  circe.o(.data)
    change_y_yuanpanji                       0x200001a4   Data           4  circe.o(.data)
    USART6_stage                             0x200001b4   Data           4  circe.o(.data)
    COLOR_DATA                               0x200001bc   Data           4  circe.o(.data)
    vision_last_mode                         0x200001c0   Data           1  circe.o(.data)
    vision_last_count                        0x200001c1   Data           1  circe.o(.data)
    vision_frame_count                       0x200001c4   Data           4  circe.o(.data)
    vision_request_mode                      0x200001c8   Data           1  circe.o(.data)
    vision_request_cls                       0x200001c9   Data           1  circe.o(.data)
    rData                                    0x200001cc   Data           4  go-m8010-6.o(.data)
    m8010_tx_buf                             0x200001d0   Data          17  go-m8010-6.o(.data)
    m8010_rx_len                             0x200001e1   Data           1  go-m8010-6.o(.data)
    lenth                                    0x200001e2   Data           1  go-m8010-6.o(.data)
    M8010_real_postion                       0x200001e4   Data           4  go-m8010-6.o(.data)
    M8010_init_postion                       0x200001e8   Data           4  go-m8010-6.o(.data)
    m8010_hight_bit                          0x200001ec   Data           1  go-m8010-6.o(.data)
    m8010_low_bit                            0x200001ed   Data           1  go-m8010-6.o(.data)
    M8010_Error                              0x200001ee   Data           1  go-m8010-6.o(.data)
    M8010_Torque                             0x200001f0   Data           2  go-m8010-6.o(.data)
    M8010_Speed                              0x200001f2   Data           2  go-m8010-6.o(.data)
    M8010_Temp                               0x200001f4   Data           1  go-m8010-6.o(.data)
    uwTick                                   0x200001fc   Data           4  stm32f7xx_hal.o(.data)
    uwTickPrio                               0x20000200   Data           4  stm32f7xx_hal.o(.data)
    uwTickFreq                               0x20000204   Data           1  stm32f7xx_hal.o(.data)
    pxCurrentTCB                             0x20000208   Data           4  tasks.o(.data)
    Start_Task_Handle                        0x20000268   Data           4  start_task.o(.data)
    main_task_Handle                         0x2000026c   Data           4  main_task.o(.data)
    hmi_task_Handle                          0x20000274   Data           4  hmi_task.o(.data)
    hmi_debug_drop_count                     0x20000278   Data           4  hmi_task.o(.data)
    htim3                                    0x20000504   Data          76  tim.o(.bss)
    htim4                                    0x20000550   Data          76  tim.o(.bss)
    htim6                                    0x2000059c   Data          76  tim.o(.bss)
    huart5                                   0x200005e8   Data         132  usart.o(.bss)
    huart7                                   0x2000066c   Data         132  usart.o(.bss)
    huart8                                   0x200006f0   Data         132  usart.o(.bss)
    huart1                                   0x20000774   Data         132  usart.o(.bss)
    huart2                                   0x200007f8   Data         132  usart.o(.bss)
    huart3                                   0x2000087c   Data         132  usart.o(.bss)
    huart6                                   0x20000900   Data         132  usart.o(.bss)
    hdma_uart7_rx                            0x20000984   Data          96  usart.o(.bss)
    hdma_usart2_rx                           0x200009e4   Data          96  usart.o(.bss)
    hdma_usart3_rx                           0x20000a44   Data          96  usart.o(.bss)
    hdma_usart3_tx                           0x20000aa4   Data          96  usart.o(.bss)
    htim14                                   0x20000b04   Data          76  stm32f7xx_hal_timebase_tim.o(.bss)
    car_warehouse                            0x20000b50   Data          24  warehouse_app.o(.bss)
    GLOBAL_DATA                              0x20000ba4   Data          24  motor.o(.bss)
    car_setspeed                             0x20000bbc   Data          12  motor.o(.bss)
    car                                      0x20000bc8   Data          28  motor.o(.bss)
    motor_actual_pulse                       0x20000c28   Data          16  motor.o(.bss)
    inu_run                                  0x20000de0   Data          12  imu_control.o(.bss)
    inu_turn                                 0x20000dec   Data          12  imu_control.o(.bss)
    Gyro_Pid                                 0x20000df8   Data          32  pid.o(.bss)
    pid_coordination                         0x20000e18   Data          32  pid.o(.bss)
    u7_debug_last_tx_buf                     0x20000eb8   Data          13  postion_control.o(.bss)
    Z_POSTION                                0x20000ec8   Data          16  postion_control.o(.bss)
    Telescopic_POSTION                       0x20000ef8   Data          16  telescopic_boom.o(.bss)
    imu                                      0x20001008   Data          16  imu.o(.bss)
    raw_buf                                  0x20001098   Data          32  qr_code.o(.bss)
    one                                      0x200010b8   Data          12  qr_code.o(.bss)
    two                                      0x200010c4   Data          12  qr_code.o(.bss)
    pid_change_y                             0x200010dc   Data          32  circe.o(.bss)
    pid_change_x                             0x200010fc   Data          32  circe.o(.bss)
    USART6_readdata                          0x2000111c   Data         128  circe.o(.bss)
    USART6_senddata                          0x2000119c   Data         128  circe.o(.bss)
    vision_material                          0x2000121c   Data          12  circe.o(.bss)
    vision_ring                              0x20001228   Data          12  circe.o(.bss)
    cmd                                      0x20001258   Data          64  go-m8010-6.o(.bss)
    M8010                                    0x20001298   Data          24  go-m8010-6.o(.bss)
    m8010_rx_buf                             0x200012b0   Data          20  go-m8010-6.o(.bss)
    __initial_sp                             0x200054b0   Data           0  startup_stm32f750xx.o(STACK)



==============================================================================

Memory Map of the image

  Image Entry point : 0x080001c9

  Load Region LR_IROM1 (Base: 0x08000000, Size: 0x0000d764, Max: 0x00010000, ABSOLUTE, COMPRESSED[0x0000d528])

    Execution Region ER_IROM1 (Exec base: 0x08000000, Load base: 0x08000000, Size: 0x0000d4b4, Max: 0x00010000, ABSOLUTE)

    Exec Addr    Load Addr    Size         Type   Attr      Idx    E Section Name        Object

    0x08000000   0x08000000   0x000001c8   Data   RO          723    RESET               startup_stm32f750xx.o
    0x080001c8   0x080001c8   0x00000000   Code   RO         7945  * .ARM.Collect$$$$00000000  mc_w.l(entry.o)
    0x080001c8   0x080001c8   0x00000004   Code   RO         8270    .ARM.Collect$$$$00000001  mc_w.l(entry2.o)
    0x080001cc   0x080001cc   0x00000004   Code   RO         8273    .ARM.Collect$$$$00000004  mc_w.l(entry5.o)
    0x080001d0   0x080001d0   0x00000000   Code   RO         8275    .ARM.Collect$$$$00000008  mc_w.l(entry7b.o)
    0x080001d0   0x080001d0   0x00000000   Code   RO         8277    .ARM.Collect$$$$0000000A  mc_w.l(entry8b.o)
    0x080001d0   0x080001d0   0x00000008   Code   RO         8278    .ARM.Collect$$$$0000000B  mc_w.l(entry9a.o)
    0x080001d8   0x080001d8   0x00000000   Code   RO         8280    .ARM.Collect$$$$0000000D  mc_w.l(entry10a.o)
    0x080001d8   0x080001d8   0x00000000   Code   RO         8282    .ARM.Collect$$$$0000000F  mc_w.l(entry11a.o)
    0x080001d8   0x080001d8   0x00000004   Code   RO         8271    .ARM.Collect$$$$00002712  mc_w.l(entry2.o)
    0x080001dc   0x080001dc   0x000000c2   Code   RO         7395    .emb_text           port.o
    0x0800029e   0x0800029e   0x00000002   PAD
    0x080002a0   0x080002a0   0x00000024   Code   RO          724    .text               startup_stm32f750xx.o
    0x080002c4   0x080002c4   0x00000062   Code   RO         7948    .text               mc_w.l(uldiv.o)
    0x08000326   0x08000326   0x00000062   Code   RO         7950    .text               mc_w.l(ldiv.o)
    0x08000388   0x08000388   0x00000024   Code   RO         7952    .text               mc_w.l(memcpya.o)
    0x080003ac   0x080003ac   0x00000024   Code   RO         7956    .text               mc_w.l(memseta.o)
    0x080003d0   0x080003d0   0x0000001c   Code   RO         7960    .text               mc_w.l(strcmp.o)
    0x080003ec   0x080003ec   0x00000012   Code   RO         7962    .text               mc_w.l(strcpy.o)
    0x080003fe   0x080003fe   0x0000014e   Code   RO         8227    .text               mf_w.l(dadd.o)
    0x0800054c   0x0800054c   0x000000e4   Code   RO         8229    .text               mf_w.l(dmul.o)
    0x08000630   0x08000630   0x0000002c   Code   RO         8233    .text               mf_w.l(ffltl.o)
    0x0800065c   0x0800065c   0x00000022   Code   RO         8235    .text               mf_w.l(dflti.o)
    0x0800067e   0x0800067e   0x00000042   Code   RO         8237    .text               mf_w.l(ffixl.o)
    0x080006c0   0x080006c0   0x0000003e   Code   RO         8239    .text               mf_w.l(dfixi.o)
    0x080006fe   0x080006fe   0x00000026   Code   RO         8243    .text               mf_w.l(f2d.o)
    0x08000724   0x08000724   0x00000030   Code   RO         8245    .text               mf_w.l(cdcmple.o)
    0x08000754   0x08000754   0x00000030   Code   RO         8247    .text               mf_w.l(cdrcmple.o)
    0x08000784   0x08000784   0x00000038   Code   RO         8249    .text               mf_w.l(d2f.o)
    0x080007bc   0x080007bc   0x0000002c   Code   RO         8285    .text               mc_w.l(uidiv.o)
    0x080007e8   0x080007e8   0x0000001e   Code   RO         8287    .text               mc_w.l(llshl.o)
    0x08000806   0x08000806   0x00000020   Code   RO         8289    .text               mc_w.l(llushr.o)
    0x08000826   0x08000826   0x00000024   Code   RO         8291    .text               mc_w.l(llsshr.o)
    0x0800084a   0x0800084a   0x00000000   Code   RO         8300    .text               mc_w.l(iusefp.o)
    0x0800084a   0x0800084a   0x0000006e   Code   RO         8301    .text               mf_w.l(fepilogue.o)
    0x080008b8   0x080008b8   0x000000ba   Code   RO         8303    .text               mf_w.l(depilogue.o)
    0x08000972   0x08000972   0x000000de   Code   RO         8305    .text               mf_w.l(ddiv.o)
    0x08000a50   0x08000a50   0x00000030   Code   RO         8307    .text               mf_w.l(dfixul.o)
    0x08000a80   0x08000a80   0x00000024   Code   RO         8309    .text               mc_w.l(init.o)
    0x08000aa4   0x08000aa4   0x00000056   Code   RO         8319    .text               mc_w.l(__dczerorl2.o)
    0x08000afa   0x08000afa   0x00000004   Code   RO          555    i.BusFault_Handler  stm32f7xx_it.o
    0x08000afe   0x08000afe   0x00000002   PAD
    0x08000b00   0x08000b00   0x000001c8   Code   RO         1160    i.CatchLocatedMaterialToWarehouse  task_flow.o
    0x08000cc8   0x08000cc8   0x00000020   Code   RO         1470    i.Chassis_AbsPulse  motor_control.o
    0x08000ce8   0x08000ce8   0x0000005a   Code   RO         1471    i.Chassis_ApplyMoveSpeed  motor_control.o
    0x08000d42   0x08000d42   0x00000002   PAD
    0x08000d44   0x08000d44   0x00000040   Code   RO         1472    i.Chassis_BeginSegment  motor_control.o
    0x08000d84   0x08000d84   0x0000014c   Code   RO         1475    i.Chassis_EndSegment  motor_control.o
    0x08000ed0   0x08000ed0   0x00000094   Code   RO         1476    i.Chassis_EstimateDecelPulse  motor_control.o
    0x08000f64   0x08000f64   0x0000005c   Code   RO         1477    i.Chassis_FineTuneAngle  motor_control.o
    0x08000fc0   0x08000fc0   0x0000003e   Code   RO         1478    i.Chassis_GetMovePulse  motor_control.o
    0x08000ffe   0x08000ffe   0x00000002   PAD
    0x08001000   0x08001000   0x00000030   Code   RO         1480    i.Chassis_LogSegmentOdom  motor_control.o
    0x08001030   0x08001030   0x000000f4   Code   RO         1481    i.Chassis_MoveByDistance  motor_control.o
    0x08001124   0x08001124   0x000000e8   Code   RO         1482    i.Chassis_MoveByDistanceRamp  motor_control.o
    0x0800120c   0x0800120c   0x0000003e   Code   RO         1484    i.Chassis_MoveByPulse  motor_control.o
    0x0800124a   0x0800124a   0x00000002   PAD
    0x0800124c   0x0800124c   0x0000014c   Code   RO         1485    i.Chassis_MoveByPulseInternal  motor_control.o
    0x08001398   0x08001398   0x000000d6   Code   RO         1650    i.Chassis_OdomBuild  motor.o
    0x0800146e   0x0800146e   0x00000002   PAD
    0x08001470   0x08001470   0x00000024   Code   RO         1651    i.Chassis_OdomGetSegment  motor.o
    0x08001494   0x08001494   0x00000024   Code   RO         1652    i.Chassis_OdomGetSegmentSnapshot  motor.o
    0x080014b8   0x080014b8   0x00000024   Code   RO         1654    i.Chassis_OdomMoving  motor.o
    0x080014dc   0x080014dc   0x00000024   Code   RO         1655    i.Chassis_OdomResetSegment  motor.o
    0x08001500   0x08001500   0x000000c4   Code   RO         1656    i.Chassis_OdomSettle  motor.o
    0x080015c4   0x080015c4   0x00000178   Code   RO         1487    i.Chassis_OpenLoop_SetSmoothHeading  motor_control.o
    0x0800173c   0x0800173c   0x0000002c   Code   RO         1488    i.Chassis_OpenLoop_SetSpeed  motor_control.o
    0x08001768   0x08001768   0x000000ec   Code   RO         1489    i.Chassis_OpenLoop_SetSpeedFrame  motor_control.o
    0x08001854   0x08001854   0x000000e0   Code   RO         1490    i.Chassis_OpenLoop_SetTranslation  motor_control.o
    0x08001934   0x08001934   0x000000bc   Code   RO         1491    i.Chassis_SINAccel  motor_control.o
    0x080019f0   0x080019f0   0x00000084   Code   RO         1492    i.Chassis_TurnToAngle  motor_control.o
    0x08001a74   0x08001a74   0x000001e8   Code   RO         1493    i.Chassis_TurnToAngleOnce  motor_control.o
    0x08001c5c   0x08001c5c   0x00000044   Code   RO         1494    i.Chassis_WaitPeriod  motor_control.o
    0x08001ca0   0x08001ca0   0x00000008   Code   RO         1495    i.Chassis_WorldBeginSegment  motor_control.o
    0x08001ca8   0x08001ca8   0x000000e8   Code   RO         1496    i.Chassis_WorldCommitSegment  motor_control.o
    0x08001d90   0x08001d90   0x0000009c   Code   RO         1657    i.Chassis_WorldPoseReset  motor.o
    0x08001e2c   0x08001e2c   0x000000d4   Code   RO         1658    i.Chassis_WorldYawUpdate  motor.o
    0x08001f00   0x08001f00   0x000000bc   Code   RO         1392    i.Circle_PlaceFromWarehouseAtPose  action_control.o
    0x08001fbc   0x08001fbc   0x00000024   Code   RO         1393    i.Circle_PrepareDetectPose  action_control.o
    0x08001fe0   0x08001fe0   0x00000024   Code   RO         1394    i.Circle_PrepareMaterialCatchPose  action_control.o
    0x08002004   0x08002004   0x00000010   Code   RO          556    i.DMA1_Stream1_IRQHandler  stm32f7xx_it.o
    0x08002014   0x08002014   0x00000010   Code   RO          557    i.DMA1_Stream3_IRQHandler  stm32f7xx_it.o
    0x08002024   0x08002024   0x00000010   Code   RO          558    i.DMA1_Stream4_IRQHandler  stm32f7xx_it.o
    0x08002034   0x08002034   0x00000010   Code   RO          559    i.DMA1_Stream5_IRQHandler  stm32f7xx_it.o
    0x08002044   0x08002044   0x00000034   Code   RO         4575    i.DMA_CalcBaseAndBitshift  stm32f7xx_hal_dma.o
    0x08002078   0x08002078   0x000000aa   Code   RO         4576    i.DMA_CheckFifoParam  stm32f7xx_hal_dma.o
    0x08002122   0x08002122   0x0000002c   Code   RO         4577    i.DMA_SetConfig     stm32f7xx_hal_dma.o
    0x0800214e   0x0800214e   0x00000002   Code   RO          560    i.DebugMon_Handler  stm32f7xx_it.o
    0x08002150   0x08002150   0x00000020   Code   RO         2253    i.Delay_Init        delay.o
    0x08002170   0x08002170   0x00000018   Code   RO         2254    i.Delay_ms          delay.o
    0x08002188   0x08002188   0x00000090   Code   RO         1936    i.Direction_Calibration_turn  imu_control.o
    0x08002218   0x08002218   0x00000006   Code   RO            4    i.Error_Handler     main.o
    0x0800221e   0x0800221e   0x0000001a   Code   RO         1497    i.FMy_Abs           motor_control.o
    0x08002238   0x08002238   0x0000000e   Code   RO         1161    i.Flow_AbsInt       task_flow.o
    0x08002246   0x08002246   0x00000002   PAD
    0x08002248   0x08002248   0x000002a8   Code   RO         1162    i.Flow_ArmPoseInit  task_flow.o
    0x080024f0   0x080024f0   0x00000038   Code   RO         1163    i.Flow_ColorName    task_flow.o
    0x08002528   0x08002528   0x0000005c   Code   RO         1164    i.Flow_FineTuneHeading  task_flow.o
    0x08002584   0x08002584   0x00000084   Code   RO         1165    i.Flow_LoadRound    task_flow.o
    0x08002608   0x08002608   0x000000a8   Code   RO         1166    i.Flow_PixelErrorSpeed  task_flow.o
    0x080026b0   0x080026b0   0x0000002c   Code   RO         1167    i.Flow_ProcessingArea  task_flow.o
    0x080026dc   0x080026dc   0x0000004c   Code   RO         1168    i.Flow_QRMove       task_flow.o
    0x08002728   0x08002728   0x0000000e   Code   RO         1169    i.Flow_QRRecognize  task_flow.o
    0x08002736   0x08002736   0x00000002   PAD
    0x08002738   0x08002738   0x00000038   Code   RO         1170    i.Flow_QRWait       task_flow.o
    0x08002770   0x08002770   0x000002d8   Code   RO         1171    i.Flow_RingArea     task_flow.o
    0x08002a48   0x08002a48   0x000000c8   Code   RO         1172    i.Flow_RunCurrent   task_flow.o
    0x08002b10   0x08002b10   0x00000008   Code   RO         1173    i.Flow_ShowQRNow    task_flow.o
    0x08002b18   0x08002b18   0x00000050   Code   RO         1174    i.Flow_ShowYawFixed  task_flow.o
    0x08002b68   0x08002b68   0x0000002c   Code   RO         1175    i.Flow_StorageArea  task_flow.o
    0x08002b94   0x08002b94   0x00000168   Code   RO         1176    i.Flow_TurntableCatch  task_flow.o
    0x08002cfc   0x08002cfc   0x00000158   Code   RO         1177    i.Flow_WaitQR_OpenLoop  task_flow.o
    0x08002e54   0x08002e54   0x0000002c   Code   RO          953    i.Get_Warehouse_Angle  warehouse_app.o
    0x08002e80   0x08002e80   0x00000030   Code   RO          954    i.Get_Warehouse_index_from_color  warehouse_app.o
    0x08002eb0   0x08002eb0   0x00000030   Code   RO         1937    i.Gyro_Init         imu_control.o
    0x08002ee0   0x08002ee0   0x000000ac   Code   RO         4578    i.HAL_DMA_Abort     stm32f7xx_hal_dma.o
    0x08002f8c   0x08002f8c   0x00000028   Code   RO         4579    i.HAL_DMA_Abort_IT  stm32f7xx_hal_dma.o
    0x08002fb4   0x08002fb4   0x00000006   Code   RO         4581    i.HAL_DMA_GetError  stm32f7xx_hal_dma.o
    0x08002fba   0x08002fba   0x00000002   PAD
    0x08002fbc   0x08002fbc   0x00000240   Code   RO         4583    i.HAL_DMA_IRQHandler  stm32f7xx_hal_dma.o
    0x080031fc   0x080031fc   0x000000ec   Code   RO         4584    i.HAL_DMA_Init      stm32f7xx_hal_dma.o
    0x080032e8   0x080032e8   0x0000009e   Code   RO         4588    i.HAL_DMA_Start_IT  stm32f7xx_hal_dma.o
    0x08003386   0x08003386   0x00000002   PAD
    0x08003388   0x08003388   0x00000044   Code   RO         4944    i.HAL_DeInit        stm32f7xx_hal.o
    0x080033cc   0x080033cc   0x00000028   Code   RO         4945    i.HAL_Delay         stm32f7xx_hal.o
    0x080033f4   0x080033f4   0x0000020c   Code   RO         4512    i.HAL_GPIO_Init     stm32f7xx_hal_gpio.o
    0x08003600   0x08003600   0x0000000c   Code   RO         4516    i.HAL_GPIO_WritePin  stm32f7xx_hal_gpio.o
    0x0800360c   0x0800360c   0x0000000c   Code   RO         4953    i.HAL_GetTick       stm32f7xx_hal.o
    0x08003618   0x08003618   0x00000018   Code   RO         4959    i.HAL_IncTick       stm32f7xx_hal.o
    0x08003630   0x08003630   0x00000028   Code   RO         4960    i.HAL_Init          stm32f7xx_hal.o
    0x08003658   0x08003658   0x00000088   Code   RO          685    i.HAL_InitTick      stm32f7xx_hal_timebase_tim.o
    0x080036e0   0x080036e0   0x00000002   Code   RO         4962    i.HAL_MspDeInit     stm32f7xx_hal.o
    0x080036e2   0x080036e2   0x00000002   PAD
    0x080036e4   0x080036e4   0x0000004c   Code   RO          661    i.HAL_MspInit       stm32f7xx_hal_msp.o
    0x08003730   0x08003730   0x00000020   Code   RO         3985    i.HAL_NVIC_EnableIRQ  stm32f7xx_hal_cortex.o
    0x08003750   0x08003750   0x0000007c   Code   RO         3991    i.HAL_NVIC_SetPriority  stm32f7xx_hal_cortex.o
    0x080037cc   0x080037cc   0x00000028   Code   RO         3992    i.HAL_NVIC_SetPriorityGrouping  stm32f7xx_hal_cortex.o
    0x080037f4   0x080037f4   0x00000090   Code   RO         4852    i.HAL_PWREx_EnableOverDrive  stm32f7xx_hal_pwr_ex.o
    0x08003884   0x08003884   0x000006e4   Code   RO         4228    i.HAL_RCCEx_PeriphCLKConfig  stm32f7xx_hal_rcc_ex.o
    0x08003f68   0x08003f68   0x00000194   Code   RO         4121    i.HAL_RCC_ClockConfig  stm32f7xx_hal_rcc.o
    0x080040fc   0x080040fc   0x00000044   Code   RO         4125    i.HAL_RCC_GetClockConfig  stm32f7xx_hal_rcc.o
    0x08004140   0x08004140   0x0000000c   Code   RO         4126    i.HAL_RCC_GetHCLKFreq  stm32f7xx_hal_rcc.o
    0x0800414c   0x0800414c   0x00000020   Code   RO         4128    i.HAL_RCC_GetPCLK1Freq  stm32f7xx_hal_rcc.o
    0x0800416c   0x0800416c   0x00000020   Code   RO         4129    i.HAL_RCC_GetPCLK2Freq  stm32f7xx_hal_rcc.o
    0x0800418c   0x0800418c   0x000000b0   Code   RO         4130    i.HAL_RCC_GetSysClockFreq  stm32f7xx_hal_rcc.o
    0x0800423c   0x0800423c   0x00000504   Code   RO         4133    i.HAL_RCC_OscConfig  stm32f7xx_hal_rcc.o
    0x08004740   0x08004740   0x00000002   Code   RO         3701    i.HAL_TIMEx_Break2Callback  stm32f7xx_hal_tim_ex.o
    0x08004742   0x08004742   0x00000002   Code   RO         3702    i.HAL_TIMEx_BreakCallback  stm32f7xx_hal_tim_ex.o
    0x08004744   0x08004744   0x00000002   Code   RO         3703    i.HAL_TIMEx_CommutCallback  stm32f7xx_hal_tim_ex.o
    0x08004746   0x08004746   0x00000002   PAD
    0x08004748   0x08004748   0x000000cc   Code   RO         3722    i.HAL_TIMEx_MasterConfigSynchronization  stm32f7xx_hal_tim_ex.o
    0x08004814   0x08004814   0x0000006e   Code   RO         2976    i.HAL_TIM_Base_Init  stm32f7xx_hal_tim.o
    0x08004882   0x08004882   0x00000002   PAD
    0x08004884   0x08004884   0x00000044   Code   RO          396    i.HAL_TIM_Base_MspInit  tim.o
    0x080048c8   0x080048c8   0x000000a8   Code   RO         2979    i.HAL_TIM_Base_Start  stm32f7xx_hal_tim.o
    0x08004970   0x08004970   0x000000b4   Code   RO         2981    i.HAL_TIM_Base_Start_IT  stm32f7xx_hal_tim.o
    0x08004a24   0x08004a24   0x00000002   Code   RO         3010    i.HAL_TIM_IC_CaptureCallback  stm32f7xx_hal_tim.o
    0x08004a26   0x08004a26   0x000001b8   Code   RO         3024    i.HAL_TIM_IRQHandler  stm32f7xx_hal_tim.o
    0x08004bde   0x08004bde   0x00000002   PAD
    0x08004be0   0x08004be0   0x000000a8   Code   RO          397    i.HAL_TIM_MspPostInit  tim.o
    0x08004c88   0x08004c88   0x00000002   Code   RO         3027    i.HAL_TIM_OC_DelayElapsedCallback  stm32f7xx_hal_tim.o
    0x08004c8a   0x08004c8a   0x00000170   Code   RO         3048    i.HAL_TIM_PWM_ConfigChannel  stm32f7xx_hal_tim.o
    0x08004dfa   0x08004dfa   0x0000006e   Code   RO         3051    i.HAL_TIM_PWM_Init  stm32f7xx_hal_tim.o
    0x08004e68   0x08004e68   0x00000058   Code   RO          399    i.HAL_TIM_PWM_MspInit  tim.o
    0x08004ec0   0x08004ec0   0x00000002   Code   RO         3054    i.HAL_TIM_PWM_PulseFinishedCallback  stm32f7xx_hal_tim.o
    0x08004ec2   0x08004ec2   0x00000002   PAD
    0x08004ec4   0x08004ec4   0x00000144   Code   RO         3056    i.HAL_TIM_PWM_Start  stm32f7xx_hal_tim.o
    0x08005008   0x08005008   0x00000040   Code   RO            5    i.HAL_TIM_PeriodElapsedCallback  main.o
    0x08005048   0x08005048   0x00000002   Code   RO         3067    i.HAL_TIM_TriggerCallback  stm32f7xx_hal_tim.o
    0x0800504a   0x0800504a   0x00000070   Code   RO         6112    i.HAL_UARTEx_ReceiveToIdle_DMA  stm32f7xx_hal_uart_ex.o
    0x080050ba   0x080050ba   0x00000002   PAD
    0x080050bc   0x080050bc   0x0000002c   Code   RO         7894    i.HAL_UARTEx_RxEventCallback  mynvic.o
    0x080050e8   0x080050e8   0x000000d0   Code   RO         5724    i.HAL_UART_AbortReceive  stm32f7xx_hal_uart.o
    0x080051b8   0x080051b8   0x00000040   Code   RO         7895    i.HAL_UART_ErrorCallback  mynvic.o
    0x080051f8   0x080051f8   0x00000328   Code   RO         5740    i.HAL_UART_IRQHandler  stm32f7xx_hal_uart.o
    0x08005520   0x08005520   0x00000074   Code   RO         5741    i.HAL_UART_Init     stm32f7xx_hal_uart.o
    0x08005594   0x08005594   0x000004c4   Code   RO          468    i.HAL_UART_MspInit  usart.o
    0x08005a58   0x08005a58   0x00000064   Code   RO         5745    i.HAL_UART_Receive_DMA  stm32f7xx_hal_uart.o
    0x08005abc   0x08005abc   0x00000002   Code   RO         5748    i.HAL_UART_RxCpltCallback  stm32f7xx_hal_uart.o
    0x08005abe   0x08005abe   0x00000002   Code   RO         5749    i.HAL_UART_RxHalfCpltCallback  stm32f7xx_hal_uart.o
    0x08005ac0   0x08005ac0   0x000000d2   Code   RO         5750    i.HAL_UART_Transmit  stm32f7xx_hal_uart.o
    0x08005b92   0x08005b92   0x00000002   PAD
    0x08005b94   0x08005b94   0x000000c8   Code   RO         5751    i.HAL_UART_Transmit_DMA  stm32f7xx_hal_uart.o
    0x08005c5c   0x08005c5c   0x00000002   Code   RO         5753    i.HAL_UART_TxCpltCallback  stm32f7xx_hal_uart.o
    0x08005c5e   0x08005c5e   0x00000002   Code   RO         5754    i.HAL_UART_TxHalfCpltCallback  stm32f7xx_hal_uart.o
    0x08005c60   0x08005c60   0x0000000c   Code   RO         7657    i.HMI_ClearArmFault  hmi_task.o
    0x08005c6c   0x08005c6c   0x0000002e   Code   RO         7658    i.HMI_CopyString    hmi_task.o
    0x08005c9a   0x08005c9a   0x00000002   PAD
    0x08005c9c   0x08005c9c   0x00000238   Code   RO         7659    i.HMI_FixedRefreshNow  hmi_task.o
    0x08005ed4   0x08005ed4   0x00000038   Code   RO         7660    i.HMI_FormatAndPostLog  hmi_task.o
    0x08005f0c   0x08005f0c   0x000000d8   Code   RO         7661    i.HMI_InitScreen    hmi_task.o
    0x08005fe4   0x08005fe4   0x00000020   Code   RO         7662    i.HMI_LogError      hmi_task.o
    0x08006004   0x08006004   0x00000020   Code   RO         7663    i.HMI_LogInfo       hmi_task.o
    0x08006024   0x08006024   0x00000044   Code   RO         7664    i.HMI_LogPushNow    hmi_task.o
    0x08006068   0x08006068   0x00000030   Code   RO         7665    i.HMI_LogRefreshNow  hmi_task.o
    0x08006098   0x08006098   0x00000020   Code   RO         7666    i.HMI_LogWarn       hmi_task.o
    0x080060b8   0x080060b8   0x0000005c   Code   RO         7667    i.HMI_PostLog       hmi_task.o
    0x08006114   0x08006114   0x00000064   Code   RO         7668    i.HMI_PostText      hmi_task.o
    0x08006178   0x08006178   0x00000018   Code   RO         2458    i.HMI_SEND          qr_code.o
    0x08006190   0x08006190   0x00000018   Code   RO         7669    i.HMI_SendTextNow   hmi_task.o
    0x080061a8   0x080061a8   0x00000014   Code   RO         7670    i.HMI_SetArmFault   hmi_task.o
    0x080061bc   0x080061bc   0x00000002   Code   RO         7671    i.HMI_SetArmText    hmi_task.o
    0x080061be   0x080061be   0x00000002   Code   RO         7672    i.HMI_SetChassisText  hmi_task.o
    0x080061c0   0x080061c0   0x00000030   Code   RO         7673    i.HMI_SetMotorCompare  hmi_task.o
    0x080061f0   0x080061f0   0x0000001c   Code   RO         7674    i.HMI_SetPixelError  hmi_task.o
    0x0800620c   0x0800620c   0x00000058   Code   RO         7675    i.HMI_SetQR         hmi_task.o
    0x08006264   0x08006264   0x00000002   Code   RO         7676    i.HMI_SetSys        hmi_task.o
    0x08006266   0x08006266   0x00000002   Code   RO         7677    i.HMI_SetVisionText  hmi_task.o
    0x08006268   0x08006268   0x00000074   Code   RO         7678    i.HMI_Task          hmi_task.o
    0x080062dc   0x080062dc   0x00000064   Code   RO         7679    i.HMI_Task_Create   hmi_task.o
    0x08006340   0x08006340   0x00000004   Code   RO          561    i.HardFault_Handler  stm32f7xx_it.o
    0x08006344   0x08006344   0x000001fc   Code   RO         2362    i.IMU_Process       imu.o
    0x08006540   0x08006540   0x00000048   Code   RO         2363    i.IMU_Receive_Init  imu.o
    0x08006588   0x08006588   0x0000001a   Code   RO         7626    i.IMU_Task          imu_task.o
    0x080065a2   0x080065a2   0x00000002   PAD
    0x080065a4   0x080065a4   0x0000002c   Code   RO         7627    i.IMU_Task_Create   imu_task.o
    0x080065d0   0x080065d0   0x0000002c   Code   RO         2365    i.Imu_setZero       imu.o
    0x080065fc   0x080065fc   0x00000054   Code   RO         7475    i.Init_Task_Create  start_task.o
    0x08006650   0x08006650   0x00000058   Code   RO          955    i.Init_Warehouse    warehouse_app.o
    0x080066a8   0x080066a8   0x00000014   Code   RO         2766    i.M8010_IsStalled   go-m8010-6.o
    0x080066bc   0x080066bc   0x0000005c   Code   RO         2767    i.M8010_SetAngle    go-m8010-6.o
    0x08006718   0x08006718   0x0000003c   Code   RO         2768    i.M8010_Set_Zero    go-m8010-6.o
    0x08006754   0x08006754   0x00000038   Code   RO         2770    i.M8010_init        go-m8010-6.o
    0x0800678c   0x0800678c   0x0000026c   Code   RO         2771    i.M8010_send        go-m8010-6.o
    0x080069f8   0x080069f8   0x0000010c   Code   RO         1660    i.MOTOR_Init        motor.o
    0x08006b04   0x08006b04   0x00000064   Code   RO          371    i.MX_DMA_Init       dma.o
    0x08006b68   0x08006b68   0x0000002c   Code   RO          309    i.MX_FREERTOS_Init  freertos.o
    0x08006b94   0x08006b94   0x0000011c   Code   RO          282    i.MX_GPIO_Init      gpio.o
    0x08006cb0   0x08006cb0   0x00000080   Code   RO          400    i.MX_TIM3_Init      tim.o
    0x08006d30   0x08006d30   0x00000090   Code   RO          401    i.MX_TIM4_Init      tim.o
    0x08006dc0   0x08006dc0   0x0000004c   Code   RO          402    i.MX_TIM6_Init      tim.o
    0x08006e0c   0x08006e0c   0x00000040   Code   RO          469    i.MX_UART5_Init     usart.o
    0x08006e4c   0x08006e4c   0x00000040   Code   RO          470    i.MX_UART7_Init     usart.o
    0x08006e8c   0x08006e8c   0x00000044   Code   RO          471    i.MX_UART8_Init     usart.o
    0x08006ed0   0x08006ed0   0x00000040   Code   RO          472    i.MX_USART1_UART_Init  usart.o
    0x08006f10   0x08006f10   0x00000040   Code   RO          473    i.MX_USART2_UART_Init  usart.o
    0x08006f50   0x08006f50   0x00000040   Code   RO          474    i.MX_USART3_UART_Init  usart.o
    0x08006f90   0x08006f90   0x00000040   Code   RO          475    i.MX_USART6_UART_Init  usart.o
    0x08006fd0   0x08006fd0   0x00000078   Code   RO         2106    i.MY_UART7_IRQHandler  postion_control.o
    0x08007048   0x08007048   0x0000000e   Code   RO         7530    i.Main_Task         main_task.o
    0x08007056   0x08007056   0x00000002   PAD
    0x08007058   0x08007058   0x00000030   Code   RO         7531    i.Main_Task_create  main_task.o
    0x08007088   0x08007088   0x00000004   Code   RO          562    i.MemManage_Handler  stm32f7xx_it.o
    0x0800708c   0x0800708c   0x00000050   Code   RO         1663    i.Motor_Action_Calculate_target  motor.o
    0x080070dc   0x080070dc   0x0000008c   Code   RO         1665    i.Motor_EncodeRpmX10  motor.o
    0x08007168   0x08007168   0x00000058   Code   RO         1667    i.Motor_ReadPulseSnapshot  motor.o
    0x080071c0   0x080071c0   0x000000e0   Code   RO         1671    i.Motor_Send_Speed_together  motor.o
    0x080072a0   0x080072a0   0x0000002a   Code   RO         1675    i.Motor_setspeed    motor.o
    0x080072ca   0x080072ca   0x0000002a   Code   RO         1676    i.Motor_setspeed_fine  motor.o
    0x080072f4   0x080072f4   0x00000100   Code   RO         1678    i.Motor_setspeed_internal  motor.o
    0x080073f4   0x080073f4   0x00000004   Code   RO          563    i.NMI_Handler       stm32f7xx_it.o
    0x080073f8   0x080073f8   0x000000be   Code   RO         2041    i.PID_Compute       pid.o
    0x080074b6   0x080074b6   0x00000002   PAD
    0x080074b8   0x080074b8   0x00000040   Code   RO         2043    i.PID_Init          pid.o
    0x080074f8   0x080074f8   0x0000001c   Code   RO         2108    i.POSTION_init      postion_control.o
    0x08007514   0x08007514   0x00000030   Code   RO         2459    i.QR_sense_init     qr_code.o
    0x08007544   0x08007544   0x00000028   Code   RO         2369    i.RingBuffer_GetCount  imu.o
    0x0800756c   0x0800756c   0x00000024   Code   RO         2370    i.RingBuffer_Peek   imu.o
    0x08007590   0x08007590   0x0000004c   Code   RO         1178    i.Ring_CompensatedDistance  task_flow.o
    0x080075dc   0x080075dc   0x00000038   Code   RO         1180    i.Ring_GetFixedPose  task_flow.o
    0x08007614   0x08007614   0x00000044   Code   RO         1181    i.Ring_PlaceFromWarehouse  task_flow.o
    0x08007658   0x08007658   0x00000022   Code   RO         1182    i.Ring_Position     task_flow.o
    0x0800767a   0x0800767a   0x00000036   Code   RO         1183    i.Ring_RecoverFromFixedPose  task_flow.o
    0x080076b0   0x080076b0   0x00000138   Code   RO         1184    i.Ring_SearchMove   task_flow.o
    0x080077e8   0x080077e8   0x00000090   Code   RO         1186    i.Route_Path1_StartToQR  task_flow.o
    0x08007878   0x08007878   0x00000064   Code   RO         1187    i.Route_Path2_QRToTurntable  task_flow.o
    0x080078dc   0x080078dc   0x000000e8   Code   RO         1188    i.Route_Path3_TurntableToProcessing  task_flow.o
    0x080079c4   0x080079c4   0x00000108   Code   RO         1189    i.Route_Path4_ProcessingToNext  task_flow.o
    0x08007acc   0x08007acc   0x00000104   Code   RO         1190    i.Route_Path5_StorageToTurntable  task_flow.o
    0x08007bd0   0x08007bd0   0x0000011c   Code   RO         1191    i.Route_Path6_StorageToHome  task_flow.o
    0x08007cec   0x08007cec   0x00000024   Code   RO         1679    i.Send_motor_together  motor.o
    0x08007d10   0x08007d10   0x00000014   Code   RO         2537    i.Set_Circle_Center  circe.o
    0x08007d24   0x08007d24   0x0000000a   Code   RO          310    i.StartDefaultTask  freertos.o
    0x08007d2e   0x08007d2e   0x00000002   PAD
    0x08007d30   0x08007d30   0x00000024   Code   RO         7476    i.Start_Task        start_task.o
    0x08007d54   0x08007d54   0x00000030   Code   RO         7477    i.Start_Task_Create  start_task.o
    0x08007d84   0x08007d84   0x00000038   Code   RO         7396    i.SysTick_Handler   port.o
    0x08007dbc   0x08007dbc   0x000000dc   Code   RO            6    i.SystemClock_Config  main.o
    0x08007e98   0x08007e98   0x00000014   Code   RO          732    i.SystemInit        system_stm32f7xx.o
    0x08007eac   0x08007eac   0x00000010   Code   RO          564    i.TIM6_DAC_IRQHandler  stm32f7xx_it.o
    0x08007ebc   0x08007ebc   0x00000010   Code   RO          565    i.TIM8_TRG_COM_TIM14_IRQHandler  stm32f7xx_it.o
    0x08007ecc   0x08007ecc   0x000000d8   Code   RO         3069    i.TIM_Base_SetConfig  stm32f7xx_hal_tim.o
    0x08007fa4   0x08007fa4   0x00000022   Code   RO         3070    i.TIM_CCxChannelCmd  stm32f7xx_hal_tim.o
    0x08007fc6   0x08007fc6   0x00000002   PAD
    0x08007fc8   0x08007fc8   0x00000074   Code   RO         3082    i.TIM_OC1_SetConfig  stm32f7xx_hal_tim.o
    0x0800803c   0x0800803c   0x00000080   Code   RO         3083    i.TIM_OC2_SetConfig  stm32f7xx_hal_tim.o
    0x080080bc   0x080080bc   0x0000007c   Code   RO         3084    i.TIM_OC3_SetConfig  stm32f7xx_hal_tim.o
    0x08008138   0x08008138   0x00000058   Code   RO         3085    i.TIM_OC4_SetConfig  stm32f7xx_hal_tim.o
    0x08008190   0x08008190   0x00000050   Code   RO         3086    i.TIM_OC5_SetConfig  stm32f7xx_hal_tim.o
    0x080081e0   0x080081e0   0x00000054   Code   RO         3087    i.TIM_OC6_SetConfig  stm32f7xx_hal_tim.o
    0x08008234   0x08008234   0x0000009c   Code   RO         1193    i.TaskFlow_PlaceFromWarehousePose  task_flow.o
    0x080082d0   0x080082d0   0x00000378   Code   RO         1194    i.TaskFlow_RingLocateOne  task_flow.o
    0x08008648   0x08008648   0x0000003c   Code   RO         2291    i.Telescopic_Init   telescopic_boom.o
    0x08008684   0x08008684   0x00000038   Code   RO         2371    i.U2_send           imu.o
    0x080086bc   0x080086bc   0x00000052   Code   RO         1680    i.U3_data_processing  motor.o
    0x0800870e   0x0800870e   0x00000002   PAD
    0x08008710   0x08008710   0x00000118   Code   RO         1681    i.U3_process_single_frame  motor.o
    0x08008828   0x08008828   0x00000038   Code   RO         2460    i.U5_send           qr_code.o
    0x08008860   0x08008860   0x00000084   Code   RO         2538    i.U6_IsFrameReady   circe.o
    0x080088e4   0x080088e4   0x00000038   Code   RO         2539    i.U6_send           circe.o
    0x0800891c   0x0800891c   0x00000078   Code   RO         2111    i.U7_Parse_Stream_Byte  postion_control.o
    0x08008994   0x08008994   0x00000016   Code   RO         2112    i.U7_Process_8Byte_Frame  postion_control.o
    0x080089aa   0x080089aa   0x00000002   PAD
    0x080089ac   0x080089ac   0x00000028   Code   RO         1682    i.UART3_ErrorHandler  motor.o
    0x080089d4   0x080089d4   0x00000054   Code   RO         1683    i.UART3_RxEventHandler  motor.o
    0x08008a28   0x08008a28   0x00000088   Code   RO         1684    i.UART3_RxRestart   motor.o
    0x08008ab0   0x08008ab0   0x00000190   Code   RO         2461    i.UART5_IRQHandler  qr_code.o
    0x08008c40   0x08008c40   0x00000010   Code   RO          566    i.UART7_IRQHandler  stm32f7xx_it.o
    0x08008c50   0x08008c50   0x00000088   Code   RO         2113    i.UART7_RxRestart   postion_control.o
    0x08008cd8   0x08008cd8   0x00000158   Code   RO         2772    i.UART8_IRQHandler  go-m8010-6.o
    0x08008e30   0x08008e30   0x000000f8   Code   RO         5755    i.UART_AdvFeatureConfig  stm32f7xx_hal_uart.o
    0x08008f28   0x08008f28   0x0000004c   Code   RO         5756    i.UART_CheckIdleState  stm32f7xx_hal_uart.o
    0x08008f74   0x08008f74   0x00000018   Code   RO         5757    i.UART_DMAAbortOnError  stm32f7xx_hal_uart.o
    0x08008f8c   0x08008f8c   0x0000005a   Code   RO         5758    i.UART_DMAError     stm32f7xx_hal_uart.o
    0x08008fe6   0x08008fe6   0x000000a8   Code   RO         5759    i.UART_DMAReceiveCplt  stm32f7xx_hal_uart.o
    0x0800908e   0x0800908e   0x00000022   Code   RO         5761    i.UART_DMARxHalfCplt  stm32f7xx_hal_uart.o
    0x080090b0   0x080090b0   0x00000054   Code   RO         5763    i.UART_DMATransmitCplt  stm32f7xx_hal_uart.o
    0x08009104   0x08009104   0x0000000e   Code   RO         5765    i.UART_DMATxHalfCplt  stm32f7xx_hal_uart.o
    0x08009112   0x08009112   0x00000064   Code   RO         5767    i.UART_EndRxTransfer  stm32f7xx_hal_uart.o
    0x08009176   0x08009176   0x0000002e   Code   RO         5768    i.UART_EndTransmit_IT  stm32f7xx_hal_uart.o
    0x080091a4   0x080091a4   0x00000020   Code   RO         5769    i.UART_EndTxTransfer  stm32f7xx_hal_uart.o
    0x080091c4   0x080091c4   0x0000033c   Code   RO         5772    i.UART_SetConfig    stm32f7xx_hal_uart.o
    0x08009500   0x08009500   0x000000d4   Code   RO         5773    i.UART_Start_Receive_DMA  stm32f7xx_hal_uart.o
    0x080095d4   0x080095d4   0x000000f8   Code   RO         5777    i.UART_WaitOnFlagUntilTimeout  stm32f7xx_hal_uart.o
    0x080096cc   0x080096cc   0x00000044   Code   RO         2372    i.USART2_IRQHandler  imu.o
    0x08009710   0x08009710   0x00000010   Code   RO          567    i.USART3_IRQHandler  stm32f7xx_it.o
    0x08009720   0x08009720   0x00000098   Code   RO         2540    i.USART6_IRQHandler  circe.o
    0x080097b8   0x080097b8   0x0000003c   Code   RO         2541    i.USART6_readdata_SeetZero  circe.o
    0x080097f4   0x080097f4   0x00000004   Code   RO          568    i.UsageFault_Handler  stm32f7xx_it.o
    0x080097f8   0x080097f8   0x0000003c   Code   RO         2542    i.Vision_ClearSelected  circe.o
    0x08009834   0x08009834   0x00000012   Code   RO         2543    i.Vision_GetMaterialTarget  circe.o
    0x08009846   0x08009846   0x00000012   Code   RO         2544    i.Vision_GetRingTarget  circe.o
    0x08009858   0x08009858   0x00000018   Code   RO         2545    i.Vision_GetTable   circe.o
    0x08009870   0x08009870   0x00000042   Code   RO         2546    i.Vision_GetTarget  circe.o
    0x080098b2   0x080098b2   0x0000000a   Code   RO         2547    i.Vision_LED_Off    circe.o
    0x080098bc   0x080098bc   0x0000000a   Code   RO         2548    i.Vision_LED_On     circe.o
    0x080098c6   0x080098c6   0x0000000e   Code   RO         2549    i.Vision_ModeClsToOrder  circe.o
    0x080098d4   0x080098d4   0x00000018   Code   RO         2551    i.Vision_Receive_Init  circe.o
    0x080098ec   0x080098ec   0x00000014   Code   RO         2552    i.Vision_SetLED     circe.o
    0x08009900   0x08009900   0x00000030   Code   RO         2553    i.Vision_SetMode    circe.o
    0x08009930   0x08009930   0x0000000a   Code   RO         2554    i.Vision_StartMaterial  circe.o
    0x0800993a   0x0800993a   0x0000000a   Code   RO         2555    i.Vision_StartRing  circe.o
    0x08009944   0x08009944   0x0000000a   Code   RO         2556    i.Vision_Stop       circe.o
    0x0800994e   0x0800994e   0x00000002   PAD
    0x08009950   0x08009950   0x000000ac   Code   RO         2557    i.Vision_UpdateSelectedFromCache  circe.o
    0x080099fc   0x080099fc   0x00000054   Code   RO         2114    i.YZ_SetZero        postion_control.o
    0x08009a50   0x08009a50   0x0000008c   Code   RO         2115    i.Y_InitMoveSigned  postion_control.o
    0x08009adc   0x08009adc   0x00000078   Code   RO         2116    i.Y_SetLength       postion_control.o
    0x08009b54   0x08009b54   0x0000000a   Code   RO         1938    i.Yaw_DriftCorrect  imu_control.o
    0x08009b5e   0x08009b5e   0x00000002   PAD
    0x08009b60   0x08009b60   0x000003a0   Code   RO         1196    i.Yuanpanji_LocateOpenLoop  task_flow.o
    0x08009f00   0x08009f00   0x00000024   Code   RO         1396    i.Yuanpanji_PrepareDetectPose  action_control.o
    0x08009f24   0x08009f24   0x0000010c   Code   RO         1197    i.Yuanpanji_ReturnAnchor  task_flow.o
    0x0800a030   0x0800a030   0x000000b0   Code   RO         2117    i.Z_InitMoveSigned  postion_control.o
    0x0800a0e0   0x0800a0e0   0x000000e4   Code   RO         2118    i.Z_SetHeight       postion_control.o
    0x0800a1c4   0x0800a1c4   0x00000030   Code   RO         8200    i.__0snprintf       mc_w.l(printfa.o)
    0x0800a1f4   0x0800a1f4   0x0000002c   Code   RO         8204    i.__0vsnprintf      mc_w.l(printfa.o)
    0x0800a220   0x0800a220   0x00000026   Code   RO         8251    i.__ARM_fpclassifyf  m_wm.l(fpclassifyf.o)
    0x0800a246   0x0800a246   0x00000002   PAD
    0x0800a248   0x0800a248   0x00000010   Code   RO         3998    i.__NVIC_GetPriorityGrouping  stm32f7xx_hal_cortex.o
    0x0800a258   0x0800a258   0x00000028   Code   RO         3999    i.__NVIC_SetPriority  stm32f7xx_hal_cortex.o
    0x0800a280   0x0800a280   0x00000150   Code   RO         7921    i.__hardfp_cosf     m_wm.l(cosf.o)
    0x0800a3d0   0x0800a3d0   0x00000190   Code   RO         7933    i.__hardfp_sinf     m_wm.l(sinf.o)
    0x0800a560   0x0800a560   0x00000006   Code   RO         8254    i.__mathlib_flt_infnan  m_wm.l(funder.o)
    0x0800a566   0x0800a566   0x00000002   PAD
    0x0800a568   0x0800a568   0x00000010   Code   RO         8256    i.__mathlib_flt_invalid  m_wm.l(funder.o)
    0x0800a578   0x0800a578   0x00000010   Code   RO         8259    i.__mathlib_flt_underflow  m_wm.l(funder.o)
    0x0800a588   0x0800a588   0x00000154   Code   RO         8267    i.__mathlib_rredf2  m_wm.l(rredf.o)
    0x0800a6dc   0x0800a6dc   0x0000000e   Code   RO         8313    i.__scatterload_copy  mc_w.l(handlers.o)
    0x0800a6ea   0x0800a6ea   0x00000002   Code   RO         8314    i.__scatterload_null  mc_w.l(handlers.o)
    0x0800a6ec   0x0800a6ec   0x0000000e   Code   RO         8315    i.__scatterload_zeroinit  mc_w.l(handlers.o)
    0x0800a6fa   0x0800a6fa   0x00000002   PAD
    0x0800a6fc   0x0800a6fc   0x0000000c   Code   RO         8295    i.__set_errno       mc_w.l(errno.o)
    0x0800a708   0x0800a708   0x00000184   Code   RO         8206    i._fp_digits        mc_w.l(printfa.o)
    0x0800a88c   0x0800a88c   0x000006dc   Code   RO         8207    i._printf_core      mc_w.l(printfa.o)
    0x0800af68   0x0800af68   0x00000024   Code   RO         8208    i._printf_post_padding  mc_w.l(printfa.o)
    0x0800af8c   0x0800af8c   0x0000002e   Code   RO         8209    i._printf_pre_padding  mc_w.l(printfa.o)
    0x0800afba   0x0800afba   0x00000016   Code   RO         8210    i._snputc           mc_w.l(printfa.o)
    0x0800afd0   0x0800afd0   0x0000009c   Code   RO         2558    i.circle_color_data_deal  circe.o
    0x0800b06c   0x0800b06c   0x00000028   Code   RO          769    i.claw_move_1       catch.o
    0x0800b094   0x0800b094   0x00000028   Code   RO          770    i.claw_move_2       catch.o
    0x0800b0bc   0x0800b0bc   0x00000028   Code   RO         2773    i.crc_ccitt         go-m8010-6.o
    0x0800b0e4   0x0800b0e4   0x00000018   Code   RO         2774    i.crc_ccitt_byte    go-m8010-6.o
    0x0800b0fc   0x0800b0fc   0x0000005c   Code   RO         1939    i.getAngleZ         imu_control.o
    0x0800b158   0x0800b158   0x00000048   Code   RO            7    i.main              main.o
    0x0800b1a0   0x0800b1a0   0x0000000e   Code   RO         6955    i.makeFreeRtosPriority  cmsis_os.o
    0x0800b1ae   0x0800b1ae   0x00000002   PAD
    0x0800b1b0   0x0800b1b0   0x00000224   Code   RO         2775    i.modify_data       go-m8010-6.o
    0x0800b3d4   0x0800b3d4   0x00000020   Code   RO         1686    i.motor_read_coordination  motor.o
    0x0800b3f4   0x0800b3f4   0x00000048   Code   RO         1941    i.normalize_angle   imu_control.o
    0x0800b43c   0x0800b43c   0x00000018   Code   RO         6957    i.osDelay           cmsis_os.o
    0x0800b454   0x0800b454   0x0000000a   Code   RO         6960    i.osKernelStart     cmsis_os.o
    0x0800b45e   0x0800b45e   0x0000005e   Code   RO         6994    i.osThreadCreate    cmsis_os.o
    0x0800b4bc   0x0800b4bc   0x00000054   Code   RO         2119    i.position_init_send  postion_control.o
    0x0800b510   0x0800b510   0x00000012   Code   RO         2120    i.postion_send      postion_control.o
    0x0800b522   0x0800b522   0x00000002   PAD
    0x0800b524   0x0800b524   0x00000078   Code   RO         2121    i.postion_send_mode  postion_control.o
    0x0800b59c   0x0800b59c   0x00000098   Code   RO         6627    i.prvAddCurrentTaskToDelayedList  tasks.o
    0x0800b634   0x0800b634   0x000000b4   Code   RO         6628    i.prvAddNewTaskToReadyList  tasks.o
    0x0800b6e8   0x0800b6e8   0x00000048   Code   RO         6629    i.prvCheckTasksWaitingTermination  tasks.o
    0x0800b730   0x0800b730   0x0000002a   Code   RO         6298    i.prvCopyDataFromQueue  queue.o
    0x0800b75a   0x0800b75a   0x0000007e   Code   RO         6299    i.prvCopyDataToQueue  queue.o
    0x0800b7d8   0x0800b7d8   0x00000054   Code   RO         6630    i.prvDeleteTCB      tasks.o
    0x0800b82c   0x0800b82c   0x0000007c   Code   RO         7334    i.prvHeapInit       heap_4.o
    0x0800b8a8   0x0800b8a8   0x00000028   Code   RO         6631    i.prvIdleTask       tasks.o
    0x0800b8d0   0x0800b8d0   0x00000026   Code   RO         6302    i.prvInitialiseNewQueue  queue.o
    0x0800b8f6   0x0800b8f6   0x000000b8   Code   RO         6632    i.prvInitialiseNewTask  tasks.o
    0x0800b9ae   0x0800b9ae   0x00000002   PAD
    0x0800b9b0   0x0800b9b0   0x00000068   Code   RO         6633    i.prvInitialiseTaskLists  tasks.o
    0x0800ba18   0x0800ba18   0x00000068   Code   RO         7335    i.prvInsertBlockIntoFreeList  heap_4.o
    0x0800ba80   0x0800ba80   0x0000001a   Code   RO         6303    i.prvIsQueueEmpty   queue.o
    0x0800ba9a   0x0800ba9a   0x0000001e   Code   RO         6304    i.prvIsQueueFull    queue.o
    0x0800bab8   0x0800bab8   0x00000034   Code   RO         6634    i.prvResetNextTaskUnblockTime  tasks.o
    0x0800baec   0x0800baec   0x00000048   Code   RO         7397    i.prvTaskExitError  port.o
    0x0800bb34   0x0800bb34   0x0000007e   Code   RO         6305    i.prvUnlockQueue    queue.o
    0x0800bbb2   0x0800bbb2   0x00000002   PAD
    0x0800bbb4   0x0800bbb4   0x00000148   Code   RO         7336    i.pvPortMalloc      heap_4.o
    0x0800bcfc   0x0800bcfc   0x0000002c   Code   RO         7398    i.pxPortInitialiseStack  port.o
    0x0800bd28   0x0800bd28   0x000000a0   Code   RO         2776    i.read_init_postion  go-m8010-6.o
    0x0800bdc8   0x0800bdc8   0x00000064   Code   RO         1690    i.send_speed_data_all  motor.o
    0x0800be2c   0x0800be2c   0x00000044   Code   RO         2873    i.tjc_send_txt      tjc_usart_hmi.o
    0x0800be70   0x0800be70   0x00000078   Code   RO         2560    i.u6_data_process   circe.o
    0x0800bee8   0x0800bee8   0x000000ac   Code   RO         2561    i.u6_multi_target_process  circe.o
    0x0800bf94   0x0800bf94   0x00000060   Code   RO         2122    i.u7RXdat_dispose   postion_control.o
    0x0800bff4   0x0800bff4   0x0000004c   Code   RO         2123    i.u7RXdat_dispose_1  postion_control.o
    0x0800c040   0x0800c040   0x0000001a   Code   RO         2373    i.uart2WriteBuf     imu.o
    0x0800c05a   0x0800c05a   0x00000002   PAD
    0x0800c05c   0x0800c05c   0x00000034   Code   RO         1692    i.uart3WriteBuf     motor.o
    0x0800c090   0x0800c090   0x00000064   Code   RO         2125    i.uart7WriteBuf     postion_control.o
    0x0800c0f4   0x0800c0f4   0x0000000e   Code   RO         2875    i.uart_send_char    tjc_usart_hmi.o
    0x0800c102   0x0800c102   0x00000018   Code   RO         2876    i.uart_send_string  tjc_usart_hmi.o
    0x0800c11a   0x0800c11a   0x00000028   Code   RO         6258    i.uxListRemove      list.o
    0x0800c142   0x0800c142   0x00000002   PAD
    0x0800c144   0x0800c144   0x00000018   Code   RO          311    i.vApplicationGetIdleTaskMemory  freertos.o
    0x0800c15c   0x0800c15c   0x0000001a   Code   RO         6259    i.vListInitialise   list.o
    0x0800c176   0x0800c176   0x00000006   Code   RO         6260    i.vListInitialiseItem  list.o
    0x0800c17c   0x0800c17c   0x00000034   Code   RO         6261    i.vListInsert       list.o
    0x0800c1b0   0x0800c1b0   0x00000018   Code   RO         6262    i.vListInsertEnd    list.o
    0x0800c1c8   0x0800c1c8   0x0000005c   Code   RO         7400    i.vPortEnterCritical  port.o
    0x0800c224   0x0800c224   0x00000040   Code   RO         7401    i.vPortExitCritical  port.o
    0x0800c264   0x0800c264   0x0000009c   Code   RO         7337    i.vPortFree         heap_4.o
    0x0800c300   0x0800c300   0x00000028   Code   RO         7402    i.vPortSetupTimerInterrupt  port.o
    0x0800c328   0x0800c328   0x00000060   Code   RO         6642    i.vTaskDelay        tasks.o
    0x0800c388   0x0800c388   0x000000e0   Code   RO         6643    i.vTaskDelayUntil   tasks.o
    0x0800c468   0x0800c468   0x000000f8   Code   RO         6644    i.vTaskDelete       tasks.o
    0x0800c560   0x0800c560   0x00000018   Code   RO         6646    i.vTaskInternalSetTimeOutState  tasks.o
    0x0800c578   0x0800c578   0x0000000c   Code   RO         6647    i.vTaskMissedYield  tasks.o
    0x0800c584   0x0800c584   0x0000003c   Code   RO         6649    i.vTaskPlaceOnEventList  tasks.o
    0x0800c5c0   0x0800c5c0   0x000000b8   Code   RO         6656    i.vTaskStartScheduler  tasks.o
    0x0800c678   0x0800c678   0x00000010   Code   RO         6658    i.vTaskSuspendAll   tasks.o
    0x0800c688   0x0800c688   0x00000090   Code   RO         6659    i.vTaskSwitchContext  tasks.o
    0x0800c718   0x0800c718   0x00000028   Code   RO         2563    i.vision_clear_table  circe.o
    0x0800c740   0x0800c740   0x00000114   Code   RO         7404    i.xPortStartScheduler  port.o
    0x0800c854   0x0800c854   0x00000064   Code   RO         6314    i.xQueueGenericCreate  queue.o
    0x0800c8b8   0x0800c8b8   0x0000009c   Code   RO         6316    i.xQueueGenericReset  queue.o
    0x0800c954   0x0800c954   0x000001b8   Code   RO         6317    i.xQueueGenericSend  queue.o
    0x0800cb0c   0x0800cb0c   0x00000174   Code   RO         6324    i.xQueueReceive     queue.o
    0x0800cc80   0x0800cc80   0x00000094   Code   RO         6660    i.xTaskCheckForTimeOut  tasks.o
    0x0800cd14   0x0800cd14   0x00000064   Code   RO         6661    i.xTaskCreate       tasks.o
    0x0800cd78   0x0800cd78   0x000000c6   Code   RO         6662    i.xTaskCreateStatic  tasks.o
    0x0800ce3e   0x0800ce3e   0x00000002   PAD
    0x0800ce40   0x0800ce40   0x00000020   Code   RO         6666    i.xTaskGetSchedulerState  tasks.o
    0x0800ce60   0x0800ce60   0x0000000c   Code   RO         6667    i.xTaskGetTickCount  tasks.o
    0x0800ce6c   0x0800ce6c   0x0000014c   Code   RO         6669    i.xTaskIncrementTick  tasks.o
    0x0800cfb8   0x0800cfb8   0x000000d0   Code   RO         6672    i.xTaskPriorityDisinherit  tasks.o
    0x0800d088   0x0800d088   0x0000009c   Code   RO         6674    i.xTaskRemoveFromEventList  tasks.o
    0x0800d124   0x0800d124   0x00000108   Code   RO         6675    i.xTaskResumeAll    tasks.o
    0x0800d22c   0x0800d22c   0x0000001c   Data   RO          313    .constdata          freertos.o
    0x0800d248   0x0800d248   0x00000018   Data   RO          733    .constdata          system_stm32f7xx.o
    0x0800d260   0x0800d260   0x00000200   Data   RO         2778    .constdata          go-m8010-6.o
    0x0800d460   0x0800d460   0x00000008   Data   RO         4590    .constdata          stm32f7xx_hal_dma.o
    0x0800d468   0x0800d468   0x00000020   Data   RO         8268    .constdata          m_wm.l(rredf.o)
    0x0800d488   0x0800d488   0x0000000c   Data   RO          314    .conststring        freertos.o
    0x0800d494   0x0800d494   0x00000020   Data   RO         8311    Region$$Table       anon$$obj.o


    Execution Region RW_IRAM1 (Exec base: 0x20000000, Load base: 0x0800d4b4, Size: 0x000054b0, Max: 0x00050000, ABSOLUTE, COMPRESSED[0x00000074])

    Exec Addr    Load Addr    Size         Type   Attr      Idx    E Section Name        Object

    0x20000000   COMPRESSED   0x00000004   Data   RW          315    .data               freertos.o
    0x20000004   COMPRESSED   0x00000004   Data   RW          734    .data               system_stm32f7xx.o
    0x20000008   COMPRESSED   0x0000001b   Data   RW         1198    .data               task_flow.o
    0x20000023   COMPRESSED   0x00000001   PAD
    0x20000024   COMPRESSED   0x00000008   Data   RW         1498    .data               motor_control.o
    0x2000002c   COMPRESSED   0x000000c9   Data   RW         1694    .data               motor.o
    0x200000f5   COMPRESSED   0x00000003   PAD
    0x200000f8   COMPRESSED   0x00000055   Data   RW         2127    .data               postion_control.o
    0x2000014d   COMPRESSED   0x00000001   PAD
    0x2000014e   COMPRESSED   0x00000002   Data   RW         2255    .data               delay.o
    0x20000150   COMPRESSED   0x00000021   Data   RW         2375    .data               imu.o
    0x20000171   COMPRESSED   0x00000003   PAD
    0x20000174   COMPRESSED   0x0000001c   Data   RW         2464    .data               qr_code.o
    0x20000190   COMPRESSED   0x0000003a   Data   RW         2565    .data               circe.o
    0x200001ca   COMPRESSED   0x00000002   PAD
    0x200001cc   COMPRESSED   0x00000030   Data   RW         2779    .data               go-m8010-6.o
    0x200001fc   COMPRESSED   0x00000009   Data   RW         4967    .data               stm32f7xx_hal.o
    0x20000205   COMPRESSED   0x00000003   PAD
    0x20000208   COMPRESSED   0x0000003c   Data   RW         6678    .data               tasks.o
    0x20000244   COMPRESSED   0x00000018   Data   RW         7342    .data               heap_4.o
    0x2000025c   COMPRESSED   0x0000000c   Data   RW         7405    .data               port.o
    0x20000268   COMPRESSED   0x00000004   Data   RW         7478    .data               start_task.o
    0x2000026c   COMPRESSED   0x00000004   Data   RW         7533    .data               main_task.o
    0x20000270   COMPRESSED   0x00000004   Data   RW         7628    .data               imu_task.o
    0x20000274   COMPRESSED   0x00000035   Data   RW         7682    .data               hmi_task.o
    0x200002a9   COMPRESSED   0x00000003   PAD
    0x200002ac   COMPRESSED   0x00000004   Data   RW         8296    .data               mc_w.l(errno.o)
    0x200002b0        -       0x00000254   Zero   RW          312    .bss                freertos.o
    0x20000504        -       0x000000e4   Zero   RW          403    .bss                tim.o
    0x200005e8        -       0x0000051c   Zero   RW          477    .bss                usart.o
    0x20000b04        -       0x0000004c   Zero   RW          688    .bss                stm32f7xx_hal_timebase_tim.o
    0x20000b50        -       0x00000018   Zero   RW          956    .bss                warehouse_app.o
    0x20000b68        -       0x00000275   Zero   RW         1693    .bss                motor.o
    0x20000ddd   COMPRESSED   0x00000003   PAD
    0x20000de0        -       0x00000018   Zero   RW         1942    .bss                imu_control.o
    0x20000df8        -       0x00000040   Zero   RW         2046    .bss                pid.o
    0x20000e38        -       0x000000a0   Zero   RW         2126    .bss                postion_control.o
    0x20000ed8        -       0x00000030   Zero   RW         2297    .bss                telescopic_boom.o
    0x20000f08        -       0x00000110   Zero   RW         2374    .bss                imu.o
    0x20001018        -       0x000000b8   Zero   RW         2463    .bss                qr_code.o
    0x200010d0        -       0x00000164   Zero   RW         2564    .bss                circe.o
    0x20001234   COMPRESSED   0x00000004   PAD
    0x20001238        -       0x0000008c   Zero   RW         2777    .bss                go-m8010-6.o
    0x200012c4        -       0x000000f0   Zero   RW         6677    .bss                tasks.o
    0x200013b4        -       0x00003c00   Zero   RW         7341    .bss                heap_4.o
    0x20004fb4        -       0x000000f6   Zero   RW         7681    .bss                hmi_task.o
    0x200050aa   COMPRESSED   0x00000006   PAD
    0x200050b0        -       0x00000400   Zero   RW          721    STACK               startup_stm32f750xx.o


==============================================================================

Image component sizes


      Code (inc. data)   RO Data    RW Data    ZI Data      Debug   Object Name

       296          4          0          0          0       2693   action_control.o
        80          8          0          0          0       3488   catch.o
      1422        210          0         58        356      16190   circe.o
       142          0          0          0          0      23151   cmsis_os.o
        56         10          0          2          0       1556   delay.o
       100          4          0          0          0        822   dma.o
         0          0          0          0          0      18916   event_groups.o
        78         20         40          4        596       7326   freertos.o
      1964        260        512         48        140      10386   go-m8010-6.o
       284         16          0          0          0       1103   gpio.o
       712         62          0         24      15360       7499   heap_4.o
      1734        530          0         53        246      15240   hmi_task.o
       850        100          0         33        272       6441   imu.o
       366         64          0          0         24       4320   imu_control.o
        70         20          0          4          0       1598   imu_task.o
       148          0          0          0          0       3678   list.o
       362         26          0          0          0     875986   main.o
        62         22          0          4          0       1230   main_task.o
      2904        394          0        201        629      22440   motor.o
      3760        304          0          8          0      22085   motor_control.o
       108         24          0          0          0       1618   mynvic.o
       254         10          0          0         64       2121   pid.o
       838         72          0         12          0      11200   port.o
      1668        198          0         85        160      13149   postion_control.o
       528         80          0         28        184       4362   qr_code.o
      1456         14          0          0          0      13935   queue.o
       168         38          0          4          0       1880   start_task.o
        36          8        456          0       1024        824   startup_stm32f750xx.o
       186         28          0          9          0       9635   stm32f7xx_hal.o
       252         22          0          0          0      38758   stm32f7xx_hal_cortex.o
      1454         16          8          0          0       7825   stm32f7xx_hal_dma.o
       536         52          0          0          0       2196   stm32f7xx_hal_gpio.o
        76          6          0          0          0        890   stm32f7xx_hal_msp.o
       144          8          0          0          0       1308   stm32f7xx_hal_pwr_ex.o
      2008         86          0          0          0       6385   stm32f7xx_hal_rcc.o
      1764         18          0          0          0       2236   stm32f7xx_hal_rcc_ex.o
      2578        226          0          0          0      14659   stm32f7xx_hal_tim.o
       210         30          0          0          0       3188   stm32f7xx_hal_tim_ex.o
       136         18          0          0         76       1520   stm32f7xx_hal_timebase_tim.o
      3854        102          0          0          0      20511   stm32f7xx_hal_uart.o
       112          0          0          0          0       1347   stm32f7xx_hal_uart_ex.o
       150         48          0          0          0       7110   stm32f7xx_it.o
        20          6         24          4          0       1187   system_stm32f7xx.o
      7676       1608          0         27          0      30581   task_flow.o
      3326        400          0         60        240      29344   tasks.o
        60         22          0          0         48        799   telescopic_boom.o
       672         72          0          0        228       4416   tim.o
       106          4          0          0          0       1867   tjc_usart_hmi.o
      1672        138          0          0       1308       6477   usart.o
       180         28          0          0         24       2068   warehouse_app.o

    ----------------------------------------------------------------------
     47686       5436       1072        684      20992    1289544   Object Totals
         0          0         32          0          0          0   (incl. Generated)
        68          0          0         16         13          0   (incl. Padding)

    ----------------------------------------------------------------------

      Code (inc. data)   RO Data    RW Data    ZI Data      Debug   Library Member Name

       336         56          0          0          0        136   cosf.o
        38          0          0          0          0        116   fpclassifyf.o
        38         12          0          0          0        348   funder.o
       340         24         32          0          0        160   rredf.o
       400         56          0          0          0        212   sinf.o
        86          0          0          0          0          0   __dczerorl2.o
         0          0          0          0          0          0   entry.o
         0          0          0          0          0          0   entry10a.o
         0          0          0          0          0          0   entry11a.o
         8          4          0          0          0          0   entry2.o
         4          0          0          0          0          0   entry5.o
         0          0          0          0          0          0   entry7b.o
         0          0          0          0          0          0   entry8b.o
         8          4          0          0          0          0   entry9a.o
        12          6          0          4          0         68   errno.o
        30          0          0          0          0          0   handlers.o
        36          8          0          0          0         68   init.o
         0          0          0          0          0          0   iusefp.o
        98          0          0          0          0         84   ldiv.o
        30          0          0          0          0         68   llshl.o
        36          0          0          0          0         68   llsshr.o
        32          0          0          0          0         68   llushr.o
        36          0          0          0          0         68   memcpya.o
        36          0          0          0          0        108   memseta.o
      2340         88          0          0          0        600   printfa.o
        28          0          0          0          0         76   strcmp.o
        18          0          0          0          0         68   strcpy.o
        44          0          0          0          0         80   uidiv.o
        98          0          0          0          0         92   uldiv.o
        48          0          0          0          0         68   cdcmple.o
        48          0          0          0          0         68   cdrcmple.o
        56          0          0          0          0         88   d2f.o
       334          0          0          0          0        148   dadd.o
       222          0          0          0          0        100   ddiv.o
       186          0          0          0          0        176   depilogue.o
        62          0          0          0          0         80   dfixi.o
        48          0          0          0          0         68   dfixul.o
        34          0          0          0          0         76   dflti.o
       228          0          0          0          0         96   dmul.o
        38          0          0          0          0         68   f2d.o
       110          0          0          0          0        168   fepilogue.o
        66          0          0          0          0         76   ffixl.o
        44          0          0          0          0         92   ffltl.o

    ----------------------------------------------------------------------
      5662        258         32          4          0       3860   Library Totals
         6          0          0          0          0          0   (incl. Padding)

    ----------------------------------------------------------------------

      Code (inc. data)   RO Data    RW Data    ZI Data      Debug   Library Name

      1152        148         32          0          0        972   m_wm.l
      2980        110          0          4          0       1516   mc_w.l
      1524          0          0          0          0       1372   mf_w.l

    ----------------------------------------------------------------------
      5662        258         32          4          0       3860   Library Totals

    ----------------------------------------------------------------------

==============================================================================


      Code (inc. data)   RO Data    RW Data    ZI Data      Debug   

     53348       5694       1104        688      20992    1255228   Grand Totals
     53348       5694       1104        116      20992    1255228   ELF Image Totals (compressed)
     53348       5694       1104        116          0          0   ROM Totals

==============================================================================

    Total RO  Size (Code + RO Data)                54452 (  53.18kB)
    Total RW  Size (RW Data + ZI Data)             21680 (  21.17kB)
    Total ROM Size (Code + RO Data + RW Data)      54568 (  53.29kB)

==============================================================================

