Component: ARM Compiler 5.06 update 6 (build 750) Tool: armlink [4d35ed]

==============================================================================

Section Cross References

    main.o(i.HAL_TIM_PeriodElapsedCallback) refers to stm32f7xx_hal.o(i.HAL_IncTick) for HAL_IncTick
    main.o(i.HAL_TIM_PeriodElapsedCallback) refers to delay.o(.data) for delaytime
    main.o(i.HAL_TIM_PeriodElapsedCallback) refers to tim.o(.bss) for htim6
    main.o(i.SystemClock_Config) refers to memseta.o(.text) for __aeabi_memclr4
    main.o(i.SystemClock_Config) refers to stm32f7xx_hal_rcc.o(i.HAL_RCC_OscConfig) for HAL_RCC_OscConfig
    main.o(i.SystemClock_Config) refers to main.o(i.Error_Handler) for Error_Handler
    main.o(i.SystemClock_Config) refers to stm32f7xx_hal_pwr_ex.o(i.HAL_PWREx_EnableOverDrive) for HAL_PWREx_EnableOverDrive
    main.o(i.SystemClock_Config) refers to stm32f7xx_hal_rcc.o(i.HAL_RCC_ClockConfig) for HAL_RCC_ClockConfig
    main.o(i.SystemClock_Config) refers to stm32f7xx_hal_rcc_ex.o(i.HAL_RCCEx_PeriphCLKConfig) for HAL_RCCEx_PeriphCLKConfig
    main.o(i.main) refers to stm32f7xx_hal.o(i.HAL_Init) for HAL_Init
    main.o(i.main) refers to stm32f7xx_hal.o(i.HAL_DeInit) for HAL_DeInit
    main.o(i.main) refers to main.o(i.SystemClock_Config) for SystemClock_Config
    main.o(i.main) refers to gpio.o(i.MX_GPIO_Init) for MX_GPIO_Init
    main.o(i.main) refers to dma.o(i.MX_DMA_Init) for MX_DMA_Init
    main.o(i.main) refers to tim.o(i.MX_TIM6_Init) for MX_TIM6_Init
    main.o(i.main) refers to usart.o(i.MX_UART5_Init) for MX_UART5_Init
    main.o(i.main) refers to usart.o(i.MX_UART7_Init) for MX_UART7_Init
    main.o(i.main) refers to usart.o(i.MX_UART8_Init) for MX_UART8_Init
    main.o(i.main) refers to usart.o(i.MX_USART2_UART_Init) for MX_USART2_UART_Init
    main.o(i.main) refers to usart.o(i.MX_USART3_UART_Init) for MX_USART3_UART_Init
    main.o(i.main) refers to usart.o(i.MX_USART6_UART_Init) for MX_USART6_UART_Init
    main.o(i.main) refers to usart.o(i.MX_USART1_UART_Init) for MX_USART1_UART_Init
    main.o(i.main) refers to tim.o(i.MX_TIM4_Init) for MX_TIM4_Init
    main.o(i.main) refers to tim.o(i.MX_TIM3_Init) for MX_TIM3_Init
    main.o(i.main) refers to freertos.o(i.MX_FREERTOS_Init) for MX_FREERTOS_Init
    main.o(i.main) refers to cmsis_os.o(i.osKernelStart) for osKernelStart
    gpio.o(i.MX_GPIO_Init) refers to memseta.o(.text) for __aeabi_memclr4
    gpio.o(i.MX_GPIO_Init) refers to stm32f7xx_hal_gpio.o(i.HAL_GPIO_WritePin) for HAL_GPIO_WritePin
    gpio.o(i.MX_GPIO_Init) refers to stm32f7xx_hal_gpio.o(i.HAL_GPIO_Init) for HAL_GPIO_Init
    freertos.o(i.MX_FREERTOS_Init) refers to memcpya.o(.text) for __aeabi_memcpy4
    freertos.o(i.MX_FREERTOS_Init) refers to cmsis_os.o(i.osThreadCreate) for osThreadCreate
    freertos.o(i.MX_FREERTOS_Init) refers to start_task.o(i.Start_Task_Create) for Start_Task_Create
    freertos.o(i.MX_FREERTOS_Init) refers to freertos.o(.constdata) for .constdata
    freertos.o(i.MX_FREERTOS_Init) refers to freertos.o(.data) for defaultTaskHandle
    freertos.o(i.StartDefaultTask) refers to cmsis_os.o(i.osDelay) for osDelay
    freertos.o(i.vApplicationGetIdleTaskMemory) refers to freertos.o(.bss) for xIdleTaskTCBBuffer
    freertos.o(.constdata) refers to freertos.o(.conststring) for .conststring
    freertos.o(.constdata) refers to freertos.o(i.StartDefaultTask) for StartDefaultTask
    dma.o(i.MX_DMA_Init) refers to stm32f7xx_hal_cortex.o(i.HAL_NVIC_SetPriority) for HAL_NVIC_SetPriority
    dma.o(i.MX_DMA_Init) refers to stm32f7xx_hal_cortex.o(i.HAL_NVIC_EnableIRQ) for HAL_NVIC_EnableIRQ
    tim.o(i.HAL_TIM_Base_MspDeInit) refers to stm32f7xx_hal_cortex.o(i.HAL_NVIC_DisableIRQ) for HAL_NVIC_DisableIRQ
    tim.o(i.HAL_TIM_Base_MspInit) refers to stm32f7xx_hal_cortex.o(i.HAL_NVIC_SetPriority) for HAL_NVIC_SetPriority
    tim.o(i.HAL_TIM_Base_MspInit) refers to stm32f7xx_hal_cortex.o(i.HAL_NVIC_EnableIRQ) for HAL_NVIC_EnableIRQ
    tim.o(i.HAL_TIM_MspPostInit) refers to memseta.o(.text) for __aeabi_memclr4
    tim.o(i.HAL_TIM_MspPostInit) refers to stm32f7xx_hal_gpio.o(i.HAL_GPIO_Init) for HAL_GPIO_Init
    tim.o(i.MX_TIM3_Init) refers to memseta.o(.text) for __aeabi_memclr4
    tim.o(i.MX_TIM3_Init) refers to stm32f7xx_hal_tim.o(i.HAL_TIM_PWM_Init) for HAL_TIM_PWM_Init
    tim.o(i.MX_TIM3_Init) refers to main.o(i.Error_Handler) for Error_Handler
    tim.o(i.MX_TIM3_Init) refers to stm32f7xx_hal_tim_ex.o(i.HAL_TIMEx_MasterConfigSynchronization) for HAL_TIMEx_MasterConfigSynchronization
    tim.o(i.MX_TIM3_Init) refers to stm32f7xx_hal_tim.o(i.HAL_TIM_PWM_ConfigChannel) for HAL_TIM_PWM_ConfigChannel
    tim.o(i.MX_TIM3_Init) refers to tim.o(i.HAL_TIM_MspPostInit) for HAL_TIM_MspPostInit
    tim.o(i.MX_TIM3_Init) refers to tim.o(.bss) for htim3
    tim.o(i.MX_TIM4_Init) refers to memseta.o(.text) for __aeabi_memclr4
[...]
    _printf_percent                          0x00000000   Number         0  stubs.o ABSOLUTE
    _printf_pre_padding                      0x00000000   Number         0  stubs.o ABSOLUTE
    _printf_return_value                     0x00000000   Number         0  stubs.o ABSOLUTE
    _printf_s                                0x00000000   Number         0  stubs.o ABSOLUTE
    _printf_sizespec                         0x00000000   Number         0  stubs.o ABSOLUTE
    _printf_str                              0x00000000   Number         0  stubs.o ABSOLUTE
    _printf_truncate_signed                  0x00000000   Number         0  stubs.o ABSOLUTE
    _printf_truncate_unsigned                0x00000000   Number         0  stubs.o ABSOLUTE
    _printf_u                                0x00000000   Number         0  stubs.o ABSOLUTE
    _printf_wc                               0x00000000   Number         0  stubs.o ABSOLUTE
    _printf_wctomb                           0x00000000   Number         0  stubs.o ABSOLUTE
    _printf_widthprec                        0x00000000   Number         0  stubs.o ABSOLUTE
    _printf_x                                0x00000000   Number         0  stubs.o ABSOLUTE
    __cpp_initialize__aeabi_                  - Undefined Weak Reference
    __cxa_finalize                            - Undefined Weak Reference
    _clock_init                               - Undefined Weak Reference
    _microlib_exit                            - Undefined Weak Reference
    __Vectors_Size                           0x000001c8   Number         0  startup_stm32f750xx.o ABSOLUTE
    __Vectors                                0x08000000   Data           4  startup_stm32f750xx.o(RESET)
    __Vectors_End                            0x080001c8   Data           0  startup_stm32f750xx.o(RESET)
    __main                                   0x080001c9   Thumb Code     0  entry.o(.ARM.Collect$$$$00000000)
    _main_stk                                0x080001c9   Thumb Code     0  entry2.o(.ARM.Collect$$$$00000001)
    _main_scatterload                        0x080001cd   Thumb Code     0  entry5.o(.ARM.Collect$$$$00000004)
    __main_after_scatterload                 0x080001d1   Thumb Code     0  entry5.o(.ARM.Collect$$$$00000004)
    _main_clock                              0x080001d1   Thumb Code     0  entry7b.o(.ARM.Collect$$$$00000008)
    _main_cpp_init                           0x080001d1   Thumb Code     0  entry8b.o(.ARM.Collect$$$$0000000A)
    _main_init                               0x080001d1   Thumb Code     0  entry9a.o(.ARM.Collect$$$$0000000B)
    __rt_final_cpp                           0x080001d9   Thumb Code     0  entry10a.o(.ARM.Collect$$$$0000000D)
    __rt_final_exit                          0x080001d9   Thumb Code     0  entry11a.o(.ARM.Collect$$$$0000000F)
    SVC_Handler                              0x080001dd   Thumb Code    28  port.o(.emb_text)
    __asm___6_port_c_39a90d8d__prvStartFirstTask 0x080001fd   Thumb Code    36  port.o(.emb_text)
    __asm___6_port_c_39a90d8d__prvEnableVFP  0x08000225   Thumb Code    16  port.o(.emb_text)
    PendSV_Handler                           0x08000239   Thumb Code    92  port.o(.emb_text)
    vPortGetIPSR                             0x08000299   Thumb Code     6  port.o(.emb_text)
    Reset_Handler                            0x080002a1   Thumb Code     8  startup_stm32f750xx.o(.text)
    ADC_IRQHandler                           0x080002bb   Thumb Code     0  startup_stm32f750xx.o(.text)
    CAN1_RX0_IRQHandler                      0x080002bb   Thumb Code     0  startup_stm32f750xx.o(.text)
    CAN1_RX1_IRQHandler                      0x080002bb   Thumb Code     0  startup_stm32f750xx.o(.text)
    CAN1_SCE_IRQHandler                      0x080002bb   Thumb Code     0  startup_stm32f750xx.o(.text)
    CAN1_TX_IRQHandler                       0x080002bb   Thumb Code     0  startup_stm32f750xx.o(.text)
    CAN2_RX0_IRQHandler                      0x080002bb   Thumb Code     0  startup_stm32f750xx.o(.text)
    CAN2_RX1_IRQHandler                      0x080002bb   Thumb Code     0  startup_stm32f750xx.o(.text)
    CAN2_SCE_IRQHandler                      0x080002bb   Thumb Code     0  startup_stm32f750xx.o(.text)
    CAN2_TX_IRQHandler                       0x080002bb   Thumb Code     0  startup_stm32f750xx.o(.text)
    CEC_IRQHandler                           0x080002bb   Thumb Code     0  startup_stm32f750xx.o(.text)
    CRYP_IRQHandler                          0x080002bb   Thumb Code     0  startup_stm32f750xx.o(.text)
    DCMI_IRQHandler                          0x080002bb   Thumb Code     0  startup_stm32f750xx.o(.text)
    DMA1_Stream0_IRQHandler                  0x080002bb   Thumb Code     0  startup_stm32f750xx.o(.text)
    DMA1_Stream2_IRQHandler                  0x080002bb   Thumb Code     0  startup_stm32f750xx.o(.text)
    DMA1_Stream6_IRQHandler                  0x080002bb   Thumb Code     0  startup_stm32f750xx.o(.text)
    DMA1_Stream7_IRQHandler                  0x080002bb   Thumb Code     0  startup_stm32f750xx.o(.text)
    DMA2D_IRQHandler                         0x080002bb   Thumb Code     0  startup_stm32f750xx.o(.text)
    DMA2_Stream0_IRQHandler                  0x080002bb   Thumb Code     0  startup_stm32f750xx.o(.text)
    DMA2_Stream1_IRQHandler                  0x080002bb   Thumb Code     0  startup_stm32f750xx.o(.text)
    DMA2_Stream2_IRQHandler                  0x080002bb   Thumb Code     0  startup_stm32f750xx.o(.text)
    DMA2_Stream3_IRQHandler                  0x080002bb   Thumb Code     0  startup_stm32f750xx.o(.text)
    DMA2_Stream4_IRQHandler                  0x080002bb   Thumb Code     0  startup_stm32f750xx.o(.text)
    DMA2_Stream5_IRQHandler                  0x080002bb   Thumb Code     0  startup_stm32f750xx.o(.text)
    DMA2_Stream6_IRQHandler                  0x080002bb   Thumb Code     0  startup_stm32f750xx.o(.text)
    DMA2_Stream7_IRQHandler                  0x080002bb   Thumb Code     0  startup_stm32f750xx.o(.text)
    ETH_IRQHandler                           0x080002bb   Thumb Code     0  startup_stm32f750xx.o(.text)
    ETH_WKUP_IRQHandler                      0x080002bb   Thumb Code     0  startup_stm32f750xx.o(.text)
    EXTI0_IRQHandler                         0x080002bb   Thumb Code     0  startup_stm32f750xx.o(.text)
    EXTI15_10_IRQHandler                     0x080002bb   Thumb Code     0  startup_stm32f750xx.o(.text)
    EXTI1_IRQHandler                         0x080002bb   Thumb Code     0  startup_stm32f750xx.o(.text)
    EXTI2_IRQHandler                         0x080002bb   Thumb Code     0  startup_stm32f750xx.o(.text)
    EXTI3_IRQHandler                         0x080002bb   Thumb Code     0  startup_stm32f750xx.o(.text)
    EXTI4_IRQHandler                         0x080002bb   Thumb Code     0  startup_stm32f750xx.o(.text)
    EXTI9_5_IRQHandler                       0x080002bb   Thumb Code     0  startup_stm32f750xx.o(.text)
    FLASH_IRQHandler                         0x080002bb   Thumb Code     0  startup_stm32f750xx.o(.text)
    FMC_IRQHandler                           0x080002bb   Thumb Code     0  startup_stm32f750xx.o(.text)
    FPU_IRQHandler                           0x080002bb   Thumb Code     0  startup_stm32f750xx.o(.text)
    HASH_RNG_IRQHandler                      0x080002bb   Thumb Code     0  startup_stm32f750xx.o(.text)
    I2C1_ER_IRQHandler                       0x080002bb   Thumb Code     0  startup_stm32f750xx.o(.text)
    I2C1_EV_IRQHandler                       0x080002bb   Thumb Code     0  startup_stm32f750xx.o(.text)
    I2C2_ER_IRQHandler                       0x080002bb   Thumb Code     0  startup_stm32f750xx.o(.text)
    I2C2_EV_IRQHandler                       0x080002bb   Thumb Code     0  startup_stm32f750xx.o(.text)
    I2C3_ER_IRQHandler                       0x080002bb   Thumb Code     0  startup_stm32f750xx.o(.text)
    I2C3_EV_IRQHandler                       0x080002bb   Thumb Code     0  startup_stm32f750xx.o(.text)
    I2C4_ER_IRQHandler                       0x080002bb   Thumb Code     0  startup_stm32f750xx.o(.text)
    I2C4_EV_IRQHandler                       0x080002bb   Thumb Code     0  startup_stm32f750xx.o(.text)
    LPTIM1_IRQHandler                        0x080002bb   Thumb Code     0  startup_stm32f750xx.o(.text)
    LTDC_ER_IRQHandler                       0x080002bb   Thumb Code     0  startup_stm32f750xx.o(.text)
    LTDC_IRQHandler                          0x080002bb   Thumb Code     0  startup_stm32f750xx.o(.text)
    OTG_FS_IRQHandler                        0x080002bb   Thumb Code     0  startup_stm32f750xx.o(.text)
    OTG_FS_WKUP_IRQHandler                   0x080002bb   Thumb Code     0  startup_stm32f750xx.o(.text)
    OTG_HS_EP1_IN_IRQHandler                 0x080002bb   Thumb Code     0  startup_stm32f750xx.o(.text)
    OTG_HS_EP1_OUT_IRQHandler                0x080002bb   Thumb Code     0  startup_stm32f750xx.o(.text)
    OTG_HS_IRQHandler                        0x080002bb   Thumb Code     0  startup_stm32f750xx.o(.text)
    OTG_HS_WKUP_IRQHandler                   0x080002bb   Thumb Code     0  startup_stm32f750xx.o(.text)
    PVD_IRQHandler                           0x080002bb   Thumb Code     0  startup_stm32f750xx.o(.text)
    QUADSPI_IRQHandler                       0x080002bb   Thumb Code     0  startup_stm32f750xx.o(.text)
    RCC_IRQHandler                           0x080002bb   Thumb Code     0  startup_stm32f750xx.o(.text)
    RTC_Alarm_IRQHandler                     0x080002bb   Thumb Code     0  startup_stm32f750xx.o(.text)
    RTC_WKUP_IRQHandler                      0x080002bb   Thumb Code     0  startup_stm32f750xx.o(.text)
    SAI1_IRQHandler                          0x080002bb   Thumb Code     0  startup_stm32f750xx.o(.text)
    SAI2_IRQHandler                          0x080002bb   Thumb Code     0  startup_stm32f750xx.o(.text)
    SDMMC1_IRQHandler                        0x080002bb   Thumb Code     0  startup_stm32f750xx.o(.text)
    SPDIF_RX_IRQHandler                      0x080002bb   Thumb Code     0  startup_stm32f750xx.o(.text)
    SPI1_IRQHandler                          0x080002bb   Thumb Code     0  startup_stm32f750xx.o(.text)
    SPI2_IRQHandler                          0x080002bb   Thumb Code     0  startup_stm32f750xx.o(.text)
    SPI3_IRQHandler                          0x080002bb   Thumb Code     0  startup_stm32f750xx.o(.text)
    SPI4_IRQHandler                          0x080002bb   Thumb Code     0  startup_stm32f750xx.o(.text)
    SPI5_IRQHandler                          0x080002bb   Thumb Code     0  startup_stm32f750xx.o(.text)
    SPI6_IRQHandler                          0x080002bb   Thumb Code     0  startup_stm32f750xx.o(.text)
    TAMP_STAMP_IRQHandler                    0x080002bb   Thumb Code     0  startup_stm32f750xx.o(.text)
    TIM1_BRK_TIM9_IRQHandler                 0x080002bb   Thumb Code     0  startup_stm32f750xx.o(.text)
    TIM1_CC_IRQHandler                       0x080002bb   Thumb Code     0  startup_stm32f750xx.o(.text)
    TIM1_TRG_COM_TIM11_IRQHandler            0x080002bb   Thumb Code     0  startup_stm32f750xx.o(.text)
    TIM1_UP_TIM10_IRQHandler                 0x080002bb   Thumb Code     0  startup_stm32f750xx.o(.text)
    TIM2_IRQHandler                          0x080002bb   Thumb Code     0  startup_stm32f750xx.o(.text)
    TIM3_IRQHandler                          0x080002bb   Thumb Code     0  startup_stm32f750xx.o(.text)
    TIM4_IRQHandler                          0x080002bb   Thumb Code     0  startup_stm32f750xx.o(.text)
    TIM5_IRQHandler                          0x080002bb   Thumb Code     0  startup_stm32f750xx.o(.text)
    TIM8_BRK_TIM12_IRQHandler                0x080002bb   Thumb Code     0  startup_stm32f750xx.o(.text)
    TIM8_CC_IRQHandler                       0x080002bb   Thumb Code     0  startup_stm32f750xx.o(.text)
    TIM8_UP_TIM13_IRQHandler                 0x080002bb   Thumb Code     0  startup_stm32f750xx.o(.text)
    UART4_IRQHandler                         0x080002bb   Thumb Code     0  startup_stm32f750xx.o(.text)
    WWDG_IRQHandler                          0x080002bb   Thumb Code     0  startup_stm32f750xx.o(.text)
    __aeabi_uldivmod                         0x080002c5   Thumb Code    98  uldiv.o(.text)
    __aeabi_memcpy                           0x08000327   Thumb Code    36  memcpya.o(.text)
    __aeabi_memcpy4                          0x08000327   Thumb Code     0  memcpya.o(.text)
    __aeabi_memcpy8                          0x08000327   Thumb Code     0  memcpya.o(.text)
    __aeabi_memset                           0x0800034b   Thumb Code    14  memseta.o(.text)
    __aeabi_memset4                          0x0800034b   Thumb Code     0  memseta.o(.text)
    __aeabi_memset8                          0x0800034b   Thumb Code     0  memseta.o(.text)
    __aeabi_memclr                           0x08000359   Thumb Code     4  memseta.o(.text)
    __aeabi_memclr4                          0x08000359   Thumb Code     0  memseta.o(.text)
    __aeabi_memclr8                          0x08000359   Thumb Code     0  memseta.o(.text)
    memset                                   0x0800035d   Thumb Code    18  memseta.o(.text)
    __aeabi_dadd                             0x0800036f   Thumb Code   322  dadd.o(.text)
    __aeabi_dsub                             0x080004b1   Thumb Code     6  dadd.o(.text)
    __aeabi_drsub                            0x080004b7   Thumb Code     6  dadd.o(.text)
    __aeabi_dmul                             0x080004bd   Thumb Code   228  dmul.o(.text)
    __aeabi_ddiv                             0x080005a1   Thumb Code   222  ddiv.o(.text)
    __aeabi_i2d                              0x0800067f   Thumb Code    34  dflti.o(.text)
    __aeabi_f2d                              0x080006a1   Thumb Code    38  f2d.o(.text)
    __aeabi_cdcmpeq                          0x080006c9   Thumb Code     0  cdcmple.o(.text)
    __aeabi_cdcmple                          0x080006c9   Thumb Code    48  cdcmple.o(.text)
    __aeabi_cdrcmple                         0x080006f9   Thumb Code    48  cdrcmple.o(.text)
    __aeabi_d2f                              0x08000729   Thumb Code    56  d2f.o(.text)
    __aeabi_uidiv                            0x08000761   Thumb Code     0  uidiv.o(.text)
    __aeabi_uidivmod                         0x08000761   Thumb Code    44  uidiv.o(.text)
    __aeabi_llsl                             0x0800078d   Thumb Code    30  llshl.o(.text)
    _ll_shift_l                              0x0800078d   Thumb Code     0  llshl.o(.text)
    __aeabi_llsr                             0x080007ab   Thumb Code    32  llushr.o(.text)
    _ll_ushift_r                             0x080007ab   Thumb Code     0  llushr.o(.text)
    __aeabi_lasr                             0x080007cb   Thumb Code    36  llsshr.o(.text)
    _ll_sshift_r                             0x080007cb   Thumb Code     0  llsshr.o(.text)
    __I$use$fp                               0x080007ef   Thumb Code     0  iusefp.o(.text)
    _float_round                             0x080007ef   Thumb Code    18  fepilogue.o(.text)
    _float_epilogue                          0x08000801   Thumb Code    92  fepilogue.o(.text)
    _double_round                            0x0800085d   Thumb Code    30  depilogue.o(.text)
    _double_epilogue                         0x0800087b   Thumb Code   156  depilogue.o(.text)
    __aeabi_d2ulz                            0x08000917   Thumb Code    48  dfixul.o(.text)
    __scatterload                            0x08000949   Thumb Code    28  init.o(.text)
    __scatterload_rt2                        0x08000949   Thumb Code     0  init.o(.text)
    __decompress                             0x0800096d   Thumb Code     0  __dczerorl2.o(.text)
    __decompress1                            0x0800096d   Thumb Code    86  __dczerorl2.o(.text)
    BusFault_Handler                         0x080009c3   Thumb Code     4  stm32f7xx_it.o(i.BusFault_Handler)
    Chassis_Control_Task                     0x080009c7   Thumb Code    14  chassis_control_task.o(i.Chassis_Control_Task)
    Chassis_Control_Task_Create              0x080009d5   Thumb Code    26  chassis_control_task.o(i.Chassis_Control_Task_Create)
    DMA1_Stream1_IRQHandler                  0x08000a11   Thumb Code    10  stm32f7xx_it.o(i.DMA1_Stream1_IRQHandler)
    DMA1_Stream3_IRQHandler                  0x08000a21   Thumb Code    10  stm32f7xx_it.o(i.DMA1_Stream3_IRQHandler)
    DMA1_Stream4_IRQHandler                  0x08000a31   Thumb Code    10  stm32f7xx_it.o(i.DMA1_Stream4_IRQHandler)
    DMA1_Stream5_IRQHandler                  0x08000a41   Thumb Code    10  stm32f7xx_it.o(i.DMA1_Stream5_IRQHandler)
    DebugMon_Handler                         0x08000b5b   Thumb Code     2  stm32f7xx_it.o(i.DebugMon_Handler)
    Delay_Init                               0x08000b5d   Thumb Code    26  delay.o(i.Delay_Init)
    Delay_ms                                 0x08000b7d   Thumb Code    20  delay.o(i.Delay_ms)
    Direction_Calibration_turn               0x08000b95   Thumb Code   106  imu_control.o(i.Direction_Calibration_turn)
    Error_Handler                            0x08000c11   Thumb Code     6  main.o(i.Error_Handler)
    Gyro_Init                                0x08000c19   Thumb Code    32  imu_control.o(i.Gyro_Init)
    HAL_DMA_Abort                            0x08000c49   Thumb Code   172  stm32f7xx_hal_dma.o(i.HAL_DMA_Abort)
    HAL_DMA_Abort_IT                         0x08000cf5   Thumb Code    40  stm32f7xx_hal_dma.o(i.HAL_DMA_Abort_IT)
    HAL_DMA_GetError                         0x08000d1d   Thumb Code     6  stm32f7xx_hal_dma.o(i.HAL_DMA_GetError)
    HAL_DMA_IRQHandler                       0x08000d25   Thumb Code   570  stm32f7xx_hal_dma.o(i.HAL_DMA_IRQHandler)
    HAL_DMA_Init                             0x08000f65   Thumb Code   232  stm32f7xx_hal_dma.o(i.HAL_DMA_Init)
    HAL_DMA_Start_IT                         0x08001051   Thumb Code   158  stm32f7xx_hal_dma.o(i.HAL_DMA_Start_IT)
    HAL_DeInit                               0x080010f1   Thumb Code    64  stm32f7xx_hal.o(i.HAL_DeInit)
    HAL_GPIO_Init                            0x08001135   Thumb Code   472  stm32f7xx_hal_gpio.o(i.HAL_GPIO_Init)
    HAL_GPIO_WritePin                        0x08001341   Thumb Code    12  stm32f7xx_hal_gpio.o(i.HAL_GPIO_WritePin)
    HAL_GetTick                              0x0800134d   Thumb Code     6  stm32f7xx_hal.o(i.HAL_GetTick)
    HAL_IncTick                              0x08001359   Thumb Code    16  stm32f7xx_hal.o(i.HAL_IncTick)
    HAL_Init                                 0x08001371   Thumb Code    34  stm32f7xx_hal.o(i.HAL_Init)
    HAL_InitTick                             0x08001399   Thumb Code   118  stm32f7xx_hal_timebase_tim.o(i.HAL_InitTick)
    HAL_MspDeInit                            0x08001421   Thumb Code     2  stm32f7xx_hal.o(i.HAL_MspDeInit)
    HAL_MspInit                              0x08001425   Thumb Code    70  stm32f7xx_hal_msp.o(i.HAL_MspInit)
    HAL_NVIC_EnableIRQ                       0x08001471   Thumb Code    32  stm32f7xx_hal_cortex.o(i.HAL_NVIC_EnableIRQ)
    HAL_NVIC_SetPriority                     0x08001491   Thumb Code   124  stm32f7xx_hal_cortex.o(i.HAL_NVIC_SetPriority)
    HAL_NVIC_SetPriorityGrouping             0x0800150d   Thumb Code    32  stm32f7xx_hal_cortex.o(i.HAL_NVIC_SetPriorityGrouping)
    HAL_PWREx_EnableOverDrive                0x08001535   Thumb Code   136  stm32f7xx_hal_pwr_ex.o(i.HAL_PWREx_EnableOverDrive)
    HAL_RCCEx_PeriphCLKConfig                0x080015c5   Thumb Code  1760  stm32f7xx_hal_rcc_ex.o(i.HAL_RCCEx_PeriphCLKConfig)
    HAL_RCC_ClockConfig                      0x08001ca9   Thumb Code   384  stm32f7xx_hal_rcc.o(i.HAL_RCC_ClockConfig)
    HAL_RCC_GetClockConfig                   0x08001e3d   Thumb Code    58  stm32f7xx_hal_rcc.o(i.HAL_RCC_GetClockConfig)
    HAL_RCC_GetHCLKFreq                      0x08001e81   Thumb Code     6  stm32f7xx_hal_rcc.o(i.HAL_RCC_GetHCLKFreq)
    HAL_RCC_GetPCLK1Freq                     0x08001e8d   Thumb Code    22  stm32f7xx_hal_rcc.o(i.HAL_RCC_GetPCLK1Freq)
    HAL_RCC_GetPCLK2Freq                     0x08001ead   Thumb Code    22  stm32f7xx_hal_rcc.o(i.HAL_RCC_GetPCLK2Freq)
    HAL_RCC_GetSysClockFreq                  0x08001ecd   Thumb Code   162  stm32f7xx_hal_rcc.o(i.HAL_RCC_GetSysClockFreq)
    HAL_RCC_OscConfig                        0x08001f7d   Thumb Code  1278  stm32f7xx_hal_rcc.o(i.HAL_RCC_OscConfig)
    HAL_TIMEx_Break2Callback                 0x08002481   Thumb Code     2  stm32f7xx_hal_tim_ex.o(i.HAL_TIMEx_Break2Callback)
    HAL_TIMEx_BreakCallback                  0x08002483   Thumb Code     2  stm32f7xx_hal_tim_ex.o(i.HAL_TIMEx_BreakCallback)
    HAL_TIMEx_CommutCallback                 0x08002485   Thumb Code     2  stm32f7xx_hal_tim_ex.o(i.HAL_TIMEx_CommutCallback)
    HAL_TIMEx_MasterConfigSynchronization    0x08002489   Thumb Code   174  stm32f7xx_hal_tim_ex.o(i.HAL_TIMEx_MasterConfigSynchronization)
    HAL_TIM_Base_Init                        0x08002555   Thumb Code   110  stm32f7xx_hal_tim.o(i.HAL_TIM_Base_Init)
    HAL_TIM_Base_MspInit                     0x080025c5   Thumb Code    58  tim.o(i.HAL_TIM_Base_MspInit)
    HAL_TIM_Base_Start                       0x08002609   Thumb Code   134  stm32f7xx_hal_tim.o(i.HAL_TIM_Base_Start)
    HAL_TIM_Base_Start_IT                    0x080026b1   Thumb Code   146  stm32f7xx_hal_tim.o(i.HAL_TIM_Base_Start_IT)
    HAL_TIM_IC_CaptureCallback               0x08002765   Thumb Code     2  stm32f7xx_hal_tim.o(i.HAL_TIM_IC_CaptureCallback)
    HAL_TIM_IRQHandler                       0x08002767   Thumb Code   440  stm32f7xx_hal_tim.o(i.HAL_TIM_IRQHandler)
    HAL_TIM_MspPostInit                      0x08002921   Thumb Code   146  tim.o(i.HAL_TIM_MspPostInit)
    HAL_TIM_OC_DelayElapsedCallback          0x080029c9   Thumb Code     2  stm32f7xx_hal_tim.o(i.HAL_TIM_OC_DelayElapsedCallback)
    HAL_TIM_PWM_ConfigChannel                0x080029cb   Thumb Code   368  stm32f7xx_hal_tim.o(i.HAL_TIM_PWM_ConfigChannel)
    HAL_TIM_PWM_Init                         0x08002b3b   Thumb Code   110  stm32f7xx_hal_tim.o(i.HAL_TIM_PWM_Init)
    HAL_TIM_PWM_MspInit                      0x08002ba9   Thumb Code    76  tim.o(i.HAL_TIM_PWM_MspInit)
    HAL_TIM_PWM_PulseFinishedCallback        0x08002c01   Thumb Code     2  stm32f7xx_hal_tim.o(i.HAL_TIM_PWM_PulseFinishedCallback)
    HAL_TIM_PWM_Start                        0x08002c05   Thumb Code   290  stm32f7xx_hal_tim.o(i.HAL_TIM_PWM_Start)
    HAL_TIM_PeriodElapsedCallback            0x08002d49   Thumb Code    46  main.o(i.HAL_TIM_PeriodElapsedCallback)
    HAL_TIM_TriggerCallback                  0x08002d89   Thumb Code     2  stm32f7xx_hal_tim.o(i.HAL_TIM_TriggerCallback)
    HAL_UARTEx_ReceiveToIdle_DMA             0x08002d8b   Thumb Code   112  stm32f7xx_hal_uart_ex.o(i.HAL_UARTEx_ReceiveToIdle_DMA)
    HAL_UARTEx_RxEventCallback               0x08002dfd   Thumb Code    34  mynvic.o(i.HAL_UARTEx_RxEventCallback)
    HAL_UART_DMAStop                         0x08002e29   Thumb Code   180  stm32f7xx_hal_uart.o(i.HAL_UART_DMAStop)
    HAL_UART_ErrorCallback                   0x08002edd   Thumb Code     2  stm32f7xx_hal_uart.o(i.HAL_UART_ErrorCallback)
    HAL_UART_IRQHandler                      0x08002ee1   Thumb Code   800  stm32f7xx_hal_uart.o(i.HAL_UART_IRQHandler)
    HAL_UART_Init                            0x08003209   Thumb Code   116  stm32f7xx_hal_uart.o(i.HAL_UART_Init)
    HAL_UART_MspInit                         0x0800327d   Thumb Code  1208  usart.o(i.HAL_UART_MspInit)
    HAL_UART_Receive_DMA                     0x08003741   Thumb Code   100  stm32f7xx_hal_uart.o(i.HAL_UART_Receive_DMA)
    HAL_UART_RxCpltCallback                  0x080037a5   Thumb Code     2  stm32f7xx_hal_uart.o(i.HAL_UART_RxCpltCallback)
    HAL_UART_RxHalfCpltCallback              0x080037a7   Thumb Code     2  stm32f7xx_hal_uart.o(i.HAL_UART_RxHalfCpltCallback)
    HAL_UART_Transmit                        0x080037a9   Thumb Code   210  stm32f7xx_hal_uart.o(i.HAL_UART_Transmit)
    HAL_UART_Transmit_DMA                    0x0800387d   Thumb Code   186  stm32f7xx_hal_uart.o(i.HAL_UART_Transmit_DMA)
    HAL_UART_TxCpltCallback                  0x08003945   Thumb Code     2  stm32f7xx_hal_uart.o(i.HAL_UART_TxCpltCallback)
    HAL_UART_TxHalfCpltCallback              0x08003947   Thumb Code     2  stm32f7xx_hal_uart.o(i.HAL_UART_TxHalfCpltCallback)
    HardFault_Handler                        0x08003949   Thumb Code     4  stm32f7xx_it.o(i.HardFault_Handler)
    Imu_setZero                              0x0800394d   Thumb Code    30  imu.o(i.Imu_setZero)
    Init_Task_Create                         0x08003979   Thumb Code    42  init_task.o(i.Init_Task_Create)
    MOTOR_FINISHFLAGEXAM                     0x080039ad   Thumb Code   116  motor.o(i.MOTOR_FINISHFLAGEXAM)
    MOTOR_Init                               0x08003a35   Thumb Code   128  motor.o(i.MOTOR_Init)
    MX_DMA_Init                              0x08003ad5   Thumb Code    96  dma.o(i.MX_DMA_Init)
    MX_FREERTOS_Init                         0x08003b39   Thumb Code    34  freertos.o(i.MX_FREERTOS_Init)
    MX_GPIO_Init                             0x08003b65   Thumb Code   268  gpio.o(i.MX_GPIO_Init)
    MX_TIM3_Init                             0x08003c81   Thumb Code   118  tim.o(i.MX_TIM3_Init)
    MX_TIM4_Init                             0x08003d01   Thumb Code   134  tim.o(i.MX_TIM4_Init)
    MX_TIM6_Init                             0x08003d91   Thumb Code    68  tim.o(i.MX_TIM6_Init)
    MX_UART5_Init                            0x08003ddd   Thumb Code    56  usart.o(i.MX_UART5_Init)
    MX_UART7_Init                            0x08003e1d   Thumb Code    56  usart.o(i.MX_UART7_Init)
    MX_UART8_Init                            0x08003e5d   Thumb Code    54  usart.o(i.MX_UART8_Init)
    MX_USART1_UART_Init                      0x08003ea1   Thumb Code    56  usart.o(i.MX_USART1_UART_Init)
    MX_USART2_UART_Init                      0x08003ee1   Thumb Code    56  usart.o(i.MX_USART2_UART_Init)
    MX_USART3_UART_Init                      0x08003f21   Thumb Code    56  usart.o(i.MX_USART3_UART_Init)
    MX_USART6_UART_Init                      0x08003f61   Thumb Code    56  usart.o(i.MX_USART6_UART_Init)
    MY_UART3_IRQHandler                      0x08003fa1   Thumb Code    20  motor.o(i.MY_UART3_IRQHandler)
    MY_UART7_IRQHandler                      0x08003fbd   Thumb Code    38  postion_control.o(i.MY_UART7_IRQHandler)
    Main_Task                                0x08003fed   Thumb Code    16  main_task.o(i.Main_Task)
    Main_Task_create                         0x08003ffd   Thumb Code    26  main_task.o(i.Main_Task_create)
    MemManage_Handler                        0x0800402d   Thumb Code     4  stm32f7xx_it.o(i.MemManage_Handler)
    Motor_Action_Calculate_actual            0x08004031   Thumb Code   150  motor.o(i.Motor_Action_Calculate_actual)
    Motor_Action_Calculate_target            0x080040d9   Thumb Code    62  motor.o(i.Motor_Action_Calculate_target)
    Motor_Send_Speed_together                0x08004129   Thumb Code   252  motor.o(i.Motor_Send_Speed_together)
    Motor_SetZero                            0x0800423d   Thumb Code    54  motor.o(i.Motor_SetZero)
    Motor_setspeed                           0x08004275   Thumb Code    88  motor.o(i.Motor_setspeed)
    Move_To_Target_area                      0x080042dd   Thumb Code   134  motor_control.o(i.Move_To_Target_area)
    NMI_Handler                              0x08004375   Thumb Code     4  stm32f7xx_it.o(i.NMI_Handler)
    PID_Compute                              0x08004379   Thumb Code   190  pid.o(i.PID_Compute)
    PID_Init                                 0x08004439   Thumb Code    54  pid.o(i.PID_Init)
    Set_chassis_able                         0x08004595   Thumb Code    38  chassis_control_task.o(i.Set_chassis_able)
    StartDefaultTask                         0x080045c1   Thumb Code    10  freertos.o(i.StartDefaultTask)
    Start_Task                               0x080045cd   Thumb Code    26  start_task.o(i.Start_Task)
    Start_Task_Create                        0x080045ed   Thumb Code    24  start_task.o(i.Start_Task_Create)
    SysTick_Handler                          0x08004619   Thumb Code    50  port.o(i.SysTick_Handler)
    SystemClock_Config                       0x08004651   Thumb Code   212  main.o(i.SystemClock_Config)
    SystemInit                               0x0800472d   Thumb Code    14  system_stm32f7xx.o(i.SystemInit)
    TIM6_DAC_IRQHandler                      0x08004741   Thumb Code    10  stm32f7xx_it.o(i.TIM6_DAC_IRQHandler)
    TIM7_IRQHandler                          0x08004751   Thumb Code    58  usmart.o(i.TIM7_IRQHandler)
    TIM8_TRG_COM_TIM14_IRQHandler            0x08004795   Thumb Code    10  stm32f7xx_it.o(i.TIM8_TRG_COM_TIM14_IRQHandler)
    TIM_Base_SetConfig                       0x080047a5   Thumb Code   170  stm32f7xx_hal_tim.o(i.TIM_Base_SetConfig)
    TIM_CCxChannelCmd                        0x0800487d   Thumb Code    34  stm32f7xx_hal_tim.o(i.TIM_CCxChannelCmd)
    TIM_OC2_SetConfig                        0x08004915   Thumb Code   114  stm32f7xx_hal_tim.o(i.TIM_OC2_SetConfig)
    Timer7_Init                              0x08004b0d   Thumb Code    80  usmart.o(i.Timer7_Init)
    U2_send                                  0x08004b69   Thumb Code    48  imu.o(i.U2_send)
    U3_data_processing                       0x08004ba1   Thumb Code    82  motor.o(i.U3_data_processing)
    UART5_IRQHandler                         0x08004e01   Thumb Code   340  qr_code.o(i.UART5_IRQHandler)
    UART7_IRQHandler                         0x08004f85   Thumb Code    10  stm32f7xx_it.o(i.UART7_IRQHandler)
    UART8_IRQHandler                         0x08004f95   Thumb Code   236  go-m8010-6.o(i.UART8_IRQHandler)
    UART_AdvFeatureConfig                    0x080050a1   Thumb Code   248  stm32f7xx_hal_uart.o(i.UART_AdvFeatureConfig)
    UART_CheckIdleState                      0x08005199   Thumb Code    76  stm32f7xx_hal_uart.o(i.UART_CheckIdleState)
    UART_SetConfig                           0x08005435   Thumb Code   782  stm32f7xx_hal_uart.o(i.UART_SetConfig)
    UART_Start_Receive_DMA                   0x08005771   Thumb Code   198  stm32f7xx_hal_uart.o(i.UART_Start_Receive_DMA)
    UART_WaitOnFlagUntilTimeout              0x08005845   Thumb Code   248  stm32f7xx_hal_uart.o(i.UART_WaitOnFlagUntilTimeout)
    USART1_IRQHandler                        0x0800593d   Thumb Code   128  usmart_rec.o(i.USART1_IRQHandler)
    USART2_IRQHandler                        0x080059c9   Thumb Code   272  imu.o(i.USART2_IRQHandler)
    USART3_IRQHandler                        0x08005b11   Thumb Code    10  stm32f7xx_it.o(i.USART3_IRQHandler)
    USART6_IRQHandler                        0x08005b21   Thumb Code    96  circe.o(i.USART6_IRQHandler)
    UsageFault_Handler                       0x08005b95   Thumb Code     4  stm32f7xx_it.o(i.UsageFault_Handler)
    __0printf                                0x08005b99   Thumb Code    22  printfa.o(i.__0printf)
    __1printf                                0x08005b99   Thumb Code     0  printfa.o(i.__0printf)
    __2printf                                0x08005b99   Thumb Code     0  printfa.o(i.__0printf)
    __c89printf                              0x08005b99   Thumb Code     0  printfa.o(i.__0printf)
    printf                                   0x08005b99   Thumb Code     0  printfa.o(i.__0printf)
    __scatterload_copy                       0x08005bf1   Thumb Code    14  handlers.o(i.__scatterload_copy)
    __scatterload_null                       0x08005bff   Thumb Code     2  handlers.o(i.__scatterload_null)
    __scatterload_zeroinit                   0x08005c01   Thumb Code    14  handlers.o(i.__scatterload_zeroinit)
    chassis_control                          0x080064c5   Thumb Code   734  chassis_control_task.o(i.chassis_control)
    chassis_control_init                     0x080067e5   Thumb Code   114  chassis_control_task.o(i.chassis_control_init)
    check                                    0x08006871   Thumb Code    80  chassis_control_task.o(i.check)
    circle_color_data_deal                   0x080068c9   Thumb Code   120  circe.o(i.circle_color_data_deal)
    fputc                                    0x080069a9   Thumb Code    22  usart.o(i.fputc)
    imu_receive_init                         0x080069c5   Thumb Code    30  imu.o(i.imu_receive_init)
    main                                     0x080069ed   Thumb Code    72  main.o(i.main)
    motor_read_coordination                  0x08006a43   Thumb Code    30  motor.o(i.motor_read_coordination)
    motor_read_coordination_all              0x08006a61   Thumb Code    28  motor_control.o(i.motor_read_coordination_all)
    normalize_angle                          0x08006a7d   Thumb Code   130  imu_control.o(i.normalize_angle)
    osDelay                                  0x08006b15   Thumb Code    24  cmsis_os.o(i.osDelay)
    osKernelStart                            0x08006b2d   Thumb Code    10  cmsis_os.o(i.osKernelStart)
    osThreadCreate                           0x08006b37   Thumb Code    94  cmsis_os.o(i.osThreadCreate)
    postion_send                             0x08006b95   Thumb Code   108  postion_control.o(i.postion_send)
    pvPortMalloc                             0x08007115   Thumb Code   308  heap_4.o(i.pvPortMalloc)
    pxPortInitialiseStack                    0x0800725d   Thumb Code    38  port.o(i.pxPortInitialiseStack)
    read_addr                                0x08007289   Thumb Code     6  usmart.o(i.read_addr)
    send_speed_data_switch                   0x08007291   Thumb Code    60  motor.o(i.send_speed_data_switch)
    u6_data_process                          0x080072dd   Thumb Code    90  circe.o(i.u6_data_process)
    u7RXdat_dispose                          0x08007349   Thumb Code    74  postion_control.o(i.u7RXdat_dispose)
    u7RXdat_dispose_1                        0x0800739d   Thumb Code    72  postion_control.o(i.u7RXdat_dispose_1)
    uart2WriteBuf                            0x080073e9   Thumb Code    26  imu.o(i.uart2WriteBuf)
    uart3WriteBuf                            0x08007405   Thumb Code    18  motor.o(i.uart3WriteBuf)
    uart7WriteBuf                            0x0800741d   Thumb Code    22  postion_control.o(i.uart7WriteBuf)
    usmart_cmd_rec                           0x08007439   Thumb Code   170  usmart.o(i.usmart_cmd_rec)
    usmart_exe                               0x080074e9   Thumb Code   632  usmart.o(i.usmart_exe)
    usmart_get_aparm                         0x080077bd   Thumb Code   212  usmart_str.o(i.usmart_get_aparm)
    usmart_get_cmdname                       0x08007891   Thumb Code    54  usmart_str.o(i.usmart_get_cmdname)
    usmart_get_fname                         0x080078c9   Thumb Code   440  usmart_str.o(i.usmart_get_fname)
    usmart_get_fparam                        0x08007a89   Thumb Code   262  usmart_str.o(i.usmart_get_fparam)
    usmart_get_parmpos                       0x08007b95   Thumb Code    26  usmart_str.o(i.usmart_get_parmpos)
    usmart_get_runtime                       0x08007bb5   Thumb Code    58  usmart.o(i.usmart_get_runtime)
    usmart_init                              0x08007bf9   Thumb Code    52  usmart.o(i.usmart_init)
    usmart_pow                               0x08007c35   Thumb Code    22  usmart_str.o(i.usmart_pow)
    usmart_reset_runtime                     0x08007c4d   Thumb Code    44  usmart.o(i.usmart_reset_runtime)
    usmart_scan                              0x08007c81   Thumb Code   120  usmart.o(i.usmart_scan)
    usmart_search_nextc                      0x08007d3d   Thumb Code    22  usmart_str.o(i.usmart_search_nextc)
    usmart_str2num                           0x08007d53   Thumb Code   262  usmart_str.o(i.usmart_str2num)
    usmart_strcmp                            0x08007e59   Thumb Code    34  usmart_str.o(i.usmart_strcmp)
    usmart_strcopy                           0x08007e7b   Thumb Code    22  usmart_str.o(i.usmart_strcopy)
    usmart_strlen                            0x08007e91   Thumb Code    24  usmart_str.o(i.usmart_strlen)
    usmart_sys_cmd_exe                       0x08007ea9   Thumb Code  1570  usmart.o(i.usmart_sys_cmd_exe)
    uxListRemove                             0x0800859d   Thumb Code    40  list.o(i.uxListRemove)
    vApplicationGetIdleTaskMemory            0x080085c5   Thumb Code    14  freertos.o(i.vApplicationGetIdleTaskMemory)
    vListInitialise                          0x080085dd   Thumb Code    26  list.o(i.vListInitialise)
    vListInitialiseItem                      0x080085f7   Thumb Code     6  list.o(i.vListInitialiseItem)
    vListInsert                              0x080085fd   Thumb Code    52  list.o(i.vListInsert)
    vListInsertEnd                           0x08008631   Thumb Code    24  list.o(i.vListInsertEnd)
    vPortEnterCritical                       0x08008649   Thumb Code    84  port.o(i.vPortEnterCritical)
    vPortExitCritical                        0x080086a5   Thumb Code    60  port.o(i.vPortExitCritical)
    vPortFree                                0x080086e5   Thumb Code   148  heap_4.o(i.vPortFree)
    vPortSetupTimerInterrupt                 0x08008781   Thumb Code    36  port.o(i.vPortSetupTimerInterrupt)
    vTaskDelay                               0x080087a9   Thumb Code    86  tasks.o(i.vTaskDelay)
    vTaskDelete                              0x08008809   Thumb Code   206  tasks.o(i.vTaskDelete)
    vTaskResume                              0x08008901   Thumb Code   132  tasks.o(i.vTaskResume)
    vTaskStartScheduler                      0x08008995   Thumb Code   154  tasks.o(i.vTaskStartScheduler)
    vTaskSuspend                             0x08008a4d   Thumb Code   214  tasks.o(i.vTaskSuspend)
    vTaskSuspendAll                          0x08008b45   Thumb Code    12  tasks.o(i.vTaskSuspendAll)
    vTaskSwitchContext                       0x08008b55   Thumb Code   122  tasks.o(i.vTaskSwitchContext)
    write_addr                               0x08008be5   Thumb Code     4  usmart.o(i.write_addr)
    xPortStartScheduler                      0x08008be9   Thumb Code   252  port.o(i.xPortStartScheduler)
    xTaskCreate                              0x08008cfd   Thumb Code   100  tasks.o(i.xTaskCreate)
    xTaskCreateStatic                        0x08008d61   Thumb Code   198  tasks.o(i.xTaskCreateStatic)
    xTaskIncrementTick                       0x08008e29   Thumb Code   286  tasks.o(i.xTaskIncrementTick)
    xTaskResumeAll                           0x08008f75   Thumb Code   228  tasks.o(i.xTaskResumeAll)
    AHBPrescTable                            0x08009098   Data          16  system_stm32f7xx.o(.constdata)
    APBPrescTable                            0x080090a8   Data           8  system_stm32f7xx.o(.constdata)
    crc_ccitt_table                          0x080090b0   Data         512  go-m8010-6.o(.constdata)
    Region$$Table$$Base                      0x08009350   Number         0  anon$$obj.o(Region$$Table)
    Region$$Table$$Limit                     0x08009370   Number         0  anon$$obj.o(Region$$Table)
    defaultTaskHandle                        0x20000000   Data           4  freertos.o(.data)
    SystemCoreClock                          0x20000004   Data           4  system_stm32f7xx.o(.data)
    sys_cmd_tab                              0x20000008   Data          28  usmart.o(.data)
    usmart_nametab                           0x20000024   Data          24  usmart_config.o(.data)
    usmart_dev                               0x2000003c   Data         244  usmart_config.o(.data)
    USART_RX_STA                             0x20000130   Data           2  usmart_rec.o(.data)
    aRxBuffer                                0x20000132   Data           1  usmart_rec.o(.data)
    MOTOR_ACTIONFALG                         0x20000134   Data           1  motor.o(.data)
    motor1                                   0x20000138   Data           8  motor.o(.data)
    motor2                                   0x20000140   Data           8  motor.o(.data)
    motor3                                   0x20000148   Data           8  motor.o(.data)
    motor4                                   0x20000150   Data           8  motor.o(.data)
    motor_mode                               0x20000158   Data           4  motor.o(.data)
    postion_bit                              0x2000015c   Data           4  motor.o(.data)
    RXdat_piont                              0x20000160   Data           1  motor.o(.data)
    u3_Txdata                                0x20000161   Data           1  motor.o(.data)
    motor3_rx_probe                          0x20000164   Data           4  motor.o(.data)
    postion_redstage_Z                       0x20000198   Data           4  postion_control.o(.data)
    postion_redstage                         0x2000019c   Data           4  postion_control.o(.data)
    delaytime                                0x200001ae   Data           2  delay.o(.data)
    unlock_register                          0x200001b0   Data           5  imu.o(.data)
    reset_z_axis                             0x200001b5   Data           5  imu.o(.data)
    set_output_200Hz                         0x200001ba   Data           5  imu.o(.data)
    set_baudrate_115200                      0x200001bf   Data           5  imu.o(.data)
    save_settings                            0x200001c4   Data           5  imu.o(.data)
    restart_device                           0x200001c9   Data           5  imu.o(.data)
    mpu_flash                                0x200001cf   Data           1  imu.o(.data)
    length                                   0x200001d0   Data           4  qr_code.o(.data)
    i                                        0x200001d4   Data           4  qr_code.o(.data)
    raw_idx                                  0x200001d8   Data           1  qr_code.o(.data)
    raw_total                                0x200001dc   Data           4  qr_code.o(.data)
    TheNumber                                0x200001e0   Data           4  qr_code.o(.data)
    first_code                               0x200001e4   Data           4  qr_code.o(.data)
    second_code                              0x200001e8   Data           4  qr_code.o(.data)
    x_zhong                                  0x200001ec   Data           4  circe.o(.data)
    y_zhong                                  0x200001f0   Data           4  circe.o(.data)
    change_x                                 0x200001f4   Data           4  circe.o(.data)
    change_y                                 0x200001f8   Data           4  circe.o(.data)
    change_x_yuanpanji                       0x200001fc   Data           4  circe.o(.data)
    change_y_yuanpanji                       0x20000200   Data           4  circe.o(.data)
    USART6_stage                             0x20000210   Data           4  circe.o(.data)
    COLOR_DATA                               0x20000218   Data           4  circe.o(.data)
    rData                                    0x2000021c   Data           4  go-m8010-6.o(.data)
    m8010_tx_buf                             0x20000220   Data          17  go-m8010-6.o(.data)
    m8010_rx_len                             0x20000231   Data           1  go-m8010-6.o(.data)
    lenth                                    0x20000232   Data           1  go-m8010-6.o(.data)
    M8010_real_postion                       0x20000234   Data           4  go-m8010-6.o(.data)
    M8010_init_postion                       0x20000238   Data           4  go-m8010-6.o(.data)
    m8010_hight_bit                          0x2000023c   Data           1  go-m8010-6.o(.data)
    m8010_low_bit                            0x2000023d   Data           1  go-m8010-6.o(.data)
    uwTick                                   0x20000244   Data           4  stm32f7xx_hal.o(.data)
    uwTickPrio                               0x20000248   Data           4  stm32f7xx_hal.o(.data)
    uwTickFreq                               0x2000024c   Data           1  stm32f7xx_hal.o(.data)
    pxCurrentTCB                             0x20000250   Data           4  tasks.o(.data)
    main_task_Handle                         0x200002b0   Data           4  main_task.o(.data)
    Start_Task_Handle                        0x200002b4   Data           4  start_task.o(.data)
    motor_check                              0x200002b8   Data           2  chassis_control_task.o(.data)
    imu_w_c_output                           0x200002bc   Data           4  chassis_control_task.o(.data)
    Chassis_Control_Task_Handle              0x200002cc   Data           4  chassis_control_task.o(.data)
    __stdout                                 0x200002d4   Data           4  stdout.o(.data)
    htim3                                    0x20000534   Data          76  tim.o(.bss)
    htim4                                    0x20000580   Data          76  tim.o(.bss)
    htim6                                    0x200005cc   Data          76  tim.o(.bss)
    huart5                                   0x20000618   Data         132  usart.o(.bss)
    huart7                                   0x2000069c   Data         132  usart.o(.bss)
    huart8                                   0x20000720   Data         132  usart.o(.bss)
    huart1                                   0x200007a4   Data         132  usart.o(.bss)
    huart2                                   0x20000828   Data         132  usart.o(.bss)
    huart3                                   0x200008ac   Data         132  usart.o(.bss)
    huart6                                   0x20000930   Data         132  usart.o(.bss)
    hdma_uart7_rx                            0x200009b4   Data          96  usart.o(.bss)
    hdma_usart2_rx                           0x20000a14   Data          96  usart.o(.bss)
    hdma_usart3_rx                           0x20000a74   Data          96  usart.o(.bss)
    hdma_usart3_tx                           0x20000ad4   Data          96  usart.o(.bss)
    htim14                                   0x20000b34   Data          76  stm32f7xx_hal_timebase_tim.o(.bss)
    TIM7_Handler                             0x20000b80   Data          76  usmart.o(.bss)
    USART_RX_BUF                             0x20000bcc   Data         200  usmart_rec.o(.bss)
    GLOBAL_DATA                              0x20000cd0   Data          24  motor.o(.bss)
    car_setspeed                             0x20000ce8   Data          12  motor.o(.bss)
    inu_run                                  0x20000e74   Data          12  imu_control.o(.bss)
    inu_turn                                 0x20000e80   Data          12  imu_control.o(.bss)
    Gyro_Pid                                 0x20000e8c   Data          32  pid.o(.bss)
    pid_coordination                         0x20000eac   Data          32  pid.o(.bss)
    Pid_Circle_Positioning                   0x20000ecc   Data          32  pid.o(.bss)
    Z_POSTION                                0x20000f6c   Data          16  postion_control.o(.bss)
    Telescopic_POSTION                       0x20000f9c   Data          16  telescopic_boom.o(.bss)
    imu                                      0x2000102c   Data          12  imu.o(.bss)
    raw_buf                                  0x200010b8   Data          32  qr_code.o(.bss)
    one                                      0x200010d8   Data          12  qr_code.o(.bss)
    two                                      0x200010e4   Data          12  qr_code.o(.bss)
    pid_change_y                             0x200010fc   Data          32  circe.o(.bss)
    pid_change_x                             0x2000111c   Data          32  circe.o(.bss)
    USART6_readdata                          0x2000113c   Data         128  circe.o(.bss)
    USART6_senddata                          0x200011bc   Data         128  circe.o(.bss)
    cmd                                      0x20001260   Data          64  go-m8010-6.o(.bss)
    M8010                                    0x200012a0   Data          24  go-m8010-6.o(.bss)
    m8010_rx_buf                             0x200012b8   Data          20  go-m8010-6.o(.bss)
    car                                      0x20004fbc   Data          28  chassis_control_task.o(.bss)
    chassis_pid_y                            0x20004fd8   Data          32  chassis_control_task.o(.bss)
    chassis_pid_x                            0x20004ff8   Data          32  chassis_control_task.o(.bss)
    __initial_sp                             0x20005418   Data           0  startup_stm32f750xx.o(STACK)



==============================================================================

Memory Map of the image

  Image Entry point : 0x080001c9

  Load Region LR_IROM1 (Base: 0x08000000, Size: 0x00009648, Max: 0x00010000, ABSOLUTE, COMPRESSED[0x00009408])

    Execution Region ER_IROM1 (Exec base: 0x08000000, Load base: 0x08000000, Size: 0x00009370, Max: 0x00010000, ABSOLUTE)

    Exec Addr    Load Addr    Size         Type   Attr      Idx    E Section Name        Object

    0x08000000   0x08000000   0x000001c8   Data   RO          755    RESET               startup_stm32f750xx.o
    0x080001c8   0x080001c8   0x00000000   Code   RO         7730  * .ARM.Collect$$$$00000000  mc_w.l(entry.o)
    0x080001c8   0x080001c8   0x00000004   Code   RO         8028    .ARM.Collect$$$$00000001  mc_w.l(entry2.o)
    0x080001cc   0x080001cc   0x00000004   Code   RO         8031    .ARM.Collect$$$$00000004  mc_w.l(entry5.o)
    0x080001d0   0x080001d0   0x00000000   Code   RO         8033    .ARM.Collect$$$$00000008  mc_w.l(entry7b.o)
    0x080001d0   0x080001d0   0x00000000   Code   RO         8035    .ARM.Collect$$$$0000000A  mc_w.l(entry8b.o)
    0x080001d0   0x080001d0   0x00000008   Code   RO         8036    .ARM.Collect$$$$0000000B  mc_w.l(entry9a.o)
    0x080001d8   0x080001d8   0x00000000   Code   RO         8038    .ARM.Collect$$$$0000000D  mc_w.l(entry10a.o)
    0x080001d8   0x080001d8   0x00000000   Code   RO         8040    .ARM.Collect$$$$0000000F  mc_w.l(entry11a.o)
    0x080001d8   0x080001d8   0x00000004   Code   RO         8029    .ARM.Collect$$$$00002712  mc_w.l(entry2.o)
    0x080001dc   0x080001dc   0x000000c2   Code   RO         7174    .emb_text           port.o
    0x0800029e   0x0800029e   0x00000002   PAD
    0x080002a0   0x080002a0   0x00000024   Code   RO          756    .text               startup_stm32f750xx.o
    0x080002c4   0x080002c4   0x00000062   Code   RO         7733    .text               mc_w.l(uldiv.o)
    0x08000326   0x08000326   0x00000024   Code   RO         7735    .text               mc_w.l(memcpya.o)
    0x0800034a   0x0800034a   0x00000024   Code   RO         7739    .text               mc_w.l(memseta.o)
    0x0800036e   0x0800036e   0x0000014e   Code   RO         8006    .text               mf_w.l(dadd.o)
    0x080004bc   0x080004bc   0x000000e4   Code   RO         8008    .text               mf_w.l(dmul.o)
    0x080005a0   0x080005a0   0x000000de   Code   RO         8010    .text               mf_w.l(ddiv.o)
    0x0800067e   0x0800067e   0x00000022   Code   RO         8014    .text               mf_w.l(dflti.o)
    0x080006a0   0x080006a0   0x00000026   Code   RO         8020    .text               mf_w.l(f2d.o)
    0x080006c6   0x080006c6   0x00000002   PAD
    0x080006c8   0x080006c8   0x00000030   Code   RO         8022    .text               mf_w.l(cdcmple.o)
    0x080006f8   0x080006f8   0x00000030   Code   RO         8024    .text               mf_w.l(cdrcmple.o)
    0x08000728   0x08000728   0x00000038   Code   RO         8026    .text               mf_w.l(d2f.o)
    0x08000760   0x08000760   0x0000002c   Code   RO         8043    .text               mc_w.l(uidiv.o)
    0x0800078c   0x0800078c   0x0000001e   Code   RO         8045    .text               mc_w.l(llshl.o)
    0x080007aa   0x080007aa   0x00000020   Code   RO         8047    .text               mc_w.l(llushr.o)
    0x080007ca   0x080007ca   0x00000024   Code   RO         8049    .text               mc_w.l(llsshr.o)
    0x080007ee   0x080007ee   0x00000000   Code   RO         8051    .text               mc_w.l(iusefp.o)
    0x080007ee   0x080007ee   0x0000006e   Code   RO         8052    .text               mf_w.l(fepilogue.o)
    0x0800085c   0x0800085c   0x000000ba   Code   RO         8054    .text               mf_w.l(depilogue.o)
    0x08000916   0x08000916   0x00000030   Code   RO         8056    .text               mf_w.l(dfixul.o)
    0x08000946   0x08000946   0x00000002   PAD
    0x08000948   0x08000948   0x00000024   Code   RO         8058    .text               mc_w.l(init.o)
    0x0800096c   0x0800096c   0x00000056   Code   RO         8068    .text               mc_w.l(__dczerorl2.o)
    0x080009c2   0x080009c2   0x00000004   Code   RO          587    i.BusFault_Handler  stm32f7xx_it.o
    0x080009c6   0x080009c6   0x0000000e   Code   RO         7482    i.Chassis_Control_Task  chassis_control_task.o
    0x080009d4   0x080009d4   0x0000003c   Code   RO         7483    i.Chassis_Control_Task_Create  chassis_control_task.o
    0x08000a10   0x08000a10   0x00000010   Code   RO          588    i.DMA1_Stream1_IRQHandler  stm32f7xx_it.o
    0x08000a20   0x08000a20   0x00000010   Code   RO          589    i.DMA1_Stream3_IRQHandler  stm32f7xx_it.o
    0x08000a30   0x08000a30   0x00000010   Code   RO          590    i.DMA1_Stream4_IRQHandler  stm32f7xx_it.o
    0x08000a40   0x08000a40   0x00000010   Code   RO          591    i.DMA1_Stream5_IRQHandler  stm32f7xx_it.o
    0x08000a50   0x08000a50   0x00000034   Code   RO         3266    i.DMA_CalcBaseAndBitshift  stm32f7xx_hal_dma.o
    0x08000a84   0x08000a84   0x000000aa   Code   RO         3267    i.DMA_CheckFifoParam  stm32f7xx_hal_dma.o
    0x08000b2e   0x08000b2e   0x0000002c   Code   RO         3268    i.DMA_SetConfig     stm32f7xx_hal_dma.o
    0x08000b5a   0x08000b5a   0x00000002   Code   RO          592    i.DebugMon_Handler  stm32f7xx_it.o
    0x08000b5c   0x08000b5c   0x00000020   Code   RO         2075    i.Delay_Init        delay.o
    0x08000b7c   0x08000b7c   0x00000018   Code   RO         2076    i.Delay_ms          delay.o
    0x08000b94   0x08000b94   0x0000007c   Code   RO         1740    i.Direction_Calibration_turn  imu_control.o
    0x08000c10   0x08000c10   0x00000006   Code   RO            4    i.Error_Handler     main.o
    0x08000c16   0x08000c16   0x00000002   PAD
    0x08000c18   0x08000c18   0x00000030   Code   RO         1741    i.Gyro_Init         imu_control.o
    0x08000c48   0x08000c48   0x000000ac   Code   RO         3269    i.HAL_DMA_Abort     stm32f7xx_hal_dma.o
    0x08000cf4   0x08000cf4   0x00000028   Code   RO         3270    i.HAL_DMA_Abort_IT  stm32f7xx_hal_dma.o
    0x08000d1c   0x08000d1c   0x00000006   Code   RO         3272    i.HAL_DMA_GetError  stm32f7xx_hal_dma.o
    0x08000d22   0x08000d22   0x00000002   PAD
    0x08000d24   0x08000d24   0x00000240   Code   RO         3274    i.HAL_DMA_IRQHandler  stm32f7xx_hal_dma.o
    0x08000f64   0x08000f64   0x000000ec   Code   RO         3275    i.HAL_DMA_Init      stm32f7xx_hal_dma.o
    0x08001050   0x08001050   0x0000009e   Code   RO         3279    i.HAL_DMA_Start_IT  stm32f7xx_hal_dma.o
    0x080010ee   0x080010ee   0x00000002   PAD
    0x080010f0   0x080010f0   0x00000044   Code   RO         3635    i.HAL_DeInit        stm32f7xx_hal.o
    0x08001134   0x08001134   0x0000020c   Code   RO         3203    i.HAL_GPIO_Init     stm32f7xx_hal_gpio.o
    0x08001340   0x08001340   0x0000000c   Code   RO         3207    i.HAL_GPIO_WritePin  stm32f7xx_hal_gpio.o
    0x0800134c   0x0800134c   0x0000000c   Code   RO         3644    i.HAL_GetTick       stm32f7xx_hal.o
    0x08001358   0x08001358   0x00000018   Code   RO         3650    i.HAL_IncTick       stm32f7xx_hal.o
    0x08001370   0x08001370   0x00000028   Code   RO         3651    i.HAL_Init          stm32f7xx_hal.o
    0x08001398   0x08001398   0x00000088   Code   RO          717    i.HAL_InitTick      stm32f7xx_hal_timebase_tim.o
    0x08001420   0x08001420   0x00000002   Code   RO         3653    i.HAL_MspDeInit     stm32f7xx_hal.o
    0x08001422   0x08001422   0x00000002   PAD
    0x08001424   0x08001424   0x0000004c   Code   RO          693    i.HAL_MspInit       stm32f7xx_hal_msp.o
    0x08001470   0x08001470   0x00000020   Code   RO         2676    i.HAL_NVIC_EnableIRQ  stm32f7xx_hal_cortex.o
    0x08001490   0x08001490   0x0000007c   Code   RO         2682    i.HAL_NVIC_SetPriority  stm32f7xx_hal_cortex.o
    0x0800150c   0x0800150c   0x00000028   Code   RO         2683    i.HAL_NVIC_SetPriorityGrouping  stm32f7xx_hal_cortex.o
    0x08001534   0x08001534   0x00000090   Code   RO         3543    i.HAL_PWREx_EnableOverDrive  stm32f7xx_hal_pwr_ex.o
    0x080015c4   0x080015c4   0x000006e4   Code   RO         2919    i.HAL_RCCEx_PeriphCLKConfig  stm32f7xx_hal_rcc_ex.o
    0x08001ca8   0x08001ca8   0x00000194   Code   RO         2812    i.HAL_RCC_ClockConfig  stm32f7xx_hal_rcc.o
    0x08001e3c   0x08001e3c   0x00000044   Code   RO         2816    i.HAL_RCC_GetClockConfig  stm32f7xx_hal_rcc.o
    0x08001e80   0x08001e80   0x0000000c   Code   RO         2817    i.HAL_RCC_GetHCLKFreq  stm32f7xx_hal_rcc.o
    0x08001e8c   0x08001e8c   0x00000020   Code   RO         2819    i.HAL_RCC_GetPCLK1Freq  stm32f7xx_hal_rcc.o
    0x08001eac   0x08001eac   0x00000020   Code   RO         2820    i.HAL_RCC_GetPCLK2Freq  stm32f7xx_hal_rcc.o
    0x08001ecc   0x08001ecc   0x000000b0   Code   RO         2821    i.HAL_RCC_GetSysClockFreq  stm32f7xx_hal_rcc.o
    0x08001f7c   0x08001f7c   0x00000504   Code   RO         2824    i.HAL_RCC_OscConfig  stm32f7xx_hal_rcc.o
    0x08002480   0x08002480   0x00000002   Code   RO         5130    i.HAL_TIMEx_Break2Callback  stm32f7xx_hal_tim_ex.o
    0x08002482   0x08002482   0x00000002   Code   RO         5131    i.HAL_TIMEx_BreakCallback  stm32f7xx_hal_tim_ex.o
    0x08002484   0x08002484   0x00000002   Code   RO         5132    i.HAL_TIMEx_CommutCallback  stm32f7xx_hal_tim_ex.o
    0x08002486   0x08002486   0x00000002   PAD
    0x08002488   0x08002488   0x000000cc   Code   RO         5151    i.HAL_TIMEx_MasterConfigSynchronization  stm32f7xx_hal_tim_ex.o
    0x08002554   0x08002554   0x0000006e   Code   RO         4405    i.HAL_TIM_Base_Init  stm32f7xx_hal_tim.o
    0x080025c2   0x080025c2   0x00000002   PAD
    0x080025c4   0x080025c4   0x00000044   Code   RO          432    i.HAL_TIM_Base_MspInit  tim.o
    0x08002608   0x08002608   0x000000a8   Code   RO         4408    i.HAL_TIM_Base_Start  stm32f7xx_hal_tim.o
    0x080026b0   0x080026b0   0x000000b4   Code   RO         4410    i.HAL_TIM_Base_Start_IT  stm32f7xx_hal_tim.o
    0x08002764   0x08002764   0x00000002   Code   RO         4439    i.HAL_TIM_IC_CaptureCallback  stm32f7xx_hal_tim.o
    0x08002766   0x08002766   0x000001b8   Code   RO         4453    i.HAL_TIM_IRQHandler  stm32f7xx_hal_tim.o
    0x0800291e   0x0800291e   0x00000002   PAD
    0x08002920   0x08002920   0x000000a8   Code   RO          433    i.HAL_TIM_MspPostInit  tim.o
    0x080029c8   0x080029c8   0x00000002   Code   RO         4456    i.HAL_TIM_OC_DelayElapsedCallback  stm32f7xx_hal_tim.o
    0x080029ca   0x080029ca   0x00000170   Code   RO         4477    i.HAL_TIM_PWM_ConfigChannel  stm32f7xx_hal_tim.o
    0x08002b3a   0x08002b3a   0x0000006e   Code   RO         4480    i.HAL_TIM_PWM_Init  stm32f7xx_hal_tim.o
    0x08002ba8   0x08002ba8   0x00000058   Code   RO          435    i.HAL_TIM_PWM_MspInit  tim.o
    0x08002c00   0x08002c00   0x00000002   Code   RO         4483    i.HAL_TIM_PWM_PulseFinishedCallback  stm32f7xx_hal_tim.o
    0x08002c02   0x08002c02   0x00000002   PAD
    0x08002c04   0x08002c04   0x00000144   Code   RO         4485    i.HAL_TIM_PWM_Start  stm32f7xx_hal_tim.o
    0x08002d48   0x08002d48   0x00000040   Code   RO            5    i.HAL_TIM_PeriodElapsedCallback  main.o
    0x08002d88   0x08002d88   0x00000002   Code   RO         4496    i.HAL_TIM_TriggerCallback  stm32f7xx_hal_tim.o
    0x08002d8a   0x08002d8a   0x00000070   Code   RO         5809    i.HAL_UARTEx_ReceiveToIdle_DMA  stm32f7xx_hal_uart_ex.o
    0x08002dfa   0x08002dfa   0x00000002   PAD
    0x08002dfc   0x08002dfc   0x0000002c   Code   RO         7709    i.HAL_UARTEx_RxEventCallback  mynvic.o
    0x08002e28   0x08002e28   0x000000b4   Code   RO         5430    i.HAL_UART_DMAStop  stm32f7xx_hal_uart.o
    0x08002edc   0x08002edc   0x00000002   Code   RO         5434    i.HAL_UART_ErrorCallback  stm32f7xx_hal_uart.o
    0x08002ede   0x08002ede   0x00000002   PAD
    0x08002ee0   0x08002ee0   0x00000328   Code   RO         5437    i.HAL_UART_IRQHandler  stm32f7xx_hal_uart.o
    0x08003208   0x08003208   0x00000074   Code   RO         5438    i.HAL_UART_Init     stm32f7xx_hal_uart.o
    0x0800327c   0x0800327c   0x000004c4   Code   RO          504    i.HAL_UART_MspInit  usart.o
    0x08003740   0x08003740   0x00000064   Code   RO         5442    i.HAL_UART_Receive_DMA  stm32f7xx_hal_uart.o
    0x080037a4   0x080037a4   0x00000002   Code   RO         5445    i.HAL_UART_RxCpltCallback  stm32f7xx_hal_uart.o
    0x080037a6   0x080037a6   0x00000002   Code   RO         5446    i.HAL_UART_RxHalfCpltCallback  stm32f7xx_hal_uart.o
    0x080037a8   0x080037a8   0x000000d2   Code   RO         5447    i.HAL_UART_Transmit  stm32f7xx_hal_uart.o
    0x0800387a   0x0800387a   0x00000002   PAD
    0x0800387c   0x0800387c   0x000000c8   Code   RO         5448    i.HAL_UART_Transmit_DMA  stm32f7xx_hal_uart.o
    0x08003944   0x08003944   0x00000002   Code   RO         5450    i.HAL_UART_TxCpltCallback  stm32f7xx_hal_uart.o
    0x08003946   0x08003946   0x00000002   Code   RO         5451    i.HAL_UART_TxHalfCpltCallback  stm32f7xx_hal_uart.o
    0x08003948   0x08003948   0x00000004   Code   RO          593    i.HardFault_Handler  stm32f7xx_it.o
    0x0800394c   0x0800394c   0x0000002c   Code   RO         2185    i.Imu_setZero       imu.o
    0x08003978   0x08003978   0x00000034   Code   RO         7458    i.Init_Task_Create  init_task.o
    0x080039ac   0x080039ac   0x00000088   Code   RO         1559    i.MOTOR_FINISHFLAGEXAM  motor.o
    0x08003a34   0x08003a34   0x000000a0   Code   RO         1560    i.MOTOR_Init        motor.o
    0x08003ad4   0x08003ad4   0x00000064   Code   RO          407    i.MX_DMA_Init       dma.o
    0x08003b38   0x08003b38   0x0000002c   Code   RO          329    i.MX_FREERTOS_Init  freertos.o
    0x08003b64   0x08003b64   0x0000011c   Code   RO          302    i.MX_GPIO_Init      gpio.o
    0x08003c80   0x08003c80   0x00000080   Code   RO          436    i.MX_TIM3_Init      tim.o
    0x08003d00   0x08003d00   0x00000090   Code   RO          437    i.MX_TIM4_Init      tim.o
    0x08003d90   0x08003d90   0x0000004c   Code   RO          438    i.MX_TIM6_Init      tim.o
    0x08003ddc   0x08003ddc   0x00000040   Code   RO          505    i.MX_UART5_Init     usart.o
    0x08003e1c   0x08003e1c   0x00000040   Code   RO          506    i.MX_UART7_Init     usart.o
    0x08003e5c   0x08003e5c   0x00000044   Code   RO          507    i.MX_UART8_Init     usart.o
    0x08003ea0   0x08003ea0   0x00000040   Code   RO          508    i.MX_USART1_UART_Init  usart.o
    0x08003ee0   0x08003ee0   0x00000040   Code   RO          509    i.MX_USART2_UART_Init  usart.o
    0x08003f20   0x08003f20   0x00000040   Code   RO          510    i.MX_USART3_UART_Init  usart.o
    0x08003f60   0x08003f60   0x00000040   Code   RO          511    i.MX_USART6_UART_Init  usart.o
    0x08003fa0   0x08003fa0   0x0000001c   Code   RO         1561    i.MY_UART3_IRQHandler  motor.o
    0x08003fbc   0x08003fbc   0x00000030   Code   RO         1895    i.MY_UART7_IRQHandler  postion_control.o
    0x08003fec   0x08003fec   0x00000010   Code   RO         7259    i.Main_Task         main_task.o
    0x08003ffc   0x08003ffc   0x00000030   Code   RO         7260    i.Main_Task_create  main_task.o
    0x0800402c   0x0800402c   0x00000004   Code   RO          594    i.MemManage_Handler  stm32f7xx_it.o
    0x08004030   0x08004030   0x000000a8   Code   RO         1562    i.Motor_Action_Calculate_actual  motor.o
    0x080040d8   0x080040d8   0x00000050   Code   RO         1563    i.Motor_Action_Calculate_target  motor.o
    0x08004128   0x08004128   0x00000114   Code   RO         1568    i.Motor_Send_Speed_together  motor.o
    0x0800423c   0x0800423c   0x00000036   Code   RO         1569    i.Motor_SetZero     motor.o
    0x08004272   0x08004272   0x00000002   PAD
    0x08004274   0x08004274   0x00000068   Code   RO         1572    i.Motor_setspeed    motor.o
    0x080042dc   0x080042dc   0x00000098   Code   RO         1513    i.Move_To_Target_area  motor_control.o
    0x08004374   0x08004374   0x00000004   Code   RO          595    i.NMI_Handler       stm32f7xx_it.o
    0x08004378   0x08004378   0x000000be   Code   RO         1817    i.PID_Compute       pid.o
    0x08004436   0x08004436   0x00000002   PAD
    0x08004438   0x08004438   0x00000040   Code   RO         1819    i.PID_Init          pid.o
    0x08004478   0x08004478   0x0000011c   Code   RO         7264    i.Route_Test        main_task.o
    0x08004594   0x08004594   0x0000002c   Code   RO         7486    i.Set_chassis_able  chassis_control_task.o
    0x080045c0   0x080045c0   0x0000000a   Code   RO          330    i.StartDefaultTask  freertos.o
    0x080045ca   0x080045ca   0x00000002   PAD
    0x080045cc   0x080045cc   0x00000020   Code   RO         7388    i.Start_Task        start_task.o
    0x080045ec   0x080045ec   0x0000002c   Code   RO         7389    i.Start_Task_Create  start_task.o
    0x08004618   0x08004618   0x00000038   Code   RO         7175    i.SysTick_Handler   port.o
    0x08004650   0x08004650   0x000000dc   Code   RO            6    i.SystemClock_Config  main.o
    0x0800472c   0x0800472c   0x00000014   Code   RO          764    i.SystemInit        system_stm32f7xx.o
    0x08004740   0x08004740   0x00000010   Code   RO          596    i.TIM6_DAC_IRQHandler  stm32f7xx_it.o
    0x08004750   0x08004750   0x00000044   Code   RO         1268    i.TIM7_IRQHandler   usmart.o
    0x08004794   0x08004794   0x00000010   Code   RO          597    i.TIM8_TRG_COM_TIM14_IRQHandler  stm32f7xx_it.o
    0x080047a4   0x080047a4   0x000000d8   Code   RO         4498    i.TIM_Base_SetConfig  stm32f7xx_hal_tim.o
    0x0800487c   0x0800487c   0x00000022   Code   RO         4499    i.TIM_CCxChannelCmd  stm32f7xx_hal_tim.o
    0x0800489e   0x0800489e   0x00000002   PAD
    0x080048a0   0x080048a0   0x00000074   Code   RO         4511    i.TIM_OC1_SetConfig  stm32f7xx_hal_tim.o
    0x08004914   0x08004914   0x00000080   Code   RO         4512    i.TIM_OC2_SetConfig  stm32f7xx_hal_tim.o
    0x08004994   0x08004994   0x0000007c   Code   RO         4513    i.TIM_OC3_SetConfig  stm32f7xx_hal_tim.o
    0x08004a10   0x08004a10   0x00000058   Code   RO         4514    i.TIM_OC4_SetConfig  stm32f7xx_hal_tim.o
    0x08004a68   0x08004a68   0x00000050   Code   RO         4515    i.TIM_OC5_SetConfig  stm32f7xx_hal_tim.o
    0x08004ab8   0x08004ab8   0x00000054   Code   RO         4516    i.TIM_OC6_SetConfig  stm32f7xx_hal_tim.o
    0x08004b0c   0x08004b0c   0x0000005c   Code   RO         1269    i.Timer7_Init       usmart.o
    0x08004b68   0x08004b68   0x00000038   Code   RO         2189    i.U2_send           imu.o
    0x08004ba0   0x08004ba0   0x00000052   Code   RO         1575    i.U3_data_processing  motor.o
    0x08004bf2   0x08004bf2   0x00000002   PAD
    0x08004bf4   0x08004bf4   0x0000020c   Code   RO         1576    i.U3_process_single_frame  motor.o
    0x08004e00   0x08004e00   0x00000184   Code   RO         2267    i.UART5_IRQHandler  qr_code.o
    0x08004f84   0x08004f84   0x00000010   Code   RO          598    i.UART7_IRQHandler  stm32f7xx_it.o
    0x08004f94   0x08004f94   0x0000010c   Code   RO         2477    i.UART8_IRQHandler  go-m8010-6.o
    0x080050a0   0x080050a0   0x000000f8   Code   RO         5452    i.UART_AdvFeatureConfig  stm32f7xx_hal_uart.o
    0x08005198   0x08005198   0x0000004c   Code   RO         5453    i.UART_CheckIdleState  stm32f7xx_hal_uart.o
    0x080051e4   0x080051e4   0x00000018   Code   RO         5454    i.UART_DMAAbortOnError  stm32f7xx_hal_uart.o
    0x080051fc   0x080051fc   0x0000005a   Code   RO         5455    i.UART_DMAError     stm32f7xx_hal_uart.o
    0x08005256   0x08005256   0x000000a8   Code   RO         5456    i.UART_DMAReceiveCplt  stm32f7xx_hal_uart.o
    0x080052fe   0x080052fe   0x00000022   Code   RO         5458    i.UART_DMARxHalfCplt  stm32f7xx_hal_uart.o
    0x08005320   0x08005320   0x00000054   Code   RO         5460    i.UART_DMATransmitCplt  stm32f7xx_hal_uart.o
    0x08005374   0x08005374   0x0000000e   Code   RO         5462    i.UART_DMATxHalfCplt  stm32f7xx_hal_uart.o
    0x08005382   0x08005382   0x00000064   Code   RO         5464    i.UART_EndRxTransfer  stm32f7xx_hal_uart.o
    0x080053e6   0x080053e6   0x0000002e   Code   RO         5465    i.UART_EndTransmit_IT  stm32f7xx_hal_uart.o
    0x08005414   0x08005414   0x00000020   Code   RO         5466    i.UART_EndTxTransfer  stm32f7xx_hal_uart.o
    0x08005434   0x08005434   0x0000033c   Code   RO         5469    i.UART_SetConfig    stm32f7xx_hal_uart.o
    0x08005770   0x08005770   0x000000d4   Code   RO         5470    i.UART_Start_Receive_DMA  stm32f7xx_hal_uart.o
    0x08005844   0x08005844   0x000000f8   Code   RO         5474    i.UART_WaitOnFlagUntilTimeout  stm32f7xx_hal_uart.o
    0x0800593c   0x0800593c   0x0000008c   Code   RO         1396    i.USART1_IRQHandler  usmart_rec.o
    0x080059c8   0x080059c8   0x00000148   Code   RO         2190    i.USART2_IRQHandler  imu.o
    0x08005b10   0x08005b10   0x00000010   Code   RO          599    i.USART3_IRQHandler  stm32f7xx_it.o
    0x08005b20   0x08005b20   0x00000074   Code   RO         2346    i.USART6_IRQHandler  circe.o
    0x08005b94   0x08005b94   0x00000004   Code   RO          600    i.UsageFault_Handler  stm32f7xx_it.o
    0x08005b98   0x08005b98   0x00000020   Code   RO         7978    i.__0printf         mc_w.l(printfa.o)
    0x08005bb8   0x08005bb8   0x00000010   Code   RO         2689    i.__NVIC_GetPriorityGrouping  stm32f7xx_hal_cortex.o
    0x08005bc8   0x08005bc8   0x00000028   Code   RO         2690    i.__NVIC_SetPriority  stm32f7xx_hal_cortex.o
    0x08005bf0   0x08005bf0   0x0000000e   Code   RO         8062    i.__scatterload_copy  mc_w.l(handlers.o)
    0x08005bfe   0x08005bfe   0x00000002   Code   RO         8063    i.__scatterload_null  mc_w.l(handlers.o)
    0x08005c00   0x08005c00   0x0000000e   Code   RO         8064    i.__scatterload_zeroinit  mc_w.l(handlers.o)
    0x08005c0e   0x08005c0e   0x00000002   PAD
    0x08005c10   0x08005c10   0x00000184   Code   RO         7985    i._fp_digits        mc_w.l(printfa.o)
    0x08005d94   0x08005d94   0x000006dc   Code   RO         7986    i._printf_core      mc_w.l(printfa.o)
    0x08006470   0x08006470   0x00000024   Code   RO         7987    i._printf_post_padding  mc_w.l(printfa.o)
    0x08006494   0x08006494   0x0000002e   Code   RO         7988    i._printf_pre_padding  mc_w.l(printfa.o)
    0x080064c2   0x080064c2   0x00000002   PAD
    0x080064c4   0x080064c4   0x00000320   Code   RO         7487    i.chassis_control   chassis_control_task.o
    0x080067e4   0x080067e4   0x0000008c   Code   RO         7488    i.chassis_control_init  chassis_control_task.o
    0x08006870   0x08006870   0x00000058   Code   RO         7489    i.check             chassis_control_task.o
    0x080068c8   0x080068c8   0x000000a0   Code   RO         2348    i.circle_color_data_deal  circe.o
    0x08006968   0x08006968   0x00000028   Code   RO         2478    i.crc_ccitt         go-m8010-6.o
    0x08006990   0x08006990   0x00000018   Code   RO         2479    i.crc_ccitt_byte    go-m8010-6.o
    0x080069a8   0x080069a8   0x0000001c   Code   RO          512    i.fputc             usart.o
    0x080069c4   0x080069c4   0x00000028   Code   RO         2191    i.imu_receive_init  imu.o
    0x080069ec   0x080069ec   0x00000048   Code   RO            7    i.main              main.o
    0x08006a34   0x08006a34   0x0000000e   Code   RO         6734    i.makeFreeRtosPriority  cmsis_os.o
    0x08006a42   0x08006a42   0x0000001e   Code   RO         1578    i.motor_read_coordination  motor.o
    0x08006a60   0x08006a60   0x0000001c   Code   RO         1514    i.motor_read_coordination_all  motor_control.o
    0x08006a7c   0x08006a7c   0x00000098   Code   RO         1744    i.normalize_angle   imu_control.o
    0x08006b14   0x08006b14   0x00000018   Code   RO         6736    i.osDelay           cmsis_os.o
    0x08006b2c   0x08006b2c   0x0000000a   Code   RO         6739    i.osKernelStart     cmsis_os.o
    0x08006b36   0x08006b36   0x0000005e   Code   RO         6773    i.osThreadCreate    cmsis_os.o
    0x08006b94   0x08006b94   0x00000074   Code   RO         1903    i.postion_send      postion_control.o
    0x08006c08   0x08006c08   0x000000a4   Code   RO         6372    i.prvAddCurrentTaskToDelayedList  tasks.o
    0x08006cac   0x08006cac   0x000000b8   Code   RO         6373    i.prvAddNewTaskToReadyList  tasks.o
    0x08006d64   0x08006d64   0x00000048   Code   RO         6374    i.prvCheckTasksWaitingTermination  tasks.o
    0x08006dac   0x08006dac   0x00000054   Code   RO         6375    i.prvDeleteTCB      tasks.o
    0x08006e00   0x08006e00   0x0000007c   Code   RO         7113    i.prvHeapInit       heap_4.o
    0x08006e7c   0x08006e7c   0x00000028   Code   RO         6376    i.prvIdleTask       tasks.o
    0x08006ea4   0x08006ea4   0x000000c6   Code   RO         6377    i.prvInitialiseNewTask  tasks.o
    0x08006f6a   0x08006f6a   0x00000002   PAD
    0x08006f6c   0x08006f6c   0x00000068   Code   RO         6378    i.prvInitialiseTaskLists  tasks.o
    0x08006fd4   0x08006fd4   0x00000068   Code   RO         7114    i.prvInsertBlockIntoFreeList  heap_4.o
    0x0800703c   0x0800703c   0x00000034   Code   RO         6380    i.prvResetNextTaskUnblockTime  tasks.o
    0x08007070   0x08007070   0x00000048   Code   RO         7176    i.prvTaskExitError  port.o
    0x080070b8   0x080070b8   0x0000005c   Code   RO         6382    i.prvTaskIsTaskSuspended  tasks.o
    0x08007114   0x08007114   0x00000148   Code   RO         7115    i.pvPortMalloc      heap_4.o
    0x0800725c   0x0800725c   0x0000002c   Code   RO         7177    i.pxPortInitialiseStack  port.o
    0x08007288   0x08007288   0x00000006   Code   RO         1270    i.read_addr         usmart.o
    0x0800728e   0x0800728e   0x00000002   PAD
    0x08007290   0x08007290   0x0000004c   Code   RO         1582    i.send_speed_data_switch  motor.o
    0x080072dc   0x080072dc   0x0000006c   Code   RO         2350    i.u6_data_process   circe.o
    0x08007348   0x08007348   0x00000054   Code   RO         1904    i.u7RXdat_dispose   postion_control.o
    0x0800739c   0x0800739c   0x0000004c   Code   RO         1905    i.u7RXdat_dispose_1  postion_control.o
    0x080073e8   0x080073e8   0x0000001a   Code   RO         2192    i.uart2WriteBuf     imu.o
    0x08007402   0x08007402   0x00000002   PAD
    0x08007404   0x08007404   0x00000018   Code   RO         1583    i.uart3WriteBuf     motor.o
    0x0800741c   0x0800741c   0x0000001c   Code   RO         1907    i.uart7WriteBuf     postion_control.o
    0x08007438   0x08007438   0x000000b0   Code   RO         1271    i.usmart_cmd_rec    usmart.o
    0x080074e8   0x080074e8   0x000002d4   Code   RO         1272    i.usmart_exe        usmart.o
    0x080077bc   0x080077bc   0x000000d4   Code   RO         1427    i.usmart_get_aparm  usmart_str.o
    0x08007890   0x08007890   0x00000036   Code   RO         1428    i.usmart_get_cmdname  usmart_str.o
    0x080078c6   0x080078c6   0x00000002   PAD
    0x080078c8   0x080078c8   0x000001c0   Code   RO         1429    i.usmart_get_fname  usmart_str.o
    0x08007a88   0x08007a88   0x0000010c   Code   RO         1430    i.usmart_get_fparam  usmart_str.o
    0x08007b94   0x08007b94   0x00000020   Code   RO         1431    i.usmart_get_parmpos  usmart_str.o
    0x08007bb4   0x08007bb4   0x00000044   Code   RO         1273    i.usmart_get_runtime  usmart.o
    0x08007bf8   0x08007bf8   0x0000003c   Code   RO         1274    i.usmart_init       usmart.o
    0x08007c34   0x08007c34   0x00000016   Code   RO         1432    i.usmart_pow        usmart_str.o
    0x08007c4a   0x08007c4a   0x00000002   PAD
    0x08007c4c   0x08007c4c   0x00000034   Code   RO         1275    i.usmart_reset_runtime  usmart.o
    0x08007c80   0x08007c80   0x000000bc   Code   RO         1276    i.usmart_scan       usmart.o
    0x08007d3c   0x08007d3c   0x00000016   Code   RO         1433    i.usmart_search_nextc  usmart_str.o
    0x08007d52   0x08007d52   0x00000106   Code   RO         1434    i.usmart_str2num    usmart_str.o
    0x08007e58   0x08007e58   0x00000022   Code   RO         1435    i.usmart_strcmp     usmart_str.o
    0x08007e7a   0x08007e7a   0x00000016   Code   RO         1436    i.usmart_strcopy    usmart_str.o
    0x08007e90   0x08007e90   0x00000018   Code   RO         1437    i.usmart_strlen     usmart_str.o
    0x08007ea8   0x08007ea8   0x000006f4   Code   RO         1277    i.usmart_sys_cmd_exe  usmart.o
    0x0800859c   0x0800859c   0x00000028   Code   RO         5967    i.uxListRemove      list.o
    0x080085c4   0x080085c4   0x00000018   Code   RO          331    i.vApplicationGetIdleTaskMemory  freertos.o
    0x080085dc   0x080085dc   0x0000001a   Code   RO         5968    i.vListInitialise   list.o
    0x080085f6   0x080085f6   0x00000006   Code   RO         5969    i.vListInitialiseItem  list.o
    0x080085fc   0x080085fc   0x00000034   Code   RO         5970    i.vListInsert       list.o
    0x08008630   0x08008630   0x00000018   Code   RO         5971    i.vListInsertEnd    list.o
    0x08008648   0x08008648   0x0000005c   Code   RO         7179    i.vPortEnterCritical  port.o
    0x080086a4   0x080086a4   0x00000040   Code   RO         7180    i.vPortExitCritical  port.o
    0x080086e4   0x080086e4   0x0000009c   Code   RO         7116    i.vPortFree         heap_4.o
    0x08008780   0x08008780   0x00000028   Code   RO         7181    i.vPortSetupTimerInterrupt  port.o
    0x080087a8   0x080087a8   0x00000060   Code   RO         6391    i.vTaskDelay        tasks.o
    0x08008808   0x08008808   0x000000f8   Code   RO         6392    i.vTaskDelete       tasks.o
    0x08008900   0x08008900   0x00000094   Code   RO         6403    i.vTaskResume       tasks.o
    0x08008994   0x08008994   0x000000b8   Code   RO         6406    i.vTaskStartScheduler  tasks.o
    0x08008a4c   0x08008a4c   0x000000f8   Code   RO         6407    i.vTaskSuspend      tasks.o
    0x08008b44   0x08008b44   0x00000010   Code   RO         6408    i.vTaskSuspendAll   tasks.o
    0x08008b54   0x08008b54   0x00000090   Code   RO         6409    i.vTaskSwitchContext  tasks.o
    0x08008be4   0x08008be4   0x00000004   Code   RO         1278    i.write_addr        usmart.o
    0x08008be8   0x08008be8   0x00000114   Code   RO         7183    i.xPortStartScheduler  port.o
    0x08008cfc   0x08008cfc   0x00000064   Code   RO         6412    i.xTaskCreate       tasks.o
    0x08008d60   0x08008d60   0x000000c6   Code   RO         6413    i.xTaskCreateStatic  tasks.o
    0x08008e26   0x08008e26   0x00000002   PAD
    0x08008e28   0x08008e28   0x0000014c   Code   RO         6420    i.xTaskIncrementTick  tasks.o
    0x08008f74   0x08008f74   0x00000108   Code   RO         6426    i.xTaskResumeAll    tasks.o
    0x0800907c   0x0800907c   0x0000001c   Data   RO          333    .constdata          freertos.o
    0x08009098   0x08009098   0x00000018   Data   RO          765    .constdata          system_stm32f7xx.o
    0x080090b0   0x080090b0   0x00000200   Data   RO         2483    .constdata          go-m8010-6.o
    0x080092b0   0x080092b0   0x00000008   Data   RO         3281    .constdata          stm32f7xx_hal_dma.o
    0x080092b8   0x080092b8   0x0000000c   Data   RO          334    .conststring        freertos.o
    0x080092c4   0x080092c4   0x00000028   Data   RO         1280    .conststring        usmart.o
    0x080092ec   0x080092ec   0x00000064   Data   RO         1371    .conststring        usmart_config.o
    0x08009350   0x08009350   0x00000020   Data   RO         8060    Region$$Table       anon$$obj.o


    Execution Region RW_IRAM1 (Exec base: 0x20000000, Load base: 0x08009370, Size: 0x00005418, Max: 0x00050000, ABSOLUTE, COMPRESSED[0x00000098])

    Exec Addr    Load Addr    Size         Type   Attr      Idx    E Section Name        Object

    0x20000000   COMPRESSED   0x00000004   Data   RW          335    .data               freertos.o
    0x20000004   COMPRESSED   0x00000004   Data   RW          766    .data               system_stm32f7xx.o
    0x20000008   COMPRESSED   0x0000001c   Data   RW         1281    .data               usmart.o
    0x20000024   COMPRESSED   0x0000010c   Data   RW         1372    .data               usmart_config.o
    0x20000130   COMPRESSED   0x00000003   Data   RW         1398    .data               usmart_rec.o
    0x20000133   COMPRESSED   0x00000001   PAD
    0x20000134   COMPRESSED   0x00000059   Data   RW         1585    .data               motor.o
    0x2000018d   COMPRESSED   0x00000003   PAD
    0x20000190   COMPRESSED   0x00000008   Data   RW         1746    .data               imu_control.o
    0x20000198   COMPRESSED   0x00000015   Data   RW         1909    .data               postion_control.o
    0x200001ad   COMPRESSED   0x00000001   PAD
    0x200001ae   COMPRESSED   0x00000002   Data   RW         2077    .data               delay.o
    0x200001b0   COMPRESSED   0x00000020   Data   RW         2194    .data               imu.o
    0x200001d0   COMPRESSED   0x0000001c   Data   RW         2270    .data               qr_code.o
    0x200001ec   COMPRESSED   0x00000030   Data   RW         2353    .data               circe.o
    0x2000021c   COMPRESSED   0x00000028   Data   RW         2484    .data               go-m8010-6.o
    0x20000244   COMPRESSED   0x00000009   Data   RW         3658    .data               stm32f7xx_hal.o
    0x2000024d   COMPRESSED   0x00000003   PAD
    0x20000250   COMPRESSED   0x0000003c   Data   RW         6429    .data               tasks.o
    0x2000028c   COMPRESSED   0x00000018   Data   RW         7121    .data               heap_4.o
    0x200002a4   COMPRESSED   0x0000000c   Data   RW         7184    .data               port.o
    0x200002b0   COMPRESSED   0x00000004   Data   RW         7269    .data               main_task.o
    0x200002b4   COMPRESSED   0x00000004   Data   RW         7390    .data               start_task.o
    0x200002b8   COMPRESSED   0x0000001a   Data   RW         7491    .data               chassis_control_task.o
    0x200002d2   COMPRESSED   0x00000002   PAD
    0x200002d4   COMPRESSED   0x00000004   Data   RW         8042    .data               mc_w.l(stdout.o)
    0x200002d8        -       0x0000025c   Zero   RW          332    .bss                freertos.o
    0x20000534        -       0x000000e4   Zero   RW          439    .bss                tim.o
    0x20000618        -       0x0000051c   Zero   RW          513    .bss                usart.o
    0x20000b34        -       0x0000004c   Zero   RW          720    .bss                stm32f7xx_hal_timebase_tim.o
    0x20000b80        -       0x0000004c   Zero   RW         1279    .bss                usmart.o
    0x20000bcc        -       0x000000c8   Zero   RW         1397    .bss                usmart_rec.o
    0x20000c94        -       0x000001e0   Zero   RW         1584    .bss                motor.o
    0x20000e74        -       0x00000018   Zero   RW         1745    .bss                imu_control.o
    0x20000e8c        -       0x00000060   Zero   RW         1822    .bss                pid.o
    0x20000eec        -       0x00000090   Zero   RW         1908    .bss                postion_control.o
    0x20000f7c        -       0x00000030   Zero   RW         2119    .bss                telescopic_boom.o
    0x20000fac        -       0x0000008c   Zero   RW         2193    .bss                imu.o
    0x20001038        -       0x000000b8   Zero   RW         2269    .bss                qr_code.o
    0x200010f0        -       0x0000014c   Zero   RW         2352    .bss                circe.o
    0x2000123c   COMPRESSED   0x00000004   PAD
    0x20001240        -       0x0000008c   Zero   RW         2482    .bss                go-m8010-6.o
    0x200012cc        -       0x000000f0   Zero   RW         6428    .bss                tasks.o
    0x200013bc        -       0x00003c00   Zero   RW         7120    .bss                heap_4.o
    0x20004fbc        -       0x0000005c   Zero   RW         7490    .bss                chassis_control_task.o
    0x20005018        -       0x00000400   Zero   RW          753    STACK               startup_stm32f750xx.o


==============================================================================

Image component sizes


      Code (inc. data)   RO Data    RW Data    ZI Data      Debug   Object Name

         0          0          0          0          0     667116   catch.o
      1146        140          0         26         92       5082   chassis_control_task.o
       384         78          0         48        332       3179   circe.o
       142          0          0          0          0      23227   cmsis_os.o
        56         10          0          2          0       1556   delay.o
       100          4          0          0          0        822   dma.o
         0          0          0          0          0      15880   event_groups.o
        78         20         40          4        604       7398   freertos.o
       332         36        512         40        140       4127   go-m8010-6.o
       284         16          0          0          0       1103   gpio.o
       712         62          0         24      15360       7499   heap_4.o
       494         88          0         32        140       4575   imu.o
       324         56          0          8         24       2693   imu_control.o
        52         10          0          0          0        523   init_task.o
       148          0          0          0          0       3678   list.o
       362         26          0          0          0     877708   main.o
       348         60          0          4          0       1802   main_task.o
      1742        190          0         89        480      11913   motor.o
       180         18          0          0          0       1520   motor_control.o
        44         10          0          0          0       1033   mynvic.o
       254         10          0          0         96       2184   pid.o
       838         72          0         12          0      11200   port.o
       352         38          0         21        144       4524   postion_control.o
       388         48          0         28        184       2241   qr_code.o
        76         26          0          4          0       1313   start_task.o
        36          8        456          0       1024        824   startup_stm32f750xx.o
       146         24          0          9          0       8975   stm32f7xx_hal.o
       252         22          0          0          0      38758   stm32f7xx_hal_cortex.o
      1454         16          8          0          0       7825   stm32f7xx_hal_dma.o
       536         52          0          0          0       2196   stm32f7xx_hal_gpio.o
        76          6          0          0          0        890   stm32f7xx_hal_msp.o
       144          8          0          0          0       1308   stm32f7xx_hal_pwr_ex.o
      2008         86          0          0          0       6385   stm32f7xx_hal_rcc.o
      1764         18          0          0          0       2236   stm32f7xx_hal_rcc_ex.o
      2578        226          0          0          0      14659   stm32f7xx_hal_tim.o
       210         30          0          0          0       3188   stm32f7xx_hal_tim_ex.o
       136         18          0          0         76       1520   stm32f7xx_hal_timebase_tim.o
      3828        102          0          0          0      21095   stm32f7xx_hal_uart.o
       112          0          0          0          0       1347   stm32f7xx_hal_uart_ex.o
       150         48          0          0          0       7110   stm32f7xx_it.o
        20          6         24          4          0       1187   system_stm32f7xx.o
      2968        370          0         60        240      24608   tasks.o
         0          0          0          0         48        281   telescopic_boom.o
       672         72          0          0        228       4416   tim.o
      1700        146          0          0       1308       7009   usart.o
      3218       1358         40         28         76      10007   usmart.o
         0          0        100        268          0       1528   usmart_config.o
       140         12          0          3        200       1262   usmart_rec.o
      1400         20          0          0          0       9145   usmart_str.o

    ----------------------------------------------------------------------
     32430       3666       1212        724      20800    1841655   Object Totals
         0          0         32          0          0          0   (incl. Generated)
        46          0          0         10          4          0   (incl. Padding)

    ----------------------------------------------------------------------

      Code (inc. data)   RO Data    RW Data    ZI Data      Debug   Library Member Name

        86          0          0          0          0          0   __dczerorl2.o
         0          0          0          0          0          0   entry.o
         0          0          0          0          0          0   entry10a.o
         0          0          0          0          0          0   entry11a.o
         8          4          0          0          0          0   entry2.o
         4          0          0          0          0          0   entry5.o
         0          0          0          0          0          0   entry7b.o
         0          0          0          0          0          0   entry8b.o
         8          4          0          0          0          0   entry9a.o
        30          0          0          0          0          0   handlers.o
        36          8          0          0          0         68   init.o
         0          0          0          0          0          0   iusefp.o
        30          0          0          0          0         68   llshl.o
        36          0          0          0          0         68   llsshr.o
        32          0          0          0          0         68   llushr.o
        36          0          0          0          0         68   memcpya.o
        36          0          0          0          0        108   memseta.o
      2258         90          0          0          0        452   printfa.o
         0          0          0          4          0          0   stdout.o
        44          0          0          0          0         80   uidiv.o
        98          0          0          0          0         92   uldiv.o
        48          0          0          0          0         68   cdcmple.o
        48          0          0          0          0         68   cdrcmple.o
        56          0          0          0          0         88   d2f.o
       334          0          0          0          0        148   dadd.o
       222          0          0          0          0        100   ddiv.o
       186          0          0          0          0        176   depilogue.o
        48          0          0          0          0         68   dfixul.o
        34          0          0          0          0         76   dflti.o
       228          0          0          0          0         96   dmul.o
        38          0          0          0          0         68   f2d.o
       110          0          0          0          0        168   fepilogue.o

    ----------------------------------------------------------------------
      4102        106          0          4          0       2196   Library Totals
         8          0          0          0          0          0   (incl. Padding)

    ----------------------------------------------------------------------

      Code (inc. data)   RO Data    RW Data    ZI Data      Debug   Library Name

      2742        106          0          4          0       1072   mc_w.l
      1352          0          0          0          0       1124   mf_w.l

    ----------------------------------------------------------------------
      4102        106          0          4          0       2196   Library Totals

    ----------------------------------------------------------------------

==============================================================================


      Code (inc. data)   RO Data    RW Data    ZI Data      Debug   

     36532       3772       1212        728      20800    1820543   Grand Totals
     36532       3772       1212        152      20800    1820543   ELF Image Totals (compressed)
     36532       3772       1212        152          0          0   ROM Totals

==============================================================================

    Total RO  Size (Code + RO Data)                37744 (  36.86kB)
    Total RW  Size (RW Data + ZI Data)             21528 (  21.02kB)
    Total ROM Size (Code + RO Data + RW Data)      37896 (  37.01kB)

==============================================================================

