<html>
<body>
<pre>
<h1>µVision Build Log</h1>
<h2>Tool Versions:</h2>
IDE-Version: ¦ÌVision V5.40.0.0
Copyright (C) 2024 ARM Ltd and ARM Germany GmbH. All rights reserved.
License Information: 1 LuoXue, 1, LIC=QF82M-XGVQ8-566Q2-9A1QM-5AINQ-ZID08
 
Tool Versions:
Toolchain:       MDK-ARM Plus  Version: 5.40.0.3
Toolchain Path:  D:\Keil5_MDK\ARM\ARMCC\Bin
C Compiler:      Armcc.exe V5.06 update 6 (build 750)
Assembler:       Armasm.exe V5.06 update 6 (build 750)
Linker/Locator:  ArmLink.exe V5.06 update 6 (build 750)
Library Manager: ArmAr.exe V5.06 update 6 (build 750)
Hex Converter:   FromElf.exe V5.06 update 6 (build 750)
CPU DLL:         SARMCM3.DLL V5.40.0.3
Dialog DLL:      DCM.DLL V1.17.5.0
Target DLL:      CMSIS_AGDI.dll V1.33.18.0
Dialog DLL:      TCM.DLL V1.56.4.0
 
<h2>Project:</h2>
C:\Users\LuoXue\Desktop\Robot Project\2024gongxun - 5ci\MDK-ARM\MDK.uvprojx
Project File Date:  03/06/2026

<h2>Output:</h2>
*** Using Compiler 'V5.06 update 6 (build 750)', folder: 'D:\Keil5_MDK\ARM\ARMCC\Bin'
Build target 'MDK'
compiling main_task.c...
..\task\main_task.c(124): warning:  #177-D: function "Chassis_Test_Run_With_Imu"  was declared but never referenced
  static void Chassis_Test_Run_With_Imu(float vy, float vx, float target_angle, uint32_t run_time_ms)
..\task\main_task.c(141): warning:  #177-D: function "Chassis_Test_Rotate_With_Imu"  was declared but never referenced
  static void Chassis_Test_Rotate_With_Imu(float target_angle, uint32_t timeout_ms)
..\task\main_task.c(165): warning:  #177-D: function "Claw_Test_Demo"  was declared but never referenced
  static void Claw_Test_Demo(void)
..\task\main_task.c(191): warning:  #177-D: function "Motor3_Frame_Test"  was declared but never referenced
  static void Motor3_Frame_Test(uint8_t repeat_times, uint32_t wait_time_ms)
..\task\main_task.c(203): warning:  #177-D: function "Motor1_Only_Test"  was declared but never referenced
  static void Motor1_Only_Test(int16_t speed, uint32_t duration_ms)
..\task\main_task.c(307): warning:  #177-D: function "M8010_Joint_Test"  was declared but never referenced
  static void M8010_Joint_Test(void)
..\task\main_task.c(339): warning:  #177-D: function "QR_Code_Test"  was declared but never referenced
  static void QR_Code_Test(void)
..\task\main_task.c(365): warning:  #177-D: function "Route_Test"  was declared but never referenced
  static void Route_Test(void)
..\task\main_task.c: 8 warnings, 0 errors
linking...
Program Size: Code=36312 RO-data=1212 RW-data=720 ZI-data=20800  
FromELF: creating hex file...
"MDK\MDK.axf" - 0 Error(s), 8 Warning(s).

<h2>Software Packages used:</h2>

Package Vendor: ARM
                https://www.keil.com/pack/ARM.CMSIS.6.1.0.pack
                ARM::CMSIS@6.1.0
                CMSIS (Common Microcontroller Software Interface Standard)
   * Component: CORE Version: 6.1.0

Package Vendor: Keil
                https://www.keil.com/pack/Keil.STM32F7xx_DFP.3.1.1.pack
                Keil::STM32F7xx_DFP@3.1.1
                STMicroelectronics STM32F7 Series Device Support

<h2>Collection of Component include folders:</h2>
  ./RTE/_MDK
  D:/Keil5_Pack/ARM/CMSIS/6.1.0/CMSIS/Core/Include

<h2>Collection of Component Files used:</h2>

   * Component: ARM::CMSIS:CORE@6.1.0
      Include file:  CMSIS/Core/Include/tz_context.h
Build Time Elapsed:  00:00:05
</pre>
</body>
</html>
